reduce2d/small_64x64-serial_f64/sum_axis0
                        time:   [1.5947 µs 1.5960 µs 1.5974 µs]
reduce2d/small_64x64-serial_f64/sum_axis1
                        time:   [1.8183 µs 1.8187 µs 1.8192 µs]
reduce2d/small_64x64-serial_f64/sum_all
                        time:   [371.48 ns 371.53 ns 371.58 ns]
reduce2d/medium_512x512-serial_f64/sum_axis0
                        time:   [27.996 µs 28.095 µs 28.184 µs]
reduce2d/medium_512x512-serial_f64/sum_axis1
                        time:   [20.809 µs 20.838 µs 20.867 µs]
reduce2d/medium_512x512-serial_f64/sum_all
                        time:   [15.307 µs 15.348 µs 15.389 µs]
reduce2d/medium_512x512-serial_f64/min_axis0
                        time:   [32.698 µs 32.704 µs 32.711 µs]
reduce2d/medium_512x512-serial_f64/max_axis0
                        time:   [34.515 µs 34.521 µs 34.528 µs]
reduce2d/large_2048x2048-serial_f64/sum_axis0
                        time:   [1.2756 ms 1.2766 ms 1.2777 ms]
reduce2d/large_2048x2048-serial_f64/sum_axis1
                        time:   [431.68 µs 432.87 µs 434.15 µs]
reduce2d/large_2048x2048-serial_f64/sum_all
                        time:   [398.13 µs 398.61 µs 399.14 µs]
reduce2d/large_2048x2048-serial_f64/min_axis0
                        time:   [1.4578 ms 1.4594 ms 1.4614 ms]
reduce2d/large_2048x2048-serial_f64/max_axis0
                        time:   [1.4464 ms 1.4486 ms 1.4509 ms]
reduce2d/odd_1000x777-serial_f64/sum_axis0
                        time:   [89.149 µs 89.296 µs 89.419 µs]
reduce2d/odd_1000x777-serial_f64/sum_axis1
                        time:   [57.269 µs 57.330 µs 57.448 µs]
reduce2d/odd_1000x777-serial_f64/sum_all
                        time:   [48.871 µs 49.014 µs 49.149 µs]
reduce2d/small_64x64-faer16_f64/sum_axis0
                        time:   [12.322 µs 12.333 µs 12.344 µs]
reduce2d/small_64x64-faer16_f64/sum_axis1
                        time:   [20.372 µs 20.384 µs 20.395 µs]
reduce2d/small_64x64-faer16_f64/sum_all
                        time:   [6.1321 µs 6.2185 µs 6.3063 µs]
reduce2d/medium_512x512-faer16_f64/sum_axis0
                        time:   [37.550 µs 38.971 µs 40.539 µs]
reduce2d/medium_512x512-faer16_f64/sum_axis1
                        time:   [43.569 µs 43.602 µs 43.635 µs]
reduce2d/medium_512x512-faer16_f64/sum_all
                        time:   [16.229 µs 16.241 µs 16.253 µs]
reduce2d/medium_512x512-faer16_f64/min_axis0
                        time:   [37.033 µs 39.075 µs 41.068 µs]
reduce2d/medium_512x512-faer16_f64/max_axis0
                        time:   [38.375 µs 40.505 µs 42.888 µs]
reduce2d/large_2048x2048-faer16_f64/sum_axis0
                        time:   [277.94 µs 281.98 µs 286.19 µs]
reduce2d/large_2048x2048-faer16_f64/sum_axis1
                        time:   [92.209 µs 92.453 µs 92.756 µs]
reduce2d/large_2048x2048-faer16_f64/sum_all
                        time:   [54.172 µs 54.222 µs 54.273 µs]
reduce2d/large_2048x2048-faer16_f64/min_axis0
                        time:   [343.38 µs 348.88 µs 354.45 µs]
reduce2d/large_2048x2048-faer16_f64/max_axis0
                        time:   [335.00 µs 339.63 µs 344.07 µs]
reduce2d/odd_1000x777-faer16_f64/sum_axis0
                        time:   [87.322 µs 93.733 µs 100.61 µs]
reduce2d/odd_1000x777-faer16_f64/sum_axis1
                        time:   [57.072 µs 57.118 µs 57.165 µs]
reduce2d/odd_1000x777-faer16_f64/sum_all
                        time:   [24.428 µs 24.445 µs 24.463 µs]
reduce1d/large_1e7-serial_f64/sum_all
                        time:   [1.1475 ms 1.1485 ms 1.1495 ms]
reduce1d/large_1e7-serial_f64/min_all
                        time:   [1.1749 ms 1.1758 ms 1.1768 ms]
reduce1d/large_1e7-serial_f64/max_all
                        time:   [1.1752 ms 1.1763 ms 1.1777 ms]
reduce1d/large_1e7-faer16_f64/sum_all
                        time:   [146.68 µs 147.69 µs 148.74 µs]
reduce1d/large_1e7-faer16_f64/min_all
                        time:   [148.46 µs 149.57 µs 150.68 µs]
reduce1d/large_1e7-faer16_f64/max_all
                        time:   [143.56 µs 144.25 µs 145.13 µs]
reduce2d_f32/large_2048x2048-serial_f32/sum_axis0
                        time:   [413.18 µs 413.36 µs 413.58 µs]
reduce2d_f32/large_2048x2048-serial_f32/sum_axis1
                        time:   [251.88 µs 251.92 µs 251.96 µs]
reduce2d_f32/large_2048x2048-serial_f32/sum_all
                        time:   [239.37 µs 239.47 µs 239.61 µs]
reduce2d_f32/large_2048x2048-serial_f32/min_axis0
                        time:   [437.18 µs 437.35 µs 437.51 µs]
reduce2d_f32/large_2048x2048-faer16_f32/sum_axis0
                        time:   [99.834 µs 100.93 µs 101.96 µs]
reduce2d_f32/large_2048x2048-faer16_f32/sum_axis1
                        time:   [82.370 µs 82.498 µs 82.682 µs]
reduce2d_f32/large_1e7-serial_f32/sum_all
                        time:   [702.72 µs 703.31 µs 703.99 µs]
