reduce2d/small_64x64-serial_f64/sum_axis0
                        time:   [1.5716 µs 1.5725 µs 1.5733 µs]
reduce2d/small_64x64-serial_f64/sum_axis1
                        time:   [1.7849 µs 1.7858 µs 1.7870 µs]
reduce2d/small_64x64-serial_f64/sum_all
                        time:   [375.52 ns 376.20 ns 377.02 ns]
reduce2d/medium_512x512-serial_f64/sum_axis0
                        time:   [42.493 µs 42.505 µs 42.518 µs]
reduce2d/medium_512x512-serial_f64/sum_axis1
                        time:   [21.326 µs 21.359 µs 21.392 µs]
reduce2d/medium_512x512-serial_f64/sum_all
                        time:   [15.531 µs 15.572 µs 15.611 µs]
reduce2d/medium_512x512-serial_f64/min_axis0
                        time:   [45.860 µs 45.867 µs 45.875 µs]
reduce2d/medium_512x512-serial_f64/max_axis0
                        time:   [45.793 µs 45.846 µs 45.920 µs]
reduce2d/large_2048x2048-serial_f64/sum_axis0
                        time:   [1.7379 ms 1.7394 ms 1.7413 ms]
reduce2d/large_2048x2048-serial_f64/sum_axis1
                        time:   [417.84 µs 418.56 µs 419.37 µs]
reduce2d/large_2048x2048-serial_f64/sum_all
                        time:   [392.59 µs 393.92 µs 395.24 µs]
reduce2d/large_2048x2048-serial_f64/min_axis0
                        time:   [1.9658 ms 1.9726 ms 1.9798 ms]
reduce2d/large_2048x2048-serial_f64/max_axis0
                        time:   [1.9969 ms 2.0040 ms 2.0111 ms]
reduce2d/odd_1000x777-serial_f64/sum_axis0
                        time:   [120.48 µs 120.66 µs 120.87 µs]
reduce2d/odd_1000x777-serial_f64/sum_axis1
                        time:   [58.160 µs 58.250 µs 58.326 µs]
reduce2d/odd_1000x777-serial_f64/sum_all
                        time:   [48.838 µs 48.846 µs 48.854 µs]
reduce2d/small_64x64-faer16_f64/sum_axis0
                        time:   [12.346 µs 12.357 µs 12.367 µs]
reduce2d/small_64x64-faer16_f64/sum_axis1
                        time:   [20.550 µs 20.563 µs 20.579 µs]
reduce2d/small_64x64-faer16_f64/sum_all
                        time:   [6.5669 µs 6.6282 µs 6.6819 µs]
reduce2d/medium_512x512-faer16_f64/sum_axis0
                        time:   [59.478 µs 61.456 µs 63.133 µs]
reduce2d/medium_512x512-faer16_f64/sum_axis1
                        time:   [43.536 µs 43.567 µs 43.600 µs]
reduce2d/medium_512x512-faer16_f64/sum_all
                        time:   [16.516 µs 16.526 µs 16.536 µs]
reduce2d/medium_512x512-faer16_f64/min_axis0
                        time:   [48.570 µs 50.650 µs 52.430 µs]
reduce2d/medium_512x512-faer16_f64/max_axis0
                        time:   [35.232 µs 36.927 µs 38.698 µs]
reduce2d/large_2048x2048-faer16_f64/sum_axis0
                        time:   [290.16 µs 295.09 µs 299.74 µs]
reduce2d/large_2048x2048-faer16_f64/sum_axis1
                        time:   [91.947 µs 92.062 µs 92.180 µs]
reduce2d/large_2048x2048-faer16_f64/sum_all
                        time:   [53.722 µs 53.785 µs 53.854 µs]
reduce2d/large_2048x2048-faer16_f64/min_axis0
                        time:   [289.91 µs 293.61 µs 297.06 µs]
reduce2d/large_2048x2048-faer16_f64/max_axis0
                        time:   [231.08 µs 239.89 µs 249.79 µs]
reduce2d/odd_1000x777-faer16_f64/sum_axis0
                        time:   [75.535 µs 78.828 µs 82.358 µs]
reduce2d/odd_1000x777-faer16_f64/sum_axis1
                        time:   [56.966 µs 57.019 µs 57.074 µs]
reduce2d/odd_1000x777-faer16_f64/sum_all
                        time:   [24.641 µs 24.656 µs 24.671 µs]
reduce1d/large_1e7-serial_f64/sum_all
                        time:   [1.1466 ms 1.1482 ms 1.1503 ms]
reduce1d/large_1e7-serial_f64/min_all
                        time:   [9.8116 ms 9.8176 ms 9.8238 ms]
reduce1d/large_1e7-serial_f64/max_all
                        time:   [9.8682 ms 9.8798 ms 9.8917 ms]
reduce1d/large_1e7-faer16_f64/sum_all
                        time:   [145.46 µs 146.23 µs 147.10 µs]
reduce1d/large_1e7-faer16_f64/min_all
                        time:   [356.59 µs 358.74 µs 361.14 µs]
reduce1d/large_1e7-faer16_f64/max_all
                        time:   [357.05 µs 360.36 µs 363.88 µs]
reduce2d_f32/large_2048x2048-serial_f32/sum_axis0
                        time:   [402.24 µs 402.58 µs 403.05 µs]
reduce2d_f32/large_2048x2048-serial_f32/sum_axis1
                        time:   [250.43 µs 250.48 µs 250.53 µs]
reduce2d_f32/large_2048x2048-serial_f32/sum_all
                        time:   [237.84 µs 237.88 µs 237.93 µs]
reduce2d_f32/large_2048x2048-serial_f32/min_axis0
                        time:   [477.97 µs 478.38 µs 478.84 µs]
reduce2d_f32/large_2048x2048-faer16_f32/sum_axis0
                        time:   [88.940 µs 90.539 µs 92.054 µs]
reduce2d_f32/large_2048x2048-faer16_f32/sum_axis1
                        time:   [82.703 µs 82.788 µs 82.876 µs]
reduce2d_f32/large_1e7-serial_f32/sum_all
                        time:   [704.57 µs 705.04 µs 705.55 µs]
