reduce2d/small_64x64-serial_f64/sum_axis0
                        time:   [1.5445 µs 1.5454 µs 1.5463 µs]
reduce2d/small_64x64-serial_f64/sum_axis1
                        time:   [1.8142 µs 1.8146 µs 1.8151 µs]
reduce2d/small_64x64-serial_f64/sum_all
                        time:   [369.94 ns 370.01 ns 370.11 ns]
reduce2d/medium_512x512-serial_f64/sum_axis0
                        time:   [28.964 µs 29.039 µs 29.126 µs]
reduce2d/medium_512x512-serial_f64/sum_axis1
                        time:   [20.704 µs 20.741 µs 20.777 µs]
reduce2d/medium_512x512-serial_f64/sum_all
                        time:   [15.180 µs 15.193 µs 15.206 µs]
reduce2d/medium_512x512-serial_f64/min_axis0
                        time:   [36.983 µs 36.988 µs 36.995 µs]
reduce2d/medium_512x512-serial_f64/max_axis0
                        time:   [36.916 µs 36.921 µs 36.927 µs]
reduce2d/large_2048x2048-serial_f64/sum_axis0
                        time:   [1.1731 ms 1.1737 ms 1.1744 ms]
reduce2d/large_2048x2048-serial_f64/sum_axis1
                        time:   [425.38 µs 426.29 µs 427.38 µs]
reduce2d/large_2048x2048-serial_f64/sum_all
                        time:   [396.84 µs 398.64 µs 400.63 µs]
reduce2d/large_2048x2048-serial_f64/min_axis0
                        time:   [1.6152 ms 1.6208 ms 1.6255 ms]
reduce2d/large_2048x2048-serial_f64/max_axis0
                        time:   [1.6306 ms 1.6319 ms 1.6335 ms]
reduce2d/odd_1000x777-serial_f64/sum_axis0
                        time:   [94.342 µs 94.413 µs 94.478 µs]
reduce2d/odd_1000x777-serial_f64/sum_axis1
                        time:   [58.053 µs 58.069 µs 58.085 µs]
reduce2d/odd_1000x777-serial_f64/sum_all
                        time:   [47.433 µs 47.440 µs 47.447 µs]
reduce2d/small_64x64-faer16_f64/sum_axis0
                        time:   [12.388 µs 12.398 µs 12.409 µs]
reduce2d/small_64x64-faer16_f64/sum_axis1
                        time:   [20.433 µs 20.451 µs 20.470 µs]
reduce2d/small_64x64-faer16_f64/sum_all
                        time:   [5.8452 µs 6.0619 µs 6.2651 µs]
reduce2d/medium_512x512-faer16_f64/sum_axis0
                        time:   [48.080 µs 50.096 µs 51.844 µs]
reduce2d/medium_512x512-faer16_f64/sum_axis1
                        time:   [43.506 µs 43.537 µs 43.571 µs]
reduce2d/medium_512x512-faer16_f64/sum_all
                        time:   [16.182 µs 16.194 µs 16.207 µs]
reduce2d/medium_512x512-faer16_f64/min_axis0
                        time:   [60.182 µs 61.687 µs 63.040 µs]
reduce2d/medium_512x512-faer16_f64/max_axis0
                        time:   [58.656 µs 59.222 µs 59.781 µs]
reduce2d/large_2048x2048-faer16_f64/sum_axis0
                        time:   [316.66 µs 322.84 µs 328.74 µs]
reduce2d/large_2048x2048-faer16_f64/sum_axis1
                        time:   [93.156 µs 93.329 µs 93.518 µs]
reduce2d/large_2048x2048-faer16_f64/sum_all
                        time:   [54.643 µs 54.699 µs 54.754 µs]
reduce2d/large_2048x2048-faer16_f64/min_axis0
                        time:   [277.74 µs 283.86 µs 290.19 µs]
reduce2d/large_2048x2048-faer16_f64/max_axis0
                        time:   [284.37 µs 289.60 µs 294.48 µs]
reduce2d/odd_1000x777-faer16_f64/sum_axis0
                        time:   [83.163 µs 85.686 µs 88.338 µs]
reduce2d/odd_1000x777-faer16_f64/sum_axis1
                        time:   [56.841 µs 57.042 µs 57.254 µs]
reduce2d/odd_1000x777-faer16_f64/sum_all
                        time:   [24.347 µs 24.364 µs 24.382 µs]
reduce1d/large_1e7-serial_f64/sum_all
                        time:   [1.1612 ms 1.1750 ms 1.1913 ms]
reduce1d/large_1e7-serial_f64/min_all
                        time:   [9.8281 ms 9.8341 ms 9.8403 ms]
reduce1d/large_1e7-serial_f64/max_all
                        time:   [9.8071 ms 9.8147 ms 9.8241 ms]
reduce1d/large_1e7-faer16_f64/sum_all
                        time:   [146.20 µs 146.74 µs 147.37 µs]
reduce1d/large_1e7-faer16_f64/min_all
                        time:   [351.64 µs 353.16 µs 354.76 µs]
reduce1d/large_1e7-faer16_f64/max_all
                        time:   [355.84 µs 357.98 µs 360.16 µs]
reduce2d_f32/large_2048x2048-serial_f32/sum_axis0
                        time:   [419.18 µs 419.42 µs 419.64 µs]
reduce2d_f32/large_2048x2048-serial_f32/sum_axis1
                        time:   [251.95 µs 252.00 µs 252.05 µs]
reduce2d_f32/large_2048x2048-serial_f32/sum_all
                        time:   [239.82 µs 239.86 µs 239.91 µs]
reduce2d_f32/large_2048x2048-serial_f32/min_axis0
                        time:   [464.43 µs 464.56 µs 464.71 µs]
reduce2d_f32/large_2048x2048-faer16_f32/sum_axis0
                        time:   [84.836 µs 85.892 µs 87.001 µs]
reduce2d_f32/large_2048x2048-faer16_f32/sum_axis1
                        time:   [82.989 µs 83.060 µs 83.132 µs]
reduce2d_f32/large_1e7-serial_f32/sum_all
                        time:   [703.56 µs 704.14 µs 704.85 µs]
