reduce2d/small_64x64-serial_f64/sum_axis0
                        time:   [1.5715 µs 1.5725 µs 1.5735 µs]
reduce2d/small_64x64-serial_f64/sum_axis1
                        time:   [1.8057 µs 1.8071 µs 1.8087 µs]
reduce2d/small_64x64-serial_f64/sum_all
                        time:   [369.57 ns 369.61 ns 369.65 ns]
reduce2d/medium_512x512-serial_f64/sum_axis0
                        time:   [29.308 µs 29.352 µs 29.413 µs]
reduce2d/medium_512x512-serial_f64/sum_axis1
                        time:   [20.588 µs 20.594 µs 20.600 µs]
reduce2d/medium_512x512-serial_f64/sum_all
                        time:   [15.147 µs 15.153 µs 15.161 µs]
reduce2d/medium_512x512-serial_f64/min_axis0
                        time:   [34.519 µs 34.524 µs 34.529 µs]
reduce2d/medium_512x512-serial_f64/max_axis0
                        time:   [34.481 µs 34.490 µs 34.499 µs]
reduce2d/large_2048x2048-serial_f64/sum_axis0
                        time:   [1.2127 ms 1.2144 ms 1.2163 ms]
reduce2d/large_2048x2048-serial_f64/sum_axis1
                        time:   [427.78 µs 429.03 µs 430.49 µs]
reduce2d/large_2048x2048-serial_f64/sum_all
                        time:   [394.62 µs 395.33 µs 396.18 µs]
reduce2d/large_2048x2048-serial_f64/min_axis0
                        time:   [1.3659 ms 1.3670 ms 1.3683 ms]
reduce2d/large_2048x2048-serial_f64/max_axis0
                        time:   [1.3641 ms 1.3653 ms 1.3669 ms]
reduce2d/odd_1000x777-serial_f64/sum_axis0
                        time:   [67.873 µs 67.922 µs 67.990 µs]
reduce2d/odd_1000x777-serial_f64/sum_axis1
                        time:   [56.741 µs 56.801 µs 56.864 µs]
reduce2d/odd_1000x777-serial_f64/sum_all
                        time:   [47.162 µs 47.169 µs 47.177 µs]
reduce2d/small_64x64-faer16_f64/sum_axis0
                        time:   [12.364 µs 12.386 µs 12.404 µs]
reduce2d/small_64x64-faer16_f64/sum_axis1
                        time:   [20.622 µs 20.633 µs 20.644 µs]
reduce2d/small_64x64-faer16_f64/sum_all
                        time:   [6.4916 µs 6.5627 µs 6.6272 µs]
reduce2d/medium_512x512-faer16_f64/sum_axis0
                        time:   [51.858 µs 54.181 µs 56.260 µs]
reduce2d/medium_512x512-faer16_f64/sum_axis1
                        time:   [43.666 µs 43.699 µs 43.734 µs]
reduce2d/medium_512x512-faer16_f64/sum_all
                        time:   [16.253 µs 16.265 µs 16.277 µs]
reduce2d/medium_512x512-faer16_f64/min_axis0
                        time:   [58.168 µs 60.591 µs 62.878 µs]
reduce2d/medium_512x512-faer16_f64/max_axis0
                        time:   [44.388 µs 46.248 µs 48.227 µs]
reduce2d/large_2048x2048-faer16_f64/sum_axis0
                        time:   [316.97 µs 322.55 µs 328.27 µs]
reduce2d/large_2048x2048-faer16_f64/sum_axis1
                        time:   [91.566 µs 91.689 µs 91.837 µs]
reduce2d/large_2048x2048-faer16_f64/sum_all
                        time:   [54.224 µs 54.288 µs 54.357 µs]
reduce2d/large_2048x2048-faer16_f64/min_axis0
                        time:   [329.71 µs 333.96 µs 338.10 µs]
reduce2d/large_2048x2048-faer16_f64/max_axis0
                        time:   [329.71 µs 334.58 µs 339.13 µs]
reduce2d/odd_1000x777-faer16_f64/sum_axis0
                        time:   [87.472 µs 94.602 µs 101.77 µs]
reduce2d/odd_1000x777-faer16_f64/sum_axis1
                        time:   [56.944 µs 56.992 µs 57.038 µs]
reduce2d/odd_1000x777-faer16_f64/sum_all
                        time:   [24.326 µs 24.343 µs 24.358 µs]
reduce1d/large_1e7-serial_f64/sum_all
                        time:   [1.1483 ms 1.1494 ms 1.1506 ms]
reduce1d/large_1e7-serial_f64/min_all
                        time:   [1.1761 ms 1.1769 ms 1.1779 ms]
reduce1d/large_1e7-serial_f64/max_all
                        time:   [1.1801 ms 1.1814 ms 1.1829 ms]
reduce1d/large_1e7-faer16_f64/sum_all
                        time:   [143.47 µs 144.23 µs 145.12 µs]
reduce1d/large_1e7-faer16_f64/min_all
                        time:   [147.63 µs 148.20 µs 148.91 µs]
reduce1d/large_1e7-faer16_f64/max_all
                        time:   [145.64 µs 146.32 µs 147.28 µs]
reduce2d_f32/large_2048x2048-serial_f32/sum_axis0
                        time:   [427.19 µs 427.39 µs 427.62 µs]
reduce2d_f32/large_2048x2048-serial_f32/sum_axis1
                        time:   [254.53 µs 254.57 µs 254.61 µs]
reduce2d_f32/large_2048x2048-serial_f32/sum_all
                        time:   [240.63 µs 240.67 µs 240.72 µs]
reduce2d_f32/large_2048x2048-serial_f32/min_axis0
                        time:   [448.51 µs 448.82 µs 449.18 µs]
reduce2d_f32/large_2048x2048-faer16_f32/sum_axis0
                        time:   [99.705 µs 100.49 µs 101.28 µs]
reduce2d_f32/large_2048x2048-faer16_f32/sum_axis1
                        time:   [82.448 µs 82.518 µs 82.588 µs]
reduce2d_f32/large_1e7-serial_f32/sum_all
                        time:   [703.76 µs 704.11 µs 704.49 µs]
