   Compiling rstsr-native-impl v0.8.0 (/home/a/rstsr_pack/rstsr/rstsr-native-impl)
   Compiling rstsr-core v0.8.0 (/home/a/rstsr_pack/rstsr/rstsr-core)
   Compiling elementwise v0.1.0 (/home/a/rstsr_pack/rstsr-improve-trajectory/2026-09-09-elementwise)
    Finished `bench` profile [optimized] target(s) in 9.03s
     Running benches/elementwise.rs (target/release/deps/elementwise-a1942e4e1ea1a0ff)
Gnuplot not found, using plotters backend
[harness] DeviceFaer thread pool: 16 threads (RAYON_NUM_THREADS convention)
Benchmarking add/add_contig_64x64-serial_f64/A
Benchmarking add/add_contig_64x64-serial_f64/A: Warming up for 700.00 ms
Benchmarking add/add_contig_64x64-serial_f64/A: Collecting 100 samples in estimated 2.0045 s (1.3M iterations)
Benchmarking add/add_contig_64x64-serial_f64/A: Analyzing
add/add_contig_64x64-serial_f64/A
                        time:   [1.4697 µs 1.4706 µs 1.4714 µs]
                        change: [+10.224% +10.333% +10.458%] (p = 0.00 < 0.05)
                        Performance has regressed.
Found 1 outliers among 100 measurements (1.00%)
  1 (1.00%) high mild
Benchmarking add/add_contig_64x64-serial_f64/B
Benchmarking add/add_contig_64x64-serial_f64/B: Warming up for 700.00 ms
Benchmarking add/add_contig_64x64-serial_f64/B: Collecting 100 samples in estimated 2.0063 s (1.4M iterations)
Benchmarking add/add_contig_64x64-serial_f64/B: Analyzing
add/add_contig_64x64-serial_f64/B
                        time:   [1.3939 µs 1.3945 µs 1.3951 µs]
                        change: [+7.0063% +7.1566% +7.2749%] (p = 0.00 < 0.05)
                        Performance has regressed.
Found 1 outliers among 100 measurements (1.00%)
  1 (1.00%) high severe
Benchmarking add/add_contig_64x64-faer16_f64/A
Benchmarking add/add_contig_64x64-faer16_f64/A: Warming up for 700.00 ms
Benchmarking add/add_contig_64x64-faer16_f64/A: Collecting 100 samples in estimated 2.1145 s (81k iterations)
Benchmarking add/add_contig_64x64-faer16_f64/A: Analyzing
add/add_contig_64x64-faer16_f64/A
                        time:   [26.279 µs 26.311 µs 26.351 µs]
                        change: [-0.9801% -0.7818% -0.5482%] (p = 0.00 < 0.05)
                        Change within noise threshold.
Found 8 outliers among 100 measurements (8.00%)
  1 (1.00%) low severe
  3 (3.00%) low mild
  1 (1.00%) high mild
  3 (3.00%) high severe
Benchmarking add/add_contig_64x64-faer16_f64/B
Benchmarking add/add_contig_64x64-faer16_f64/B: Warming up for 700.00 ms
Benchmarking add/add_contig_64x64-faer16_f64/B: Collecting 100 samples in estimated 2.1091 s (81k iterations)
Benchmarking add/add_contig_64x64-faer16_f64/B: Analyzing
add/add_contig_64x64-faer16_f64/B
                        time:   [25.943 µs 25.966 µs 25.994 µs]
                        change: [-2.3715% -2.1735% -1.9788%] (p = 0.00 < 0.05)
                        Performance has improved.
Found 10 outliers among 100 measurements (10.00%)
  4 (4.00%) low mild
  4 (4.00%) high mild
  2 (2.00%) high severe
Benchmarking add/add_contig_512x512-serial_f64/A
Benchmarking add/add_contig_512x512-serial_f64/A: Warming up for 700.00 ms
Benchmarking add/add_contig_512x512-serial_f64/A: Collecting 100 samples in estimated 2.0015 s (40k iterations)
Benchmarking add/add_contig_512x512-serial_f64/A: Analyzing
add/add_contig_512x512-serial_f64/A
                        time:   [49.691 µs 49.701 µs 49.712 µs]
                        change: [+19.798% +20.120% +20.449%] (p = 0.00 < 0.05)
                        Performance has regressed.
Found 3 outliers among 100 measurements (3.00%)
  2 (2.00%) low mild
  1 (1.00%) high mild
Benchmarking add/add_contig_512x512-serial_f64/B
Benchmarking add/add_contig_512x512-serial_f64/B: Warming up for 700.00 ms
Benchmarking add/add_contig_512x512-serial_f64/B: Collecting 100 samples in estimated 2.2067 s (45k iterations)
Benchmarking add/add_contig_512x512-serial_f64/B: Analyzing
add/add_contig_512x512-serial_f64/B
                        time:   [48.099 µs 48.240 µs 48.396 µs]
                        change: [+12.756% +13.547% +14.358%] (p = 0.00 < 0.05)
                        Performance has regressed.
Found 18 outliers among 100 measurements (18.00%)
  4 (4.00%) low severe
  1 (1.00%) low mild
  3 (3.00%) high mild
  10 (10.00%) high severe
Benchmarking add/add_contig_512x512-faer16_f64/A
Benchmarking add/add_contig_512x512-faer16_f64/A: Warming up for 700.00 ms
Benchmarking add/add_contig_512x512-faer16_f64/A: Collecting 100 samples in estimated 2.1456 s (35k iterations)
Benchmarking add/add_contig_512x512-faer16_f64/A: Analyzing
add/add_contig_512x512-faer16_f64/A
                        time:   [60.815 µs 60.896 µs 60.978 µs]
                        change: [-1.5838% -1.1780% -0.7893%] (p = 0.00 < 0.05)
                        Change within noise threshold.
Found 5 outliers among 100 measurements (5.00%)
  1 (1.00%) low severe
  1 (1.00%) high mild
  3 (3.00%) high severe
Benchmarking add/add_contig_512x512-faer16_f64/B
Benchmarking add/add_contig_512x512-faer16_f64/B: Warming up for 700.00 ms
Benchmarking add/add_contig_512x512-faer16_f64/B: Collecting 100 samples in estimated 2.1615 s (35k iterations)
Benchmarking add/add_contig_512x512-faer16_f64/B: Analyzing
add/add_contig_512x512-faer16_f64/B
                        time:   [61.160 µs 61.222 µs 61.279 µs]
                        change: [-1.3963% -1.1344% -0.8679%] (p = 0.00 < 0.05)
                        Change within noise threshold.
Found 9 outliers among 100 measurements (9.00%)
  2 (2.00%) low severe
  3 (3.00%) low mild
  3 (3.00%) high mild
  1 (1.00%) high severe
Benchmarking add/add_contig_2048x2048-serial_f64/A
Benchmarking add/add_contig_2048x2048-serial_f64/A: Warming up for 700.00 ms
Benchmarking add/add_contig_2048x2048-serial_f64/A: Collecting 100 samples in estimated 2.0631 s (300 iterations)
Benchmarking add/add_contig_2048x2048-serial_f64/A: Analyzing
add/add_contig_2048x2048-serial_f64/A
                        time:   [6.7686 ms 6.8011 ms 6.8289 ms]
                        change: [+9.3864% +9.9740% +10.439%] (p = 0.00 < 0.05)
                        Performance has regressed.
Found 5 outliers among 100 measurements (5.00%)
  3 (3.00%) low severe
  2 (2.00%) high severe
Benchmarking add/add_contig_2048x2048-serial_f64/B
Benchmarking add/add_contig_2048x2048-serial_f64/B: Warming up for 700.00 ms
Benchmarking add/add_contig_2048x2048-serial_f64/B: Collecting 100 samples in estimated 2.1377 s (1200 iterations)
Benchmarking add/add_contig_2048x2048-serial_f64/B: Analyzing
add/add_contig_2048x2048-serial_f64/B
                        time:   [2.0540 ms 2.0573 ms 2.0612 ms]
                        change: [-0.5851% -0.3981% -0.1821%] (p = 0.00 < 0.05)
                        Change within noise threshold.
Found 17 outliers among 100 measurements (17.00%)
  5 (5.00%) high mild
  12 (12.00%) high severe
Benchmarking add/add_contig_2048x2048-faer16_f64/A
Benchmarking add/add_contig_2048x2048-faer16_f64/A: Warming up for 700.00 ms
Benchmarking add/add_contig_2048x2048-faer16_f64/A: Collecting 100 samples in estimated 2.1868 s (900 iterations)
Benchmarking add/add_contig_2048x2048-faer16_f64/A: Analyzing
add/add_contig_2048x2048-faer16_f64/A
                        time:   [2.8330 ms 2.8634 ms 2.8923 ms]
                        change: [+5.8214% +7.5337% +9.2447%] (p = 0.00 < 0.05)
                        Performance has regressed.
Found 20 outliers among 100 measurements (20.00%)
  6 (6.00%) low severe
  3 (3.00%) low mild
  10 (10.00%) high mild
  1 (1.00%) high severe
Benchmarking add/add_contig_2048x2048-faer16_f64/B
Benchmarking add/add_contig_2048x2048-faer16_f64/B: Warming up for 700.00 ms

Warning: Unable to complete 100 samples in 2.0s. You may wish to increase target time to 2.7s, enable flat sampling, or reduce sample count to 60.
Benchmarking add/add_contig_2048x2048-faer16_f64/B: Collecting 100 samples in estimated 2.7258 s (5050 iterations)
Benchmarking add/add_contig_2048x2048-faer16_f64/B: Analyzing
add/add_contig_2048x2048-faer16_f64/B
                        time:   [542.69 µs 545.72 µs 548.73 µs]
                        change: [-5.7809% -4.9643% -4.1675%] (p = 0.00 < 0.05)
                        Performance has improved.
Found 2 outliers among 100 measurements (2.00%)
  1 (1.00%) low mild
  1 (1.00%) high severe
Benchmarking add/add_contig_1000x777-serial_f64/A
Benchmarking add/add_contig_1000x777-serial_f64/A: Warming up for 700.00 ms
Benchmarking add/add_contig_1000x777-serial_f64/A: Collecting 100 samples in estimated 2.5802 s (20k iterations)
Benchmarking add/add_contig_1000x777-serial_f64/A: Analyzing
add/add_contig_1000x777-serial_f64/A
                        time:   [144.02 µs 147.40 µs 150.71 µs]
                        change: [+23.909% +25.764% +28.123%] (p = 0.00 < 0.05)
                        Performance has regressed.
Benchmarking add/add_contig_1000x777-serial_f64/B
Benchmarking add/add_contig_1000x777-serial_f64/B: Warming up for 700.00 ms
Benchmarking add/add_contig_1000x777-serial_f64/B: Collecting 100 samples in estimated 2.3178 s (15k iterations)
Benchmarking add/add_contig_1000x777-serial_f64/B: Analyzing
add/add_contig_1000x777-serial_f64/B
                        time:   [152.41 µs 152.45 µs 152.50 µs]
                        change: [+26.371% +26.701% +27.067%] (p = 0.00 < 0.05)
                        Performance has regressed.
Found 11 outliers among 100 measurements (11.00%)
  1 (1.00%) low severe
  6 (6.00%) high mild
  4 (4.00%) high severe
Benchmarking add/add_contig_1000x777-faer16_f64/A
Benchmarking add/add_contig_1000x777-faer16_f64/A: Warming up for 700.00 ms
Benchmarking add/add_contig_1000x777-faer16_f64/A: Collecting 100 samples in estimated 2.4867 s (25k iterations)
Benchmarking add/add_contig_1000x777-faer16_f64/A: Analyzing
add/add_contig_1000x777-faer16_f64/A
                        time:   [98.887 µs 99.042 µs 99.195 µs]
                        change: [-1.1616% -0.8308% -0.5118%] (p = 0.00 < 0.05)
                        Change within noise threshold.
Found 4 outliers among 100 measurements (4.00%)
  1 (1.00%) low severe
  2 (2.00%) low mild
  1 (1.00%) high severe
Benchmarking add/add_contig_1000x777-faer16_f64/B
Benchmarking add/add_contig_1000x777-faer16_f64/B: Warming up for 700.00 ms
Benchmarking add/add_contig_1000x777-faer16_f64/B: Collecting 100 samples in estimated 2.4925 s (25k iterations)
Benchmarking add/add_contig_1000x777-faer16_f64/B: Analyzing
add/add_contig_1000x777-faer16_f64/B
                        time:   [98.426 µs 98.558 µs 98.686 µs]
                        change: [-1.3080% -1.0006% -0.6668%] (p = 0.00 < 0.05)
                        Change within noise threshold.
Found 6 outliers among 100 measurements (6.00%)
  1 (1.00%) low severe
  1 (1.00%) low mild
  3 (3.00%) high mild
  1 (1.00%) high severe
Benchmarking add/add_contig_512x512-serial_f32/A
Benchmarking add/add_contig_512x512-serial_f32/A: Warming up for 700.00 ms
Benchmarking add/add_contig_512x512-serial_f32/A: Collecting 100 samples in estimated 2.0653 s (86k iterations)
Benchmarking add/add_contig_512x512-serial_f32/A: Analyzing
add/add_contig_512x512-serial_f32/A
                        time:   [23.639 µs 23.669 µs 23.702 µs]
                        change: [+2.5449% +2.6666% +2.7898%] (p = 0.00 < 0.05)
                        Performance has regressed.
Found 19 outliers among 100 measurements (19.00%)
  1 (1.00%) low severe
  13 (13.00%) low mild
  5 (5.00%) high severe
Benchmarking add/add_contig_512x512-serial_f32/B
Benchmarking add/add_contig_512x512-serial_f32/B: Warming up for 700.00 ms
Benchmarking add/add_contig_512x512-serial_f32/B: Collecting 100 samples in estimated 2.0645 s (86k iterations)
Benchmarking add/add_contig_512x512-serial_f32/B: Analyzing
add/add_contig_512x512-serial_f32/B
                        time:   [23.844 µs 23.901 µs 23.986 µs]
                        change: [+5.6958% +5.9562% +6.2382%] (p = 0.00 < 0.05)
                        Performance has regressed.
Found 8 outliers among 100 measurements (8.00%)
  2 (2.00%) low mild
  2 (2.00%) high mild
  4 (4.00%) high severe
Benchmarking add/add_contig_512x512-faer16_f32/A
Benchmarking add/add_contig_512x512-faer16_f32/A: Warming up for 700.00 ms
Benchmarking add/add_contig_512x512-faer16_f32/A: Collecting 100 samples in estimated 2.2126 s (40k iterations)
Benchmarking add/add_contig_512x512-faer16_f32/A: Analyzing
add/add_contig_512x512-faer16_f32/A
                        time:   [54.950 µs 55.006 µs 55.056 µs]
                        change: [-0.4495% -0.2338% -0.0162%] (p = 0.04 < 0.05)
                        Change within noise threshold.
Found 6 outliers among 100 measurements (6.00%)
  3 (3.00%) low mild
  3 (3.00%) high mild
Benchmarking add/add_contig_512x512-faer16_f32/B
Benchmarking add/add_contig_512x512-faer16_f32/B: Warming up for 700.00 ms
Benchmarking add/add_contig_512x512-faer16_f32/B: Collecting 100 samples in estimated 2.2361 s (40k iterations)
Benchmarking add/add_contig_512x512-faer16_f32/B: Analyzing
add/add_contig_512x512-faer16_f32/B
                        time:   [55.212 µs 55.277 µs 55.363 µs]
                        change: [-2.3117% -1.9774% -1.6494%] (p = 0.00 < 0.05)
                        Performance has improved.
Found 13 outliers among 100 measurements (13.00%)
  1 (1.00%) low severe
  4 (4.00%) low mild
  6 (6.00%) high mild
  2 (2.00%) high severe
Benchmarking add/add_contig_2048x2048-serial_f32/A
Benchmarking add/add_contig_2048x2048-serial_f32/A: Warming up for 700.00 ms

Warning: Unable to complete 100 samples in 2.0s. You may wish to increase target time to 3.9s, enable flat sampling, or reduce sample count to 50.
Benchmarking add/add_contig_2048x2048-serial_f32/A: Collecting 100 samples in estimated 3.9459 s (5050 iterations)
Benchmarking add/add_contig_2048x2048-serial_f32/A: Analyzing
add/add_contig_2048x2048-serial_f32/A
                        time:   [768.24 µs 771.11 µs 773.80 µs]
                        change: [+2.0876% +2.5351% +2.9698%] (p = 0.00 < 0.05)
                        Performance has regressed.
Found 15 outliers among 100 measurements (15.00%)
  6 (6.00%) low severe
  8 (8.00%) high mild
  1 (1.00%) high severe
Benchmarking add/add_contig_2048x2048-serial_f32/B
Benchmarking add/add_contig_2048x2048-serial_f32/B: Warming up for 700.00 ms

Warning: Unable to complete 100 samples in 2.0s. You may wish to increase target time to 3.9s, enable flat sampling, or reduce sample count to 50.
Benchmarking add/add_contig_2048x2048-serial_f32/B: Collecting 100 samples in estimated 3.9004 s (5050 iterations)
Benchmarking add/add_contig_2048x2048-serial_f32/B: Analyzing
add/add_contig_2048x2048-serial_f32/B
                        time:   [769.39 µs 770.82 µs 772.16 µs]
                        change: [+2.9643% +3.4263% +3.8902%] (p = 0.00 < 0.05)
                        Performance has regressed.
Found 14 outliers among 100 measurements (14.00%)
  4 (4.00%) low severe
  1 (1.00%) low mild
  5 (5.00%) high mild
  4 (4.00%) high severe
Benchmarking add/add_contig_2048x2048-faer16_f32/A
Benchmarking add/add_contig_2048x2048-faer16_f32/A: Warming up for 700.00 ms
Benchmarking add/add_contig_2048x2048-faer16_f32/A: Collecting 100 samples in estimated 2.3057 s (10k iterations)
Benchmarking add/add_contig_2048x2048-faer16_f32/A: Analyzing
add/add_contig_2048x2048-faer16_f32/A
                        time:   [230.15 µs 230.56 µs 230.96 µs]
                        change: [-1.1255% -0.7286% -0.3568%] (p = 0.00 < 0.05)
                        Change within noise threshold.
Found 6 outliers among 100 measurements (6.00%)
  4 (4.00%) low mild
  2 (2.00%) high mild
Benchmarking add/add_contig_2048x2048-faer16_f32/B
Benchmarking add/add_contig_2048x2048-faer16_f32/B: Warming up for 700.00 ms
Benchmarking add/add_contig_2048x2048-faer16_f32/B: Collecting 100 samples in estimated 2.3247 s (10k iterations)
Benchmarking add/add_contig_2048x2048-faer16_f32/B: Analyzing
add/add_contig_2048x2048-faer16_f32/B
                        time:   [230.50 µs 230.92 µs 231.33 µs]
                        change: [-0.4892% -0.1398% +0.1993%] (p = 0.45 > 0.05)
                        No change in performance detected.
Found 5 outliers among 100 measurements (5.00%)
  1 (1.00%) low mild
  3 (3.00%) high mild
  1 (1.00%) high severe
Benchmarking add/add_bcast_2048x2048-serial_f64/A
Benchmarking add/add_bcast_2048x2048-serial_f64/A: Warming up for 700.00 ms
Benchmarking add/add_bcast_2048x2048-serial_f64/A: Collecting 100 samples in estimated 2.3232 s (400 iterations)
Benchmarking add/add_bcast_2048x2048-serial_f64/A: Analyzing
add/add_bcast_2048x2048-serial_f64/A
                        time:   [5.7317 ms 5.7369 ms 5.7426 ms]
                        change: [+2.2385% +2.3596% +2.4759%] (p = 0.00 < 0.05)
                        Performance has regressed.
Found 6 outliers among 100 measurements (6.00%)
  4 (4.00%) high mild
  2 (2.00%) high severe
Benchmarking add/add_bcast_2048x2048-serial_f64/B
Benchmarking add/add_bcast_2048x2048-serial_f64/B: Warming up for 700.00 ms
Benchmarking add/add_bcast_2048x2048-serial_f64/B: Collecting 100 samples in estimated 2.1091 s (1300 iterations)
Benchmarking add/add_bcast_2048x2048-serial_f64/B: Analyzing
add/add_bcast_2048x2048-serial_f64/B
                        time:   [1.6237 ms 1.6273 ms 1.6316 ms]
                        change: [+13.854% +14.135% +14.439%] (p = 0.00 < 0.05)
                        Performance has regressed.
Found 9 outliers among 100 measurements (9.00%)
  7 (7.00%) high mild
  2 (2.00%) high severe
Benchmarking add/add_bcast_2048x2048-faer16_f64/A
Benchmarking add/add_bcast_2048x2048-faer16_f64/A: Warming up for 700.00 ms
Benchmarking add/add_bcast_2048x2048-faer16_f64/A: Collecting 100 samples in estimated 2.0900 s (1100 iterations)
Benchmarking add/add_bcast_2048x2048-faer16_f64/A: Analyzing
add/add_bcast_2048x2048-faer16_f64/A
                        time:   [1.9220 ms 1.9439 ms 1.9687 ms]
                        change: [-14.571% -12.701% -10.811%] (p = 0.00 < 0.05)
                        Performance has improved.
Found 9 outliers among 100 measurements (9.00%)
  5 (5.00%) high mild
  4 (4.00%) high severe
Benchmarking add/add_bcast_2048x2048-faer16_f64/B
Benchmarking add/add_bcast_2048x2048-faer16_f64/B: Warming up for 700.00 ms
Benchmarking add/add_bcast_2048x2048-faer16_f64/B: Collecting 100 samples in estimated 2.8371 s (10k iterations)
Benchmarking add/add_bcast_2048x2048-faer16_f64/B: Analyzing
add/add_bcast_2048x2048-faer16_f64/B
                        time:   [282.22 µs 283.78 µs 285.33 µs]
                        change: [+4.3113% +5.1363% +6.0077%] (p = 0.00 < 0.05)
                        Performance has regressed.
Found 3 outliers among 100 measurements (3.00%)
  1 (1.00%) low mild
  2 (2.00%) high mild
Benchmarking add/add_strided_2048x2048-serial_f64/A
Benchmarking add/add_strided_2048x2048-serial_f64/A: Warming up for 700.00 ms

Warning: Unable to complete 100 samples in 2.0s. You may wish to increase target time to 2.9s, or reduce sample count to 60.
Benchmarking add/add_strided_2048x2048-serial_f64/A: Collecting 100 samples in estimated 2.9079 s (100 iterations)
Benchmarking add/add_strided_2048x2048-serial_f64/A: Analyzing
add/add_strided_2048x2048-serial_f64/A
                        time:   [29.514 ms 29.635 ms 29.757 ms]
                        change: [+136.92% +137.91% +139.04%] (p = 0.00 < 0.05)
                        Performance has regressed.
Found 22 outliers among 100 measurements (22.00%)
  2 (2.00%) low severe
  9 (9.00%) low mild
  10 (10.00%) high mild
  1 (1.00%) high severe
Benchmarking add/add_strided_2048x2048-serial_f64/B
Benchmarking add/add_strided_2048x2048-serial_f64/B: Warming up for 700.00 ms

Warning: Unable to complete 100 samples in 2.0s. You may wish to increase target time to 2.3s, or reduce sample count to 80.
Benchmarking add/add_strided_2048x2048-serial_f64/B: Collecting 100 samples in estimated 2.3205 s (100 iterations)
Benchmarking add/add_strided_2048x2048-serial_f64/B: Analyzing
add/add_strided_2048x2048-serial_f64/B
                        time:   [23.297 ms 23.433 ms 23.559 ms]
                        change: [+214.19% +215.89% +217.50%] (p = 0.00 < 0.05)
                        Performance has regressed.
Found 6 outliers among 100 measurements (6.00%)
  1 (1.00%) low severe
  5 (5.00%) low mild
Benchmarking add/add_strided_2048x2048-faer16_f64/A
Benchmarking add/add_strided_2048x2048-faer16_f64/A: Warming up for 700.00 ms
Benchmarking add/add_strided_2048x2048-faer16_f64/A: Collecting 100 samples in estimated 2.0768 s (500 iterations)
Benchmarking add/add_strided_2048x2048-faer16_f64/A: Analyzing
add/add_strided_2048x2048-faer16_f64/A
                        time:   [3.6927 ms 3.7455 ms 3.8004 ms]
                        change: [+17.275% +19.481% +21.691%] (p = 0.00 < 0.05)
                        Performance has regressed.
Benchmarking add/add_strided_2048x2048-faer16_f64/B
Benchmarking add/add_strided_2048x2048-faer16_f64/B: Warming up for 700.00 ms
Benchmarking add/add_strided_2048x2048-faer16_f64/B: Collecting 100 samples in estimated 2.1317 s (1000 iterations)
Benchmarking add/add_strided_2048x2048-faer16_f64/B: Analyzing
add/add_strided_2048x2048-faer16_f64/B
                        time:   [2.1244 ms 2.1332 ms 2.1427 ms]
                        change: [+112.97% +117.87% +122.47%] (p = 0.00 < 0.05)
                        Performance has regressed.
Found 10 outliers among 100 measurements (10.00%)
  3 (3.00%) low mild
  5 (5.00%) high mild
  2 (2.00%) high severe
Benchmarking add/add_strided_64x64-serial_f64/A
Benchmarking add/add_strided_64x64-serial_f64/A: Warming up for 700.00 ms
Benchmarking add/add_strided_64x64-serial_f64/A: Collecting 100 samples in estimated 2.0260 s (96k iterations)
Benchmarking add/add_strided_64x64-serial_f64/A: Analyzing
add/add_strided_64x64-serial_f64/A
                        time:   [20.763 µs 20.770 µs 20.778 µs]
                        change: [+603.87% +604.58% +605.26%] (p = 0.00 < 0.05)
                        Performance has regressed.
Found 2 outliers among 100 measurements (2.00%)
  2 (2.00%) high mild
Benchmarking add/add_strided_64x64-serial_f64/B
Benchmarking add/add_strided_64x64-serial_f64/B: Warming up for 700.00 ms
Benchmarking add/add_strided_64x64-serial_f64/B: Collecting 100 samples in estimated 2.0975 s (101k iterations)
Benchmarking add/add_strided_64x64-serial_f64/B: Analyzing
add/add_strided_64x64-serial_f64/B
                        time:   [20.649 µs 20.655 µs 20.664 µs]
                        change: [+612.04% +612.66% +613.35%] (p = 0.00 < 0.05)
                        Performance has regressed.
Found 3 outliers among 100 measurements (3.00%)
  1 (1.00%) high mild
  2 (2.00%) high severe
Benchmarking add/add_strided_64x64-faer16_f64/A
Benchmarking add/add_strided_64x64-faer16_f64/A: Warming up for 700.00 ms
Benchmarking add/add_strided_64x64-faer16_f64/A: Collecting 100 samples in estimated 2.2818 s (25k iterations)
Benchmarking add/add_strided_64x64-faer16_f64/A: Analyzing
add/add_strided_64x64-faer16_f64/A
                        time:   [90.773 µs 90.894 µs 91.024 µs]
                        change: [+1583.1% +1614.0% +1645.4%] (p = 0.00 < 0.05)
                        Performance has regressed.
Found 6 outliers among 100 measurements (6.00%)
  3 (3.00%) low mild
  2 (2.00%) high mild
  1 (1.00%) high severe
Benchmarking add/add_strided_64x64-faer16_f64/B
Benchmarking add/add_strided_64x64-faer16_f64/B: Warming up for 700.00 ms
Benchmarking add/add_strided_64x64-faer16_f64/B: Collecting 100 samples in estimated 2.2996 s (25k iterations)
Benchmarking add/add_strided_64x64-faer16_f64/B: Analyzing
add/add_strided_64x64-faer16_f64/B
                        time:   [91.201 µs 91.301 µs 91.415 µs]
                        change: [+1466.6% +1503.3% +1542.0%] (p = 0.00 < 0.05)
                        Performance has regressed.
Found 10 outliers among 100 measurements (10.00%)
  3 (3.00%) low mild
  3 (3.00%) high mild
  4 (4.00%) high severe
Benchmarking add/add_strided_1000x777-serial_f64/A
Benchmarking add/add_strided_1000x777-serial_f64/A: Warming up for 700.00 ms
Benchmarking add/add_strided_1000x777-serial_f64/A: Collecting 100 samples in estimated 2.2339 s (600 iterations)
Benchmarking add/add_strided_1000x777-serial_f64/A: Analyzing
add/add_strided_1000x777-serial_f64/A
                        time:   [3.6590 ms 3.6615 ms 3.6642 ms]
                        change: [+787.32% +788.43% +789.51%] (p = 0.00 < 0.05)
                        Performance has regressed.
Found 7 outliers among 100 measurements (7.00%)
  5 (5.00%) high mild
  2 (2.00%) high severe
Benchmarking add/add_strided_1000x777-serial_f64/B
Benchmarking add/add_strided_1000x777-serial_f64/B: Warming up for 700.00 ms
Benchmarking add/add_strided_1000x777-serial_f64/B: Collecting 100 samples in estimated 2.2041 s (600 iterations)
Benchmarking add/add_strided_1000x777-serial_f64/B: Analyzing
add/add_strided_1000x777-serial_f64/B
                        time:   [3.6378 ms 3.6404 ms 3.6436 ms]
                        change: [+784.04% +785.52% +786.99%] (p = 0.00 < 0.05)
                        Performance has regressed.
Found 8 outliers among 100 measurements (8.00%)
  4 (4.00%) high mild
  4 (4.00%) high severe
Benchmarking add/add_strided_1000x777-faer16_f64/A
Benchmarking add/add_strided_1000x777-faer16_f64/A: Warming up for 700.00 ms

Warning: Unable to complete 100 samples in 2.0s. You may wish to increase target time to 2.6s, enable flat sampling, or reduce sample count to 60.
Benchmarking add/add_strided_1000x777-faer16_f64/A: Collecting 100 samples in estimated 2.5758 s (5050 iterations)
Benchmarking add/add_strided_1000x777-faer16_f64/A: Analyzing
add/add_strided_1000x777-faer16_f64/A
                        time:   [513.15 µs 515.14 µs 517.13 µs]
                        change: [+627.07% +664.59% +706.66%] (p = 0.00 < 0.05)
                        Performance has regressed.
Found 2 outliers among 100 measurements (2.00%)
  2 (2.00%) low mild
Benchmarking add/add_strided_1000x777-faer16_f64/B
Benchmarking add/add_strided_1000x777-faer16_f64/B: Warming up for 700.00 ms

Warning: Unable to complete 100 samples in 2.0s. You may wish to increase target time to 2.6s, enable flat sampling, or reduce sample count to 60.
Benchmarking add/add_strided_1000x777-faer16_f64/B: Collecting 100 samples in estimated 2.5926 s (5050 iterations)
Benchmarking add/add_strided_1000x777-faer16_f64/B: Analyzing
add/add_strided_1000x777-faer16_f64/B
                        time:   [512.64 µs 514.72 µs 516.79 µs]
                        change: [+612.26% +630.69% +650.57%] (p = 0.00 < 0.05)
                        Performance has regressed.
Found 1 outliers among 100 measurements (1.00%)
  1 (1.00%) low mild
Benchmarking add/add_stridedfirst_2048x2048-serial_f64/A
Benchmarking add/add_stridedfirst_2048x2048-serial_f64/A: Warming up for 700.00 ms

Warning: Unable to complete 100 samples in 2.0s. You may wish to increase target time to 2.8s, or reduce sample count to 70.
Benchmarking add/add_stridedfirst_2048x2048-serial_f64/A: Collecting 100 samples in estimated 2.8211 s (100 iterations)
Benchmarking add/add_stridedfirst_2048x2048-serial_f64/A: Analyzing
add/add_stridedfirst_2048x2048-serial_f64/A
                        time:   [28.053 ms 28.132 ms 28.214 ms]
                        change: [+124.34% +124.93% +125.59%] (p = 0.00 < 0.05)
                        Performance has regressed.
Benchmarking add/add_stridedfirst_2048x2048-serial_f64/B
Benchmarking add/add_stridedfirst_2048x2048-serial_f64/B: Warming up for 700.00 ms

Warning: Unable to complete 100 samples in 2.0s. You may wish to increase target time to 2.3s, or reduce sample count to 80.
Benchmarking add/add_stridedfirst_2048x2048-serial_f64/B: Collecting 100 samples in estimated 2.2768 s (100 iterations)
Benchmarking add/add_stridedfirst_2048x2048-serial_f64/B: Analyzing
add/add_stridedfirst_2048x2048-serial_f64/B
                        time:   [22.845 ms 22.919 ms 22.997 ms]
                        change: [+204.53% +205.86% +207.13%] (p = 0.00 < 0.05)
                        Performance has regressed.
Benchmarking add/add_stridedfirst_2048x2048-faer16_f64/A
Benchmarking add/add_stridedfirst_2048x2048-faer16_f64/A: Warming up for 700.00 ms
Benchmarking add/add_stridedfirst_2048x2048-faer16_f64/A: Collecting 100 samples in estimated 2.2967 s (600 iterations)
Benchmarking add/add_stridedfirst_2048x2048-faer16_f64/A: Analyzing
add/add_stridedfirst_2048x2048-faer16_f64/A
                        time:   [3.8967 ms 3.9377 ms 3.9806 ms]
                        change: [+19.169% +20.948% +22.736%] (p = 0.00 < 0.05)
                        Performance has regressed.
Found 31 outliers among 100 measurements (31.00%)
  4 (4.00%) low severe
  7 (7.00%) low mild
  9 (9.00%) high mild
  11 (11.00%) high severe
Benchmarking add/add_stridedfirst_2048x2048-faer16_f64/B
Benchmarking add/add_stridedfirst_2048x2048-faer16_f64/B: Warming up for 700.00 ms
Benchmarking add/add_stridedfirst_2048x2048-faer16_f64/B: Collecting 100 samples in estimated 2.1042 s (1000 iterations)
Benchmarking add/add_stridedfirst_2048x2048-faer16_f64/B: Analyzing
add/add_stridedfirst_2048x2048-faer16_f64/B
                        time:   [2.0946 ms 2.1018 ms 2.1096 ms]
                        change: [+88.880% +92.579% +96.276%] (p = 0.00 < 0.05)
                        Performance has regressed.
Found 9 outliers among 100 measurements (9.00%)
  4 (4.00%) low mild
  3 (3.00%) high mild
  2 (2.00%) high severe
Benchmarking add/addasgn_strided_2048x2048-serial_f64/B
Benchmarking add/addasgn_strided_2048x2048-serial_f64/B: Warming up for 700.00 ms
Benchmarking add/addasgn_strided_2048x2048-serial_f64/B: Collecting 100 samples in estimated 3.6111 s (200 iterations)
Benchmarking add/addasgn_strided_2048x2048-serial_f64/B: Analyzing
add/addasgn_strided_2048x2048-serial_f64/B
                        time:   [17.778 ms 17.835 ms 17.895 ms]
                        change: [+191.75% +192.75% +193.83%] (p = 0.00 < 0.05)
                        Performance has regressed.
Found 2 outliers among 100 measurements (2.00%)
  2 (2.00%) high mild
Benchmarking add/addasgn_strided_2048x2048-faer16_f64/B
Benchmarking add/addasgn_strided_2048x2048-faer16_f64/B: Warming up for 700.00 ms
Benchmarking add/addasgn_strided_2048x2048-faer16_f64/B: Collecting 100 samples in estimated 2.1277 s (1400 iterations)
Benchmarking add/addasgn_strided_2048x2048-faer16_f64/B: Analyzing
add/addasgn_strided_2048x2048-faer16_f64/B
                        time:   [1.5207 ms 1.5287 ms 1.5373 ms]
                        change: [+114.75% +118.52% +121.80%] (p = 0.00 < 0.05)
                        Performance has regressed.
Found 9 outliers among 100 measurements (9.00%)
  7 (7.00%) high mild
  2 (2.00%) high severe

Benchmarking mul/mul_contig_2048x2048-serial_f64/A
Benchmarking mul/mul_contig_2048x2048-serial_f64/A: Warming up for 700.00 ms
Benchmarking mul/mul_contig_2048x2048-serial_f64/A: Collecting 100 samples in estimated 2.0522 s (300 iterations)
Benchmarking mul/mul_contig_2048x2048-serial_f64/A: Analyzing
mul/mul_contig_2048x2048-serial_f64/A
                        time:   [6.7739 ms 6.7835 ms 6.7939 ms]
                        change: [+9.9295% +10.084% +10.271%] (p = 0.00 < 0.05)
                        Performance has regressed.
Found 15 outliers among 100 measurements (15.00%)
  8 (8.00%) high mild
  7 (7.00%) high severe
Benchmarking mul/mul_contig_2048x2048-serial_f64/B
Benchmarking mul/mul_contig_2048x2048-serial_f64/B: Warming up for 700.00 ms
Benchmarking mul/mul_contig_2048x2048-serial_f64/B: Collecting 100 samples in estimated 2.0582 s (1000 iterations)
Benchmarking mul/mul_contig_2048x2048-serial_f64/B: Analyzing
mul/mul_contig_2048x2048-serial_f64/B
                        time:   [2.0521 ms 2.0545 ms 2.0572 ms]
                        change: [-0.6059% -0.4775% -0.3395%] (p = 0.00 < 0.05)
                        Change within noise threshold.
Found 14 outliers among 100 measurements (14.00%)
  5 (5.00%) high mild
  9 (9.00%) high severe
Benchmarking mul/mul_contig_2048x2048-faer16_f64/A
Benchmarking mul/mul_contig_2048x2048-faer16_f64/A: Warming up for 700.00 ms
Benchmarking mul/mul_contig_2048x2048-faer16_f64/A: Collecting 100 samples in estimated 2.1433 s (800 iterations)
Benchmarking mul/mul_contig_2048x2048-faer16_f64/A: Analyzing
mul/mul_contig_2048x2048-faer16_f64/A
                        time:   [2.4768 ms 2.5323 ms 2.5902 ms]
                        change: [+0.0632% +2.6019% +5.4994%] (p = 0.06 > 0.05)
                        No change in performance detected.
Benchmarking mul/mul_contig_2048x2048-faer16_f64/B
Benchmarking mul/mul_contig_2048x2048-faer16_f64/B: Warming up for 700.00 ms

Warning: Unable to complete 100 samples in 2.0s. You may wish to increase target time to 2.6s, enable flat sampling, or reduce sample count to 60.
Benchmarking mul/mul_contig_2048x2048-faer16_f64/B: Collecting 100 samples in estimated 2.6442 s (5050 iterations)
Benchmarking mul/mul_contig_2048x2048-faer16_f64/B: Analyzing
mul/mul_contig_2048x2048-faer16_f64/B
                        time:   [543.51 µs 546.87 µs 550.11 µs]
                        change: [-4.5745% -3.6512% -2.6841%] (p = 0.00 < 0.05)
                        Performance has improved.
Found 2 outliers among 100 measurements (2.00%)
  1 (1.00%) low mild
  1 (1.00%) high mild

Benchmarking scale/scale_contig_2048x2048-serial_f64/A
Benchmarking scale/scale_contig_2048x2048-serial_f64/A: Warming up for 700.00 ms
Benchmarking scale/scale_contig_2048x2048-serial_f64/A: Collecting 100 samples in estimated 2.1693 s (400 iterations)
Benchmarking scale/scale_contig_2048x2048-serial_f64/A: Analyzing
scale/scale_contig_2048x2048-serial_f64/A
                        time:   [5.3763 ms 5.3815 ms 5.3871 ms]
                        change: [-0.5583% -0.4244% -0.2841%] (p = 0.00 < 0.05)
                        Change within noise threshold.
Found 5 outliers among 100 measurements (5.00%)
  2 (2.00%) high mild
  3 (3.00%) high severe
Benchmarking scale/scale_contig_2048x2048-serial_f64/B
Benchmarking scale/scale_contig_2048x2048-serial_f64/B: Warming up for 700.00 ms
Benchmarking scale/scale_contig_2048x2048-serial_f64/B: Collecting 100 samples in estimated 2.1498 s (1300 iterations)
Benchmarking scale/scale_contig_2048x2048-serial_f64/B: Analyzing
scale/scale_contig_2048x2048-serial_f64/B
                        time:   [1.6717 ms 1.6744 ms 1.6772 ms]
                        change: [+14.002% +14.422% +14.846%] (p = 0.00 < 0.05)
                        Performance has regressed.
Found 15 outliers among 100 measurements (15.00%)
  1 (1.00%) low severe
  4 (4.00%) low mild
  5 (5.00%) high mild
  5 (5.00%) high severe
Benchmarking scale/scale_contig_2048x2048-faer16_f64/A
Benchmarking scale/scale_contig_2048x2048-faer16_f64/A: Warming up for 700.00 ms
Benchmarking scale/scale_contig_2048x2048-faer16_f64/A: Collecting 100 samples in estimated 2.0668 s (900 iterations)
Benchmarking scale/scale_contig_2048x2048-faer16_f64/A: Analyzing
scale/scale_contig_2048x2048-faer16_f64/A
                        time:   [2.0115 ms 2.0277 ms 2.0458 ms]
                        change: [-2.6699% +0.7334% +4.3359%] (p = 0.68 > 0.05)
                        No change in performance detected.
Found 3 outliers among 100 measurements (3.00%)
  1 (1.00%) high mild
  2 (2.00%) high severe
Benchmarking scale/scale_contig_2048x2048-faer16_f64/B
Benchmarking scale/scale_contig_2048x2048-faer16_f64/B: Warming up for 700.00 ms
Benchmarking scale/scale_contig_2048x2048-faer16_f64/B: Collecting 100 samples in estimated 2.9272 s (10k iterations)
Benchmarking scale/scale_contig_2048x2048-faer16_f64/B: Analyzing
scale/scale_contig_2048x2048-faer16_f64/B
                        time:   [279.68 µs 281.38 µs 283.29 µs]
                        change: [+3.3383% +4.1850% +5.0792%] (p = 0.00 < 0.05)
                        Performance has regressed.
Found 6 outliers among 100 measurements (6.00%)
  5 (5.00%) high mild
  1 (1.00%) high severe

