   Compiling rstsr-native-impl v0.8.0 (/home/a/rstsr_pack/rstsr/rstsr-native-impl)
   Compiling rstsr-core v0.8.0 (/home/a/rstsr_pack/rstsr/rstsr-core)
   Compiling elementwise v0.1.0 (/home/a/rstsr_pack/rstsr-improve-trajectory/2026-09-09-elementwise)
    Finished `bench` profile [optimized] target(s) in 9.04s
     Running benches/elementwise.rs (target/release/deps/elementwise-a1942e4e1ea1a0ff)
Gnuplot not found, using plotters backend
[harness] DeviceFaer thread pool: 16 threads (RAYON_NUM_THREADS convention)
Benchmarking add/add_contig_64x64-serial_f64/A
Benchmarking add/add_contig_64x64-serial_f64/A: Warming up for 700.00 ms
Benchmarking add/add_contig_64x64-serial_f64/A: Collecting 100 samples in estimated 2.0056 s (1.4M iterations)
Benchmarking add/add_contig_64x64-serial_f64/A: Analyzing
add/add_contig_64x64-serial_f64/A
                        time:   [1.4699 µs 1.4704 µs 1.4709 µs]
                        change: [+9.1180% +9.2092% +9.2979%] (p = 0.00 < 0.05)
                        Performance has regressed.
Found 2 outliers among 100 measurements (2.00%)
  1 (1.00%) high mild
  1 (1.00%) high severe
Benchmarking add/add_contig_64x64-serial_f64/B
Benchmarking add/add_contig_64x64-serial_f64/B: Warming up for 700.00 ms
Benchmarking add/add_contig_64x64-serial_f64/B: Collecting 100 samples in estimated 2.0002 s (1.4M iterations)
Benchmarking add/add_contig_64x64-serial_f64/B: Analyzing
add/add_contig_64x64-serial_f64/B
                        time:   [1.3909 µs 1.3912 µs 1.3916 µs]
                        change: [+3.8254% +4.2165% +4.5978%] (p = 0.00 < 0.05)
                        Performance has regressed.
Found 7 outliers among 100 measurements (7.00%)
  5 (5.00%) high mild
  2 (2.00%) high severe
Benchmarking add/add_contig_64x64-faer16_f64/A
Benchmarking add/add_contig_64x64-faer16_f64/A: Warming up for 700.00 ms
Benchmarking add/add_contig_64x64-faer16_f64/A: Collecting 100 samples in estimated 2.1118 s (81k iterations)
Benchmarking add/add_contig_64x64-faer16_f64/A: Analyzing
add/add_contig_64x64-faer16_f64/A
                        time:   [26.230 µs 26.253 µs 26.276 µs]
                        change: [-1.1360% -0.9574% -0.8123%] (p = 0.00 < 0.05)
                        Change within noise threshold.
Found 6 outliers among 100 measurements (6.00%)
  3 (3.00%) low mild
  2 (2.00%) high mild
  1 (1.00%) high severe
Benchmarking add/add_contig_64x64-faer16_f64/B
Benchmarking add/add_contig_64x64-faer16_f64/B: Warming up for 700.00 ms
Benchmarking add/add_contig_64x64-faer16_f64/B: Collecting 100 samples in estimated 2.1180 s (81k iterations)
Benchmarking add/add_contig_64x64-faer16_f64/B: Analyzing
add/add_contig_64x64-faer16_f64/B
                        time:   [26.186 µs 26.208 µs 26.230 µs]
                        change: [-0.1625% +0.0661% +0.2858%] (p = 0.58 > 0.05)
                        No change in performance detected.
Found 5 outliers among 100 measurements (5.00%)
  2 (2.00%) low mild
  1 (1.00%) high mild
  2 (2.00%) high severe
Benchmarking add/add_contig_512x512-serial_f64/A
Benchmarking add/add_contig_512x512-serial_f64/A: Warming up for 700.00 ms
Benchmarking add/add_contig_512x512-serial_f64/A: Collecting 100 samples in estimated 2.2451 s (45k iterations)
Benchmarking add/add_contig_512x512-serial_f64/A: Analyzing
add/add_contig_512x512-serial_f64/A
                        time:   [48.532 µs 48.545 µs 48.560 µs]
                        change: [+21.164% +21.235% +21.302%] (p = 0.00 < 0.05)
                        Performance has regressed.
Benchmarking add/add_contig_512x512-serial_f64/B
Benchmarking add/add_contig_512x512-serial_f64/B: Warming up for 700.00 ms
Benchmarking add/add_contig_512x512-serial_f64/B: Collecting 100 samples in estimated 2.1228 s (45k iterations)
Benchmarking add/add_contig_512x512-serial_f64/B: Analyzing
add/add_contig_512x512-serial_f64/B
                        time:   [46.068 µs 46.092 µs 46.117 µs]
                        change: [+14.345% +14.446% +14.551%] (p = 0.00 < 0.05)
                        Performance has regressed.
Found 6 outliers among 100 measurements (6.00%)
  2 (2.00%) low severe
  4 (4.00%) high mild
Benchmarking add/add_contig_512x512-faer16_f64/A
Benchmarking add/add_contig_512x512-faer16_f64/A: Warming up for 700.00 ms
Benchmarking add/add_contig_512x512-faer16_f64/A: Collecting 100 samples in estimated 2.1665 s (35k iterations)
Benchmarking add/add_contig_512x512-faer16_f64/A: Analyzing
add/add_contig_512x512-faer16_f64/A
                        time:   [61.287 µs 61.352 µs 61.420 µs]
                        change: [-0.2913% -0.0793% +0.1675%] (p = 0.51 > 0.05)
                        No change in performance detected.
Found 5 outliers among 100 measurements (5.00%)
  1 (1.00%) low severe
  2 (2.00%) low mild
  1 (1.00%) high mild
  1 (1.00%) high severe
Benchmarking add/add_contig_512x512-faer16_f64/B
Benchmarking add/add_contig_512x512-faer16_f64/B: Warming up for 700.00 ms
Benchmarking add/add_contig_512x512-faer16_f64/B: Collecting 100 samples in estimated 2.1609 s (35k iterations)
Benchmarking add/add_contig_512x512-faer16_f64/B: Analyzing
add/add_contig_512x512-faer16_f64/B
                        time:   [61.110 µs 61.171 µs 61.234 µs]
                        change: [-1.7829% -1.5297% -1.2755%] (p = 0.00 < 0.05)
                        Performance has improved.
Found 8 outliers among 100 measurements (8.00%)
  3 (3.00%) low mild
  2 (2.00%) high mild
  3 (3.00%) high severe
Benchmarking add/add_contig_2048x2048-serial_f64/A
Benchmarking add/add_contig_2048x2048-serial_f64/A: Warming up for 700.00 ms
Benchmarking add/add_contig_2048x2048-serial_f64/A: Collecting 100 samples in estimated 2.6001 s (400 iterations)
Benchmarking add/add_contig_2048x2048-serial_f64/A: Analyzing
add/add_contig_2048x2048-serial_f64/A
                        time:   [6.4374 ms 6.4427 ms 6.4484 ms]
                        change: [+4.0031% +4.1182% +4.2448%] (p = 0.00 < 0.05)
                        Performance has regressed.
Found 4 outliers among 100 measurements (4.00%)
  4 (4.00%) high mild
Benchmarking add/add_contig_2048x2048-serial_f64/B
Benchmarking add/add_contig_2048x2048-serial_f64/B: Warming up for 700.00 ms
Benchmarking add/add_contig_2048x2048-serial_f64/B: Collecting 100 samples in estimated 2.0440 s (1000 iterations)
Benchmarking add/add_contig_2048x2048-serial_f64/B: Analyzing
add/add_contig_2048x2048-serial_f64/B
                        time:   [2.0380 ms 2.0405 ms 2.0432 ms]
                        change: [-4.5938% -4.4444% -4.2796%] (p = 0.00 < 0.05)
                        Performance has improved.
Found 13 outliers among 100 measurements (13.00%)
  6 (6.00%) high mild
  7 (7.00%) high severe
Benchmarking add/add_contig_2048x2048-faer16_f64/A
Benchmarking add/add_contig_2048x2048-faer16_f64/A: Warming up for 700.00 ms
Benchmarking add/add_contig_2048x2048-faer16_f64/A: Collecting 100 samples in estimated 2.1908 s (900 iterations)
Benchmarking add/add_contig_2048x2048-faer16_f64/A: Analyzing
add/add_contig_2048x2048-faer16_f64/A
                        time:   [2.3118 ms 2.3530 ms 2.3949 ms]
                        change: [-7.3741% -5.5576% -3.5981%] (p = 0.00 < 0.05)
                        Performance has improved.
Benchmarking add/add_contig_2048x2048-faer16_f64/B
Benchmarking add/add_contig_2048x2048-faer16_f64/B: Warming up for 700.00 ms

Warning: Unable to complete 100 samples in 2.0s. You may wish to increase target time to 2.9s, enable flat sampling, or reduce sample count to 50.
Benchmarking add/add_contig_2048x2048-faer16_f64/B: Collecting 100 samples in estimated 2.9065 s (5050 iterations)
Benchmarking add/add_contig_2048x2048-faer16_f64/B: Analyzing
add/add_contig_2048x2048-faer16_f64/B
                        time:   [575.86 µs 579.31 µs 582.55 µs]
                        change: [-1.2846% -0.1086% +0.9445%] (p = 0.85 > 0.05)
                        No change in performance detected.
Found 5 outliers among 100 measurements (5.00%)
  1 (1.00%) low severe
  3 (3.00%) low mild
  1 (1.00%) high mild
Benchmarking add/add_contig_1000x777-serial_f64/A
Benchmarking add/add_contig_1000x777-serial_f64/A: Warming up for 700.00 ms
Benchmarking add/add_contig_1000x777-serial_f64/A: Collecting 100 samples in estimated 2.3727 s (15k iterations)
Benchmarking add/add_contig_1000x777-serial_f64/A: Analyzing
add/add_contig_1000x777-serial_f64/A
                        time:   [132.38 µs 135.24 µs 138.76 µs]
                        change: [+25.655% +28.194% +30.446%] (p = 0.00 < 0.05)
                        Performance has regressed.
Benchmarking add/add_contig_1000x777-serial_f64/B
Benchmarking add/add_contig_1000x777-serial_f64/B: Warming up for 700.00 ms
Benchmarking add/add_contig_1000x777-serial_f64/B: Collecting 100 samples in estimated 2.0996 s (15k iterations)
Benchmarking add/add_contig_1000x777-serial_f64/B: Analyzing
add/add_contig_1000x777-serial_f64/B
                        time:   [151.48 µs 151.53 µs 151.58 µs]
                        change: [+32.450% +32.924% +33.384%] (p = 0.00 < 0.05)
                        Performance has regressed.
Found 3 outliers among 100 measurements (3.00%)
  3 (3.00%) high mild
Benchmarking add/add_contig_1000x777-faer16_f64/A
Benchmarking add/add_contig_1000x777-faer16_f64/A: Warming up for 700.00 ms
Benchmarking add/add_contig_1000x777-faer16_f64/A: Collecting 100 samples in estimated 2.4902 s (25k iterations)
Benchmarking add/add_contig_1000x777-faer16_f64/A: Analyzing
add/add_contig_1000x777-faer16_f64/A
                        time:   [99.446 µs 99.596 µs 99.739 µs]
                        change: [-0.0168% +0.2888% +0.6034%] (p = 0.07 > 0.05)
                        No change in performance detected.
Found 3 outliers among 100 measurements (3.00%)
  2 (2.00%) low mild
  1 (1.00%) high severe
Benchmarking add/add_contig_1000x777-faer16_f64/B
Benchmarking add/add_contig_1000x777-faer16_f64/B: Warming up for 700.00 ms
Benchmarking add/add_contig_1000x777-faer16_f64/B: Collecting 100 samples in estimated 2.0149 s (20k iterations)
Benchmarking add/add_contig_1000x777-faer16_f64/B: Analyzing
add/add_contig_1000x777-faer16_f64/B
                        time:   [99.230 µs 99.387 µs 99.538 µs]
                        change: [-0.2411% +0.0787% +0.3902%] (p = 0.63 > 0.05)
                        No change in performance detected.
Found 2 outliers among 100 measurements (2.00%)
  2 (2.00%) high mild
Benchmarking add/add_contig_512x512-serial_f32/A
Benchmarking add/add_contig_512x512-serial_f32/A: Warming up for 700.00 ms
Benchmarking add/add_contig_512x512-serial_f32/A: Collecting 100 samples in estimated 2.0835 s (86k iterations)
Benchmarking add/add_contig_512x512-serial_f32/A: Analyzing
add/add_contig_512x512-serial_f32/A
                        time:   [23.923 µs 23.930 µs 23.938 µs]
                        change: [+3.1374% +3.2948% +3.4470%] (p = 0.00 < 0.05)
                        Performance has regressed.
Benchmarking add/add_contig_512x512-serial_f32/B
Benchmarking add/add_contig_512x512-serial_f32/B: Warming up for 700.00 ms
Benchmarking add/add_contig_512x512-serial_f32/B: Collecting 100 samples in estimated 2.0502 s (86k iterations)
Benchmarking add/add_contig_512x512-serial_f32/B: Analyzing
add/add_contig_512x512-serial_f32/B
                        time:   [23.780 µs 23.784 µs 23.789 µs]
                        change: [+4.6809% +4.7153% +4.7489%] (p = 0.00 < 0.05)
                        Performance has regressed.
Found 1 outliers among 100 measurements (1.00%)
  1 (1.00%) high mild
Benchmarking add/add_contig_512x512-faer16_f32/A
Benchmarking add/add_contig_512x512-faer16_f32/A: Warming up for 700.00 ms
Benchmarking add/add_contig_512x512-faer16_f32/A: Collecting 100 samples in estimated 2.2125 s (40k iterations)
Benchmarking add/add_contig_512x512-faer16_f32/A: Analyzing
add/add_contig_512x512-faer16_f32/A
                        time:   [55.062 µs 55.109 µs 55.156 µs]
                        change: [-0.7432% -0.4868% -0.2000%] (p = 0.00 < 0.05)
                        Change within noise threshold.
Found 3 outliers among 100 measurements (3.00%)
  2 (2.00%) low mild
  1 (1.00%) high severe
Benchmarking add/add_contig_512x512-faer16_f32/B
Benchmarking add/add_contig_512x512-faer16_f32/B: Warming up for 700.00 ms
Benchmarking add/add_contig_512x512-faer16_f32/B: Collecting 100 samples in estimated 2.2342 s (40k iterations)
Benchmarking add/add_contig_512x512-faer16_f32/B: Analyzing
add/add_contig_512x512-faer16_f32/B
                        time:   [55.442 µs 55.497 µs 55.549 µs]
                        change: [-2.5649% -2.3400% -2.0813%] (p = 0.00 < 0.05)
                        Performance has improved.
Found 7 outliers among 100 measurements (7.00%)
  4 (4.00%) low mild
  1 (1.00%) high mild
  2 (2.00%) high severe
Benchmarking add/add_contig_2048x2048-serial_f32/A
Benchmarking add/add_contig_2048x2048-serial_f32/A: Warming up for 700.00 ms

Warning: Unable to complete 100 samples in 2.0s. You may wish to increase target time to 3.9s, enable flat sampling, or reduce sample count to 50.
Benchmarking add/add_contig_2048x2048-serial_f32/A: Collecting 100 samples in estimated 3.8718 s (5050 iterations)
Benchmarking add/add_contig_2048x2048-serial_f32/A: Analyzing
add/add_contig_2048x2048-serial_f32/A
                        time:   [776.83 µs 780.09 µs 782.86 µs]
                        change: [+7.1350% +7.5179% +7.8856%] (p = 0.00 < 0.05)
                        Performance has regressed.
Benchmarking add/add_contig_2048x2048-serial_f32/B
Benchmarking add/add_contig_2048x2048-serial_f32/B: Warming up for 700.00 ms

Warning: Unable to complete 100 samples in 2.0s. You may wish to increase target time to 3.9s, enable flat sampling, or reduce sample count to 50.
Benchmarking add/add_contig_2048x2048-serial_f32/B: Collecting 100 samples in estimated 3.9371 s (5050 iterations)
Benchmarking add/add_contig_2048x2048-serial_f32/B: Analyzing
add/add_contig_2048x2048-serial_f32/B
                        time:   [753.54 µs 763.76 µs 771.49 µs]
                        change: [+1.3276% +4.1599% +6.6877%] (p = 0.00 < 0.05)
                        Performance has regressed.
Found 7 outliers among 100 measurements (7.00%)
  6 (6.00%) low severe
  1 (1.00%) high mild
Benchmarking add/add_contig_2048x2048-faer16_f32/A
Benchmarking add/add_contig_2048x2048-faer16_f32/A: Warming up for 700.00 ms
Benchmarking add/add_contig_2048x2048-faer16_f32/A: Collecting 100 samples in estimated 2.3162 s (10k iterations)
Benchmarking add/add_contig_2048x2048-faer16_f32/A: Analyzing
add/add_contig_2048x2048-faer16_f32/A
                        time:   [230.12 µs 230.58 µs 231.00 µs]
                        change: [-1.2973% -0.7721% -0.3203%] (p = 0.00 < 0.05)
                        Change within noise threshold.
Found 5 outliers among 100 measurements (5.00%)
  3 (3.00%) low mild
  2 (2.00%) high mild
Benchmarking add/add_contig_2048x2048-faer16_f32/B
Benchmarking add/add_contig_2048x2048-faer16_f32/B: Warming up for 700.00 ms
Benchmarking add/add_contig_2048x2048-faer16_f32/B: Collecting 100 samples in estimated 2.3440 s (10k iterations)
Benchmarking add/add_contig_2048x2048-faer16_f32/B: Analyzing
add/add_contig_2048x2048-faer16_f32/B
                        time:   [231.90 µs 232.36 µs 232.86 µs]
                        change: [-0.6810% -0.2614% +0.2084%] (p = 0.24 > 0.05)
                        No change in performance detected.
Found 7 outliers among 100 measurements (7.00%)
  3 (3.00%) low severe
  2 (2.00%) low mild
  1 (1.00%) high mild
  1 (1.00%) high severe
Benchmarking add/add_bcast_2048x2048-serial_f64/A
Benchmarking add/add_bcast_2048x2048-serial_f64/A: Warming up for 700.00 ms
Benchmarking add/add_bcast_2048x2048-serial_f64/A: Collecting 100 samples in estimated 2.3644 s (400 iterations)
Benchmarking add/add_bcast_2048x2048-serial_f64/A: Analyzing
add/add_bcast_2048x2048-serial_f64/A
                        time:   [5.8343 ms 5.8481 ms 5.8664 ms]
                        change: [+5.0273% +5.2954% +5.6271%] (p = 0.00 < 0.05)
                        Performance has regressed.
Found 8 outliers among 100 measurements (8.00%)
  1 (1.00%) low mild
  4 (4.00%) high mild
  3 (3.00%) high severe
Benchmarking add/add_bcast_2048x2048-serial_f64/B
Benchmarking add/add_bcast_2048x2048-serial_f64/B: Warming up for 700.00 ms
Benchmarking add/add_bcast_2048x2048-serial_f64/B: Collecting 100 samples in estimated 2.1306 s (1400 iterations)
Benchmarking add/add_bcast_2048x2048-serial_f64/B: Analyzing
add/add_bcast_2048x2048-serial_f64/B
                        time:   [1.5194 ms 1.5227 ms 1.5267 ms]
                        change: [+1.4731% +1.8803% +2.3262%] (p = 0.00 < 0.05)
                        Performance has regressed.
Found 6 outliers among 100 measurements (6.00%)
  3 (3.00%) high mild
  3 (3.00%) high severe
Benchmarking add/add_bcast_2048x2048-faer16_f64/A
Benchmarking add/add_bcast_2048x2048-faer16_f64/A: Warming up for 700.00 ms
Benchmarking add/add_bcast_2048x2048-faer16_f64/A: Collecting 100 samples in estimated 2.1611 s (1100 iterations)
Benchmarking add/add_bcast_2048x2048-faer16_f64/A: Analyzing
add/add_bcast_2048x2048-faer16_f64/A
                        time:   [1.9782 ms 2.0502 ms 2.1232 ms]
                        change: [-21.367% -18.603% -15.459%] (p = 0.00 < 0.05)
                        Performance has improved.
Benchmarking add/add_bcast_2048x2048-faer16_f64/B
Benchmarking add/add_bcast_2048x2048-faer16_f64/B: Warming up for 700.00 ms
Benchmarking add/add_bcast_2048x2048-faer16_f64/B: Collecting 100 samples in estimated 2.8365 s (10k iterations)
Benchmarking add/add_bcast_2048x2048-faer16_f64/B: Analyzing
add/add_bcast_2048x2048-faer16_f64/B
                        time:   [283.76 µs 285.37 µs 287.35 µs]
                        change: [+4.2572% +5.0609% +5.8672%] (p = 0.00 < 0.05)
                        Performance has regressed.
Found 5 outliers among 100 measurements (5.00%)
  1 (1.00%) low mild
  3 (3.00%) high mild
  1 (1.00%) high severe
Benchmarking add/add_strided_2048x2048-serial_f64/A
Benchmarking add/add_strided_2048x2048-serial_f64/A: Warming up for 700.00 ms

Warning: Unable to complete 100 samples in 2.0s. You may wish to increase target time to 2.8s, or reduce sample count to 70.
Benchmarking add/add_strided_2048x2048-serial_f64/A: Collecting 100 samples in estimated 2.8453 s (100 iterations)
Benchmarking add/add_strided_2048x2048-serial_f64/A: Analyzing
add/add_strided_2048x2048-serial_f64/A
                        time:   [28.053 ms 28.095 ms 28.141 ms]
                        change: [+128.01% +128.38% +128.79%] (p = 0.00 < 0.05)
                        Performance has regressed.
Found 8 outliers among 100 measurements (8.00%)
  5 (5.00%) high mild
  3 (3.00%) high severe
Benchmarking add/add_strided_2048x2048-serial_f64/B
Benchmarking add/add_strided_2048x2048-serial_f64/B: Warming up for 700.00 ms

Warning: Unable to complete 100 samples in 2.0s. You may wish to increase target time to 2.3s, or reduce sample count to 80.
Benchmarking add/add_strided_2048x2048-serial_f64/B: Collecting 100 samples in estimated 2.2974 s (100 iterations)
Benchmarking add/add_strided_2048x2048-serial_f64/B: Analyzing
add/add_strided_2048x2048-serial_f64/B
                        time:   [22.768 ms 22.787 ms 22.813 ms]
                        change: [+205.42% +205.71% +206.06%] (p = 0.00 < 0.05)
                        Performance has regressed.
Found 4 outliers among 100 measurements (4.00%)
  2 (2.00%) high mild
  2 (2.00%) high severe
Benchmarking add/add_strided_2048x2048-faer16_f64/A
Benchmarking add/add_strided_2048x2048-faer16_f64/A: Warming up for 700.00 ms
Benchmarking add/add_strided_2048x2048-faer16_f64/A: Collecting 100 samples in estimated 2.2109 s (500 iterations)
Benchmarking add/add_strided_2048x2048-faer16_f64/A: Analyzing
add/add_strided_2048x2048-faer16_f64/A
                        time:   [4.1157 ms 4.1628 ms 4.2076 ms]
                        change: [+24.314% +26.855% +29.525%] (p = 0.00 < 0.05)
                        Performance has regressed.
Found 8 outliers among 100 measurements (8.00%)
  8 (8.00%) low mild
Benchmarking add/add_strided_2048x2048-faer16_f64/B
Benchmarking add/add_strided_2048x2048-faer16_f64/B: Warming up for 700.00 ms
Benchmarking add/add_strided_2048x2048-faer16_f64/B: Collecting 100 samples in estimated 2.1606 s (1000 iterations)
Benchmarking add/add_strided_2048x2048-faer16_f64/B: Analyzing
add/add_strided_2048x2048-faer16_f64/B
                        time:   [2.1319 ms 2.1416 ms 2.1518 ms]
                        change: [+121.50% +124.00% +126.52%] (p = 0.00 < 0.05)
                        Performance has regressed.
Found 3 outliers among 100 measurements (3.00%)
  3 (3.00%) high mild
Benchmarking add/add_strided_64x64-serial_f64/A
Benchmarking add/add_strided_64x64-serial_f64/A: Warming up for 700.00 ms
Benchmarking add/add_strided_64x64-serial_f64/A: Collecting 100 samples in estimated 2.0230 s (96k iterations)
Benchmarking add/add_strided_64x64-serial_f64/A: Analyzing
add/add_strided_64x64-serial_f64/A
                        time:   [20.831 µs 20.846 µs 20.863 µs]
                        change: [+601.34% +602.35% +603.36%] (p = 0.00 < 0.05)
                        Performance has regressed.
Found 9 outliers among 100 measurements (9.00%)
  1 (1.00%) low severe
  6 (6.00%) low mild
  1 (1.00%) high mild
  1 (1.00%) high severe
Benchmarking add/add_strided_64x64-serial_f64/B
Benchmarking add/add_strided_64x64-serial_f64/B: Warming up for 700.00 ms
Benchmarking add/add_strided_64x64-serial_f64/B: Collecting 100 samples in estimated 2.0953 s (101k iterations)
Benchmarking add/add_strided_64x64-serial_f64/B: Analyzing
add/add_strided_64x64-serial_f64/B
                        time:   [20.587 µs 20.592 µs 20.597 µs]
                        change: [+600.67% +600.99% +601.31%] (p = 0.00 < 0.05)
                        Performance has regressed.
Found 1 outliers among 100 measurements (1.00%)
  1 (1.00%) high mild
Benchmarking add/add_strided_64x64-faer16_f64/A
Benchmarking add/add_strided_64x64-faer16_f64/A: Warming up for 700.00 ms
Benchmarking add/add_strided_64x64-faer16_f64/A: Collecting 100 samples in estimated 2.3123 s (25k iterations)
Benchmarking add/add_strided_64x64-faer16_f64/A: Analyzing
add/add_strided_64x64-faer16_f64/A
                        time:   [91.641 µs 91.746 µs 91.861 µs]
                        change: [+1481.1% +1516.6% +1554.3%] (p = 0.00 < 0.05)
                        Performance has regressed.
Found 11 outliers among 100 measurements (11.00%)
  5 (5.00%) low mild
  3 (3.00%) high mild
  3 (3.00%) high severe
Benchmarking add/add_strided_64x64-faer16_f64/B
Benchmarking add/add_strided_64x64-faer16_f64/B: Warming up for 700.00 ms
Benchmarking add/add_strided_64x64-faer16_f64/B: Collecting 100 samples in estimated 2.3124 s (25k iterations)
Benchmarking add/add_strided_64x64-faer16_f64/B: Analyzing
add/add_strided_64x64-faer16_f64/B
                        time:   [91.499 µs 91.597 µs 91.697 µs]
                        change: [+1564.6% +1601.0% +1638.3%] (p = 0.00 < 0.05)
                        Performance has regressed.
Found 9 outliers among 100 measurements (9.00%)
  1 (1.00%) low severe
  3 (3.00%) low mild
  4 (4.00%) high mild
  1 (1.00%) high severe
Benchmarking add/add_strided_1000x777-serial_f64/A
Benchmarking add/add_strided_1000x777-serial_f64/A: Warming up for 700.00 ms
Benchmarking add/add_strided_1000x777-serial_f64/A: Collecting 100 samples in estimated 2.2179 s (600 iterations)
Benchmarking add/add_strided_1000x777-serial_f64/A: Analyzing
add/add_strided_1000x777-serial_f64/A
                        time:   [3.6427 ms 3.6447 ms 3.6469 ms]
                        change: [+792.97% +794.48% +795.75%] (p = 0.00 < 0.05)
                        Performance has regressed.
Found 5 outliers among 100 measurements (5.00%)
  3 (3.00%) high mild
  2 (2.00%) high severe
Benchmarking add/add_strided_1000x777-serial_f64/B
Benchmarking add/add_strided_1000x777-serial_f64/B: Warming up for 700.00 ms
Benchmarking add/add_strided_1000x777-serial_f64/B: Collecting 100 samples in estimated 2.1970 s (600 iterations)
Benchmarking add/add_strided_1000x777-serial_f64/B: Analyzing
add/add_strided_1000x777-serial_f64/B
                        time:   [3.6235 ms 3.6253 ms 3.6272 ms]
                        change: [+795.97% +796.85% +797.69%] (p = 0.00 < 0.05)
                        Performance has regressed.
Found 5 outliers among 100 measurements (5.00%)
  5 (5.00%) high mild
Benchmarking add/add_strided_1000x777-faer16_f64/A
Benchmarking add/add_strided_1000x777-faer16_f64/A: Warming up for 700.00 ms

Warning: Unable to complete 100 samples in 2.0s. You may wish to increase target time to 2.6s, enable flat sampling, or reduce sample count to 60.
Benchmarking add/add_strided_1000x777-faer16_f64/A: Collecting 100 samples in estimated 2.5922 s (5050 iterations)
Benchmarking add/add_strided_1000x777-faer16_f64/A: Analyzing
add/add_strided_1000x777-faer16_f64/A
                        time:   [515.66 µs 517.33 µs 518.91 µs]
                        change: [+655.45% +683.20% +712.93%] (p = 0.00 < 0.05)
                        Performance has regressed.
Found 5 outliers among 100 measurements (5.00%)
  2 (2.00%) low mild
  1 (1.00%) high mild
  2 (2.00%) high severe
Benchmarking add/add_strided_1000x777-faer16_f64/B
Benchmarking add/add_strided_1000x777-faer16_f64/B: Warming up for 700.00 ms

Warning: Unable to complete 100 samples in 2.0s. You may wish to increase target time to 2.6s, enable flat sampling, or reduce sample count to 60.
Benchmarking add/add_strided_1000x777-faer16_f64/B: Collecting 100 samples in estimated 2.6008 s (5050 iterations)
Benchmarking add/add_strided_1000x777-faer16_f64/B: Analyzing
add/add_strided_1000x777-faer16_f64/B
                        time:   [515.70 µs 517.61 µs 519.45 µs]
                        change: [+656.64% +682.85% +711.25%] (p = 0.00 < 0.05)
                        Performance has regressed.
Found 3 outliers among 100 measurements (3.00%)
  2 (2.00%) low mild
  1 (1.00%) high mild
Benchmarking add/add_stridedfirst_2048x2048-serial_f64/A
Benchmarking add/add_stridedfirst_2048x2048-serial_f64/A: Warming up for 700.00 ms

Warning: Unable to complete 100 samples in 2.0s. You may wish to increase target time to 2.8s, or reduce sample count to 70.
Benchmarking add/add_stridedfirst_2048x2048-serial_f64/A: Collecting 100 samples in estimated 2.8462 s (100 iterations)
Benchmarking add/add_stridedfirst_2048x2048-serial_f64/A: Analyzing
add/add_stridedfirst_2048x2048-serial_f64/A
                        time:   [28.062 ms 28.157 ms 28.254 ms]
                        change: [+124.45% +125.29% +126.11%] (p = 0.00 < 0.05)
                        Performance has regressed.
Found 16 outliers among 100 measurements (16.00%)
  2 (2.00%) low severe
  8 (8.00%) high mild
  6 (6.00%) high severe
Benchmarking add/add_stridedfirst_2048x2048-serial_f64/B
Benchmarking add/add_stridedfirst_2048x2048-serial_f64/B: Warming up for 700.00 ms

Warning: Unable to complete 100 samples in 2.0s. You may wish to increase target time to 2.3s, or reduce sample count to 80.
Benchmarking add/add_stridedfirst_2048x2048-serial_f64/B: Collecting 100 samples in estimated 2.3120 s (100 iterations)
Benchmarking add/add_stridedfirst_2048x2048-serial_f64/B: Analyzing
add/add_stridedfirst_2048x2048-serial_f64/B
                        time:   [22.846 ms 22.934 ms 23.024 ms]
                        change: [+206.45% +207.49% +208.69%] (p = 0.00 < 0.05)
                        Performance has regressed.
Benchmarking add/add_stridedfirst_2048x2048-faer16_f64/A
Benchmarking add/add_stridedfirst_2048x2048-faer16_f64/A: Warming up for 700.00 ms
Benchmarking add/add_stridedfirst_2048x2048-faer16_f64/A: Collecting 100 samples in estimated 2.3608 s (600 iterations)
Benchmarking add/add_stridedfirst_2048x2048-faer16_f64/A: Analyzing
add/add_stridedfirst_2048x2048-faer16_f64/A
                        time:   [3.9993 ms 4.0326 ms 4.0677 ms]
                        change: [+23.257% +25.124% +27.125%] (p = 0.00 < 0.05)
                        Performance has regressed.
Found 5 outliers among 100 measurements (5.00%)
  5 (5.00%) high mild
Benchmarking add/add_stridedfirst_2048x2048-faer16_f64/B
Benchmarking add/add_stridedfirst_2048x2048-faer16_f64/B: Warming up for 700.00 ms
Benchmarking add/add_stridedfirst_2048x2048-faer16_f64/B: Collecting 100 samples in estimated 2.1061 s (1000 iterations)
Benchmarking add/add_stridedfirst_2048x2048-faer16_f64/B: Analyzing
add/add_stridedfirst_2048x2048-faer16_f64/B
                        time:   [2.1177 ms 2.1254 ms 2.1336 ms]
                        change: [+104.36% +108.36% +112.39%] (p = 0.00 < 0.05)
                        Performance has regressed.
Found 5 outliers among 100 measurements (5.00%)
  4 (4.00%) high mild
  1 (1.00%) high severe
Benchmarking add/addasgn_strided_2048x2048-serial_f64/B
Benchmarking add/addasgn_strided_2048x2048-serial_f64/B: Warming up for 700.00 ms
Benchmarking add/addasgn_strided_2048x2048-serial_f64/B: Collecting 100 samples in estimated 3.6317 s (200 iterations)
Benchmarking add/addasgn_strided_2048x2048-serial_f64/B: Analyzing
add/addasgn_strided_2048x2048-serial_f64/B
                        time:   [17.862 ms 17.925 ms 17.986 ms]
                        change: [+192.86% +193.87% +195.05%] (p = 0.00 < 0.05)
                        Performance has regressed.
Found 8 outliers among 100 measurements (8.00%)
  6 (6.00%) low mild
  2 (2.00%) high mild
Benchmarking add/addasgn_strided_2048x2048-faer16_f64/B
Benchmarking add/addasgn_strided_2048x2048-faer16_f64/B: Warming up for 700.00 ms
Benchmarking add/addasgn_strided_2048x2048-faer16_f64/B: Collecting 100 samples in estimated 2.1432 s (1400 iterations)
Benchmarking add/addasgn_strided_2048x2048-faer16_f64/B: Analyzing
add/addasgn_strided_2048x2048-faer16_f64/B
                        time:   [1.5195 ms 1.5261 ms 1.5331 ms]
                        change: [+99.256% +103.90% +108.35%] (p = 0.00 < 0.05)
                        Performance has regressed.
Found 11 outliers among 100 measurements (11.00%)
  8 (8.00%) high mild
  3 (3.00%) high severe

Benchmarking mul/mul_contig_2048x2048-serial_f64/A
Benchmarking mul/mul_contig_2048x2048-serial_f64/A: Warming up for 700.00 ms
Benchmarking mul/mul_contig_2048x2048-serial_f64/A: Collecting 100 samples in estimated 2.5993 s (400 iterations)
Benchmarking mul/mul_contig_2048x2048-serial_f64/A: Analyzing
mul/mul_contig_2048x2048-serial_f64/A
                        time:   [6.5132 ms 6.5195 ms 6.5258 ms]
                        change: [+5.9265% +6.0282% +6.1391%] (p = 0.00 < 0.05)
                        Performance has regressed.
Found 4 outliers among 100 measurements (4.00%)
  2 (2.00%) low mild
  2 (2.00%) high mild
Benchmarking mul/mul_contig_2048x2048-serial_f64/B
Benchmarking mul/mul_contig_2048x2048-serial_f64/B: Warming up for 700.00 ms
Benchmarking mul/mul_contig_2048x2048-serial_f64/B: Collecting 100 samples in estimated 2.0420 s (1000 iterations)
Benchmarking mul/mul_contig_2048x2048-serial_f64/B: Analyzing
mul/mul_contig_2048x2048-serial_f64/B
                        time:   [2.0353 ms 2.0376 ms 2.0401 ms]
                        change: [-1.6475% -1.5100% -1.3587%] (p = 0.00 < 0.05)
                        Performance has improved.
Found 14 outliers among 100 measurements (14.00%)
  7 (7.00%) high mild
  7 (7.00%) high severe
Benchmarking mul/mul_contig_2048x2048-faer16_f64/A
Benchmarking mul/mul_contig_2048x2048-faer16_f64/A: Warming up for 700.00 ms
Benchmarking mul/mul_contig_2048x2048-faer16_f64/A: Collecting 100 samples in estimated 2.2009 s (900 iterations)
Benchmarking mul/mul_contig_2048x2048-faer16_f64/A: Analyzing
mul/mul_contig_2048x2048-faer16_f64/A
                        time:   [2.2822 ms 2.3044 ms 2.3266 ms]
                        change: [+0.2357% +2.2646% +4.3680%] (p = 0.03 < 0.05)
                        Change within noise threshold.
Benchmarking mul/mul_contig_2048x2048-faer16_f64/B
Benchmarking mul/mul_contig_2048x2048-faer16_f64/B: Warming up for 700.00 ms

Warning: Unable to complete 100 samples in 2.0s. You may wish to increase target time to 2.8s, enable flat sampling, or reduce sample count to 60.
Benchmarking mul/mul_contig_2048x2048-faer16_f64/B: Collecting 100 samples in estimated 2.7502 s (5050 iterations)
Benchmarking mul/mul_contig_2048x2048-faer16_f64/B: Analyzing
mul/mul_contig_2048x2048-faer16_f64/B
                        time:   [565.56 µs 568.48 µs 571.44 µs]
                        change: [-3.8508% -3.0896% -2.3533%] (p = 0.00 < 0.05)
                        Performance has improved.
Found 1 outliers among 100 measurements (1.00%)
  1 (1.00%) low mild

Benchmarking scale/scale_contig_2048x2048-serial_f64/A
Benchmarking scale/scale_contig_2048x2048-serial_f64/A: Warming up for 700.00 ms
Benchmarking scale/scale_contig_2048x2048-serial_f64/A: Collecting 100 samples in estimated 2.1606 s (400 iterations)
Benchmarking scale/scale_contig_2048x2048-serial_f64/A: Analyzing
scale/scale_contig_2048x2048-serial_f64/A
                        time:   [5.4479 ms 5.4552 ms 5.4628 ms]
                        change: [+2.3659% +2.5019% +2.6676%] (p = 0.00 < 0.05)
                        Performance has regressed.
Found 2 outliers among 100 measurements (2.00%)
  2 (2.00%) high mild
Benchmarking scale/scale_contig_2048x2048-serial_f64/B
Benchmarking scale/scale_contig_2048x2048-serial_f64/B: Warming up for 700.00 ms
Benchmarking scale/scale_contig_2048x2048-serial_f64/B: Collecting 100 samples in estimated 2.0176 s (1300 iterations)
Benchmarking scale/scale_contig_2048x2048-serial_f64/B: Analyzing
scale/scale_contig_2048x2048-serial_f64/B
                        time:   [1.5433 ms 1.5459 ms 1.5488 ms]
                        change: [+2.8262% +3.0359% +3.2389%] (p = 0.00 < 0.05)
                        Performance has regressed.
Found 11 outliers among 100 measurements (11.00%)
  7 (7.00%) high mild
  4 (4.00%) high severe
Benchmarking scale/scale_contig_2048x2048-faer16_f64/A
Benchmarking scale/scale_contig_2048x2048-faer16_f64/A: Warming up for 700.00 ms
Benchmarking scale/scale_contig_2048x2048-faer16_f64/A: Collecting 100 samples in estimated 2.1153 s (1000 iterations)
Benchmarking scale/scale_contig_2048x2048-faer16_f64/A: Analyzing
scale/scale_contig_2048x2048-faer16_f64/A
                        time:   [2.3438 ms 2.3718 ms 2.3989 ms]
                        change: [+12.239% +14.758% +17.356%] (p = 0.00 < 0.05)
                        Performance has regressed.
Benchmarking scale/scale_contig_2048x2048-faer16_f64/B
Benchmarking scale/scale_contig_2048x2048-faer16_f64/B: Warming up for 700.00 ms
Benchmarking scale/scale_contig_2048x2048-faer16_f64/B: Collecting 100 samples in estimated 2.8353 s (10k iterations)
Benchmarking scale/scale_contig_2048x2048-faer16_f64/B: Analyzing
scale/scale_contig_2048x2048-faer16_f64/B
                        time:   [272.78 µs 274.35 µs 276.07 µs]
                        change: [+0.5203% +1.7600% +3.0689%] (p = 0.01 < 0.05)
                        Change within noise threshold.
Found 9 outliers among 100 measurements (9.00%)
  2 (2.00%) high mild
  7 (7.00%) high severe

