   Compiling reductions v0.1.0 (/home/a/rstsr_pack/rstsr-improve-trajectory/2026-09-09-reductions)
    Finished `bench` profile [optimized] target(s) in 4.54s
     Running benches/reduce.rs (target/release/deps/reduce-02062648aa20ab36)
Gnuplot not found, using plotters backend
[harness] DeviceFaer thread pool: 16 threads (RAYON_NUM_THREADS convention)
Benchmarking reduce2d/small_64x64-serial_f64/sum_axis0
Benchmarking reduce2d/small_64x64-serial_f64/sum_axis0: Warming up for 700.00 ms
Benchmarking reduce2d/small_64x64-serial_f64/sum_axis0: Collecting 100 samples in estimated 2.0053 s (1.1M iterations)
Benchmarking reduce2d/small_64x64-serial_f64/sum_axis0: Analyzing
reduce2d/small_64x64-serial_f64/sum_axis0
                        time:   [1.8487 µs 1.8575 µs 1.8734 µs]
                        change: [+3.1490% +3.3895% +3.7473%] (p = 0.00 < 0.05)
                        Performance has regressed.
Found 3 outliers among 100 measurements (3.00%)
  1 (1.00%) high mild
  2 (2.00%) high severe
Benchmarking reduce2d/small_64x64-serial_f64/sum_axis1
Benchmarking reduce2d/small_64x64-serial_f64/sum_axis1: Warming up for 700.00 ms
Benchmarking reduce2d/small_64x64-serial_f64/sum_axis1: Collecting 100 samples in estimated 2.0069 s (1.0M iterations)
Benchmarking reduce2d/small_64x64-serial_f64/sum_axis1: Analyzing
reduce2d/small_64x64-serial_f64/sum_axis1
                        time:   [1.9695 µs 1.9728 µs 1.9788 µs]
                        change: [+1.0362% +1.2049% +1.3906%] (p = 0.00 < 0.05)
                        Performance has regressed.
Found 3 outliers among 100 measurements (3.00%)
  3 (3.00%) high severe
Benchmarking reduce2d/small_64x64-serial_f64/sum_all
Benchmarking reduce2d/small_64x64-serial_f64/sum_all: Warming up for 700.00 ms
Benchmarking reduce2d/small_64x64-serial_f64/sum_all: Collecting 100 samples in estimated 2.0002 s (5.4M iterations)
Benchmarking reduce2d/small_64x64-serial_f64/sum_all: Analyzing
reduce2d/small_64x64-serial_f64/sum_all
                        time:   [369.29 ns 369.39 ns 369.52 ns]
                        change: [-0.3337% -0.2614% -0.1937%] (p = 0.00 < 0.05)
                        Change within noise threshold.
Found 7 outliers among 100 measurements (7.00%)
  7 (7.00%) high mild
Benchmarking reduce2d/medium_512x512-serial_f64/sum_axis0
Benchmarking reduce2d/medium_512x512-serial_f64/sum_axis0: Warming up for 700.00 ms
Benchmarking reduce2d/medium_512x512-serial_f64/sum_axis0: Collecting 100 samples in estimated 2.1377 s (56k iterations)
Benchmarking reduce2d/medium_512x512-serial_f64/sum_axis0: Analyzing
reduce2d/medium_512x512-serial_f64/sum_axis0
                        time:   [38.256 µs 38.266 µs 38.278 µs]
                        change: [-8.8685% -8.8200% -8.7701%] (p = 0.00 < 0.05)
                        Performance has improved.
Found 4 outliers among 100 measurements (4.00%)
  1 (1.00%) low mild
  2 (2.00%) high mild
  1 (1.00%) high severe
Benchmarking reduce2d/medium_512x512-serial_f64/sum_axis1
Benchmarking reduce2d/medium_512x512-serial_f64/sum_axis1: Warming up for 700.00 ms
Benchmarking reduce2d/medium_512x512-serial_f64/sum_axis1: Collecting 100 samples in estimated 2.0780 s (96k iterations)
Benchmarking reduce2d/medium_512x512-serial_f64/sum_axis1: Analyzing
reduce2d/medium_512x512-serial_f64/sum_axis1
                        time:   [21.490 µs 21.508 µs 21.526 µs]
                        change: [+0.6058% +0.7954% +0.9885%] (p = 0.00 < 0.05)
                        Change within noise threshold.
Found 1 outliers among 100 measurements (1.00%)
  1 (1.00%) high mild
Benchmarking reduce2d/medium_512x512-serial_f64/sum_all
Benchmarking reduce2d/medium_512x512-serial_f64/sum_all: Warming up for 700.00 ms
Benchmarking reduce2d/medium_512x512-serial_f64/sum_all: Collecting 100 samples in estimated 2.0471 s (131k iterations)
Benchmarking reduce2d/medium_512x512-serial_f64/sum_all: Analyzing
reduce2d/medium_512x512-serial_f64/sum_all
                        time:   [15.536 µs 15.546 µs 15.555 µs]
                        change: [-0.2997% -0.0636% +0.1558%] (p = 0.59 > 0.05)
                        No change in performance detected.
Found 5 outliers among 100 measurements (5.00%)
  3 (3.00%) low mild
  2 (2.00%) high mild
Benchmarking reduce2d/medium_512x512-serial_f64/mean_axis1
Benchmarking reduce2d/medium_512x512-serial_f64/mean_axis1: Warming up for 700.00 ms
Benchmarking reduce2d/medium_512x512-serial_f64/mean_axis1: Collecting 100 samples in estimated 2.0073 s (91k iterations)
Benchmarking reduce2d/medium_512x512-serial_f64/mean_axis1: Analyzing
reduce2d/medium_512x512-serial_f64/mean_axis1
                        time:   [21.816 µs 21.836 µs 21.858 µs]
                        change: [+0.2131% +0.3975% +0.5815%] (p = 0.00 < 0.05)
                        Change within noise threshold.
Found 2 outliers among 100 measurements (2.00%)
  2 (2.00%) high mild
Benchmarking reduce2d/medium_512x512-serial_f64/var_axis1
Benchmarking reduce2d/medium_512x512-serial_f64/var_axis1: Warming up for 700.00 ms
Benchmarking reduce2d/medium_512x512-serial_f64/var_axis1: Collecting 100 samples in estimated 2.1394 s (45k iterations)
Benchmarking reduce2d/medium_512x512-serial_f64/var_axis1: Analyzing
reduce2d/medium_512x512-serial_f64/var_axis1
                        time:   [46.636 µs 46.657 µs 46.678 µs]
                        change: [+1.0052% +1.0638% +1.1218%] (p = 0.00 < 0.05)
                        Performance has regressed.
Found 6 outliers among 100 measurements (6.00%)
  3 (3.00%) low mild
  3 (3.00%) high mild
Benchmarking reduce2d/medium_512x512-serial_f64/norm_all
Benchmarking reduce2d/medium_512x512-serial_f64/norm_all: Warming up for 700.00 ms
Benchmarking reduce2d/medium_512x512-serial_f64/norm_all: Collecting 100 samples in estimated 2.0375 s (121k iterations)
Benchmarking reduce2d/medium_512x512-serial_f64/norm_all: Analyzing
reduce2d/medium_512x512-serial_f64/norm_all
                        time:   [16.467 µs 16.479 µs 16.491 µs]
                        change: [-0.9667% -0.6877% -0.4282%] (p = 0.00 < 0.05)
                        Change within noise threshold.
Found 5 outliers among 100 measurements (5.00%)
  1 (1.00%) low mild
  4 (4.00%) high mild
Benchmarking reduce2d/medium_512x512-serial_f64/min_axis0
Benchmarking reduce2d/medium_512x512-serial_f64/min_axis0: Warming up for 700.00 ms
Benchmarking reduce2d/medium_512x512-serial_f64/min_axis0: Collecting 100 samples in estimated 2.1814 s (56k iterations)
Benchmarking reduce2d/medium_512x512-serial_f64/min_axis0: Analyzing
reduce2d/medium_512x512-serial_f64/min_axis0
                        time:   [39.071 µs 39.106 µs 39.142 µs]
                        change: [-19.358% -19.305% -19.251%] (p = 0.00 < 0.05)
                        Performance has improved.
Found 3 outliers among 100 measurements (3.00%)
  1 (1.00%) high mild
  2 (2.00%) high severe
Benchmarking reduce2d/medium_512x512-serial_f64/max_axis0
Benchmarking reduce2d/medium_512x512-serial_f64/max_axis0: Warming up for 700.00 ms
Benchmarking reduce2d/medium_512x512-serial_f64/max_axis0: Collecting 100 samples in estimated 2.1736 s (56k iterations)
Benchmarking reduce2d/medium_512x512-serial_f64/max_axis0: Analyzing
reduce2d/medium_512x512-serial_f64/max_axis0
                        time:   [38.907 µs 38.930 µs 38.955 µs]
                        change: [-15.032% -14.975% -14.913%] (p = 0.00 < 0.05)
                        Performance has improved.
Found 9 outliers among 100 measurements (9.00%)
  1 (1.00%) low mild
  6 (6.00%) high mild
  2 (2.00%) high severe
Benchmarking reduce2d/large_2048x2048-serial_f64/sum_axis0
Benchmarking reduce2d/large_2048x2048-serial_f64/sum_axis0: Warming up for 700.00 ms
Benchmarking reduce2d/large_2048x2048-serial_f64/sum_axis0: Collecting 100 samples in estimated 2.0419 s (1400 iterations)
Benchmarking reduce2d/large_2048x2048-serial_f64/sum_axis0: Analyzing
reduce2d/large_2048x2048-serial_f64/sum_axis0
                        time:   [1.4255 ms 1.4304 ms 1.4354 ms]
                        change: [-28.769% -28.275% -27.814%] (p = 0.00 < 0.05)
                        Performance has improved.
Found 3 outliers among 100 measurements (3.00%)
  3 (3.00%) high mild
Benchmarking reduce2d/large_2048x2048-serial_f64/sum_axis1
Benchmarking reduce2d/large_2048x2048-serial_f64/sum_axis1: Warming up for 700.00 ms

Warning: Unable to complete 100 samples in 2.0s. You may wish to increase target time to 2.4s, enable flat sampling, or reduce sample count to 60.
Benchmarking reduce2d/large_2048x2048-serial_f64/sum_axis1: Collecting 100 samples in estimated 2.4135 s (5050 iterations)
Benchmarking reduce2d/large_2048x2048-serial_f64/sum_axis1: Analyzing
reduce2d/large_2048x2048-serial_f64/sum_axis1
                        time:   [464.39 µs 467.90 µs 471.39 µs]
                        change: [-5.6884% -3.8363% -2.1314%] (p = 0.00 < 0.05)
                        Performance has improved.
Found 2 outliers among 100 measurements (2.00%)
  2 (2.00%) high mild
Benchmarking reduce2d/large_2048x2048-serial_f64/sum_all
Benchmarking reduce2d/large_2048x2048-serial_f64/sum_all: Warming up for 700.00 ms

Warning: Unable to complete 100 samples in 2.0s. You may wish to increase target time to 2.3s, enable flat sampling, or reduce sample count to 60.
Benchmarking reduce2d/large_2048x2048-serial_f64/sum_all: Collecting 100 samples in estimated 2.2655 s (5050 iterations)
Benchmarking reduce2d/large_2048x2048-serial_f64/sum_all: Analyzing
reduce2d/large_2048x2048-serial_f64/sum_all
                        time:   [452.22 µs 455.55 µs 458.92 µs]
                        change: [+1.0106% +2.2918% +3.6039%] (p = 0.00 < 0.05)
                        Performance has regressed.
Found 4 outliers among 100 measurements (4.00%)
  4 (4.00%) low mild
Benchmarking reduce2d/large_2048x2048-serial_f64/mean_axis1
Benchmarking reduce2d/large_2048x2048-serial_f64/mean_axis1: Warming up for 700.00 ms

Warning: Unable to complete 100 samples in 2.0s. You may wish to increase target time to 2.5s, enable flat sampling, or reduce sample count to 60.
Benchmarking reduce2d/large_2048x2048-serial_f64/mean_axis1: Collecting 100 samples in estimated 2.4688 s (5050 iterations)
Benchmarking reduce2d/large_2048x2048-serial_f64/mean_axis1: Analyzing
reduce2d/large_2048x2048-serial_f64/mean_axis1
                        time:   [487.26 µs 489.74 µs 492.28 µs]
                        change: [+2.9287% +4.2326% +5.4633%] (p = 0.00 < 0.05)
                        Performance has regressed.
Found 9 outliers among 100 measurements (9.00%)
  3 (3.00%) low mild
  3 (3.00%) high mild
  3 (3.00%) high severe
Benchmarking reduce2d/large_2048x2048-serial_f64/var_axis1
Benchmarking reduce2d/large_2048x2048-serial_f64/var_axis1: Warming up for 700.00 ms

Warning: Unable to complete 100 samples in 2.0s. You may wish to increase target time to 4.0s, enable flat sampling, or reduce sample count to 50.
Benchmarking reduce2d/large_2048x2048-serial_f64/var_axis1: Collecting 100 samples in estimated 3.9547 s (5050 iterations)
Benchmarking reduce2d/large_2048x2048-serial_f64/var_axis1: Analyzing
reduce2d/large_2048x2048-serial_f64/var_axis1
                        time:   [778.57 µs 779.74 µs 781.07 µs]
                        change: [+0.7266% +0.9607% +1.2032%] (p = 0.00 < 0.05)
                        Change within noise threshold.
Found 9 outliers among 100 measurements (9.00%)
  2 (2.00%) low mild
  6 (6.00%) high mild
  1 (1.00%) high severe
Benchmarking reduce2d/large_2048x2048-serial_f64/norm_all
Benchmarking reduce2d/large_2048x2048-serial_f64/norm_all: Warming up for 700.00 ms

Warning: Unable to complete 100 samples in 2.0s. You may wish to increase target time to 2.4s, enable flat sampling, or reduce sample count to 60.
Benchmarking reduce2d/large_2048x2048-serial_f64/norm_all: Collecting 100 samples in estimated 2.4485 s (5050 iterations)
Benchmarking reduce2d/large_2048x2048-serial_f64/norm_all: Analyzing
reduce2d/large_2048x2048-serial_f64/norm_all
                        time:   [480.24 µs 483.19 µs 486.38 µs]
                        change: [-1.4836% -0.1125% +1.2425%] (p = 0.87 > 0.05)
                        No change in performance detected.
Found 3 outliers among 100 measurements (3.00%)
  3 (3.00%) high mild
Benchmarking reduce2d/large_2048x2048-serial_f64/min_axis0
Benchmarking reduce2d/large_2048x2048-serial_f64/min_axis0: Warming up for 700.00 ms
Benchmarking reduce2d/large_2048x2048-serial_f64/min_axis0: Collecting 100 samples in estimated 2.0365 s (1300 iterations)
Benchmarking reduce2d/large_2048x2048-serial_f64/min_axis0: Analyzing
reduce2d/large_2048x2048-serial_f64/min_axis0
                        time:   [1.5954 ms 1.6041 ms 1.6148 ms]
                        change: [-29.235% -28.505% -27.796%] (p = 0.00 < 0.05)
                        Performance has improved.
Found 4 outliers among 100 measurements (4.00%)
  2 (2.00%) high mild
  2 (2.00%) high severe
Benchmarking reduce2d/large_2048x2048-serial_f64/max_axis0
Benchmarking reduce2d/large_2048x2048-serial_f64/max_axis0: Warming up for 700.00 ms
Benchmarking reduce2d/large_2048x2048-serial_f64/max_axis0: Collecting 100 samples in estimated 2.0673 s (1400 iterations)
Benchmarking reduce2d/large_2048x2048-serial_f64/max_axis0: Analyzing
reduce2d/large_2048x2048-serial_f64/max_axis0
                        time:   [1.5948 ms 1.6023 ms 1.6109 ms]
                        change: [-27.593% -25.153% -22.160%] (p = 0.00 < 0.05)
                        Performance has improved.
Found 2 outliers among 100 measurements (2.00%)
  2 (2.00%) high severe
Benchmarking reduce2d/odd_1000x777-serial_f64/sum_axis0
Benchmarking reduce2d/odd_1000x777-serial_f64/sum_axis0: Warming up for 700.00 ms
Benchmarking reduce2d/odd_1000x777-serial_f64/sum_axis0: Collecting 100 samples in estimated 2.3844 s (25k iterations)
Benchmarking reduce2d/odd_1000x777-serial_f64/sum_axis0: Analyzing
reduce2d/odd_1000x777-serial_f64/sum_axis0
                        time:   [99.175 µs 99.933 µs 100.52 µs]
                        change: [-19.724% -19.052% -18.393%] (p = 0.00 < 0.05)
                        Performance has improved.
Benchmarking reduce2d/odd_1000x777-serial_f64/sum_axis1
Benchmarking reduce2d/odd_1000x777-serial_f64/sum_axis1: Warming up for 700.00 ms
Benchmarking reduce2d/odd_1000x777-serial_f64/sum_axis1: Collecting 100 samples in estimated 2.0572 s (35k iterations)
Benchmarking reduce2d/odd_1000x777-serial_f64/sum_axis1: Analyzing
reduce2d/odd_1000x777-serial_f64/sum_axis1
                        time:   [57.814 µs 57.836 µs 57.858 µs]
                        change: [-2.7538% -2.5889% -2.4173%] (p = 0.00 < 0.05)
                        Performance has improved.
Found 4 outliers among 100 measurements (4.00%)
  2 (2.00%) high mild
  2 (2.00%) high severe
Benchmarking reduce2d/odd_1000x777-serial_f64/sum_all
Benchmarking reduce2d/odd_1000x777-serial_f64/sum_all: Warming up for 700.00 ms
Benchmarking reduce2d/odd_1000x777-serial_f64/sum_all: Collecting 100 samples in estimated 2.1880 s (45k iterations)
Benchmarking reduce2d/odd_1000x777-serial_f64/sum_all: Analyzing
reduce2d/odd_1000x777-serial_f64/sum_all
                        time:   [47.907 µs 47.928 µs 47.951 µs]
                        change: [-0.4604% -0.3710% -0.2799%] (p = 0.00 < 0.05)
                        Change within noise threshold.
Found 5 outliers among 100 measurements (5.00%)
  2 (2.00%) low mild
  1 (1.00%) high mild
  2 (2.00%) high severe
Benchmarking reduce2d/small_64x64-faer16_f64/sum_axis0
Benchmarking reduce2d/small_64x64-faer16_f64/sum_axis0: Warming up for 700.00 ms
Benchmarking reduce2d/small_64x64-faer16_f64/sum_axis0: Collecting 100 samples in estimated 2.0236 s (157k iterations)
Benchmarking reduce2d/small_64x64-faer16_f64/sum_axis0: Analyzing
reduce2d/small_64x64-faer16_f64/sum_axis0
                        time:   [12.918 µs 12.955 µs 12.993 µs]
                        change: [+0.2864% +0.5791% +0.9289%] (p = 0.00 < 0.05)
                        Change within noise threshold.
Found 5 outliers among 100 measurements (5.00%)
  1 (1.00%) low mild
  2 (2.00%) high mild
  2 (2.00%) high severe
Benchmarking reduce2d/small_64x64-faer16_f64/sum_axis1
Benchmarking reduce2d/small_64x64-faer16_f64/sum_axis1: Warming up for 700.00 ms
Benchmarking reduce2d/small_64x64-faer16_f64/sum_axis1: Collecting 100 samples in estimated 2.0939 s (101k iterations)
Benchmarking reduce2d/small_64x64-faer16_f64/sum_axis1: Analyzing
reduce2d/small_64x64-faer16_f64/sum_axis1
                        time:   [20.740 µs 20.774 µs 20.816 µs]
                        change: [-1.4087% -1.0177% -0.5263%] (p = 0.00 < 0.05)
                        Change within noise threshold.
Found 6 outliers among 100 measurements (6.00%)
  1 (1.00%) low severe
  2 (2.00%) high mild
  3 (3.00%) high severe
Benchmarking reduce2d/small_64x64-faer16_f64/sum_all
Benchmarking reduce2d/small_64x64-faer16_f64/sum_all: Warming up for 700.00 ms
Benchmarking reduce2d/small_64x64-faer16_f64/sum_all: Collecting 100 samples in estimated 2.0087 s (298k iterations)
Benchmarking reduce2d/small_64x64-faer16_f64/sum_all: Analyzing
reduce2d/small_64x64-faer16_f64/sum_all
                        time:   [6.5723 µs 6.6698 µs 6.7669 µs]
                        change: [-0.1143% +1.2739% +2.7011%] (p = 0.08 > 0.05)
                        No change in performance detected.
Found 1 outliers among 100 measurements (1.00%)
  1 (1.00%) low mild
Benchmarking reduce2d/medium_512x512-faer16_f64/sum_axis0
Benchmarking reduce2d/medium_512x512-faer16_f64/sum_axis0: Warming up for 700.00 ms
Benchmarking reduce2d/medium_512x512-faer16_f64/sum_axis0: Collecting 100 samples in estimated 2.0921 s (35k iterations)
Benchmarking reduce2d/medium_512x512-faer16_f64/sum_axis0: Analyzing
reduce2d/medium_512x512-faer16_f64/sum_axis0
                        time:   [47.837 µs 50.856 µs 54.068 µs]
                        change: [-12.777% -9.3528% -6.5924%] (p = 0.00 < 0.05)
                        Performance has improved.
Found 18 outliers among 100 measurements (18.00%)
  10 (10.00%) low severe
  8 (8.00%) low mild
Benchmarking reduce2d/medium_512x512-faer16_f64/sum_axis1
Benchmarking reduce2d/medium_512x512-faer16_f64/sum_axis1: Warming up for 700.00 ms
Benchmarking reduce2d/medium_512x512-faer16_f64/sum_axis1: Collecting 100 samples in estimated 2.2182 s (50k iterations)
Benchmarking reduce2d/medium_512x512-faer16_f64/sum_axis1: Analyzing
reduce2d/medium_512x512-faer16_f64/sum_axis1
                        time:   [43.323 µs 43.457 µs 43.619 µs]
                        change: [-1.7053% -1.4415% -1.1290%] (p = 0.00 < 0.05)
                        Performance has improved.
Found 13 outliers among 100 measurements (13.00%)
  9 (9.00%) high mild
  4 (4.00%) high severe
Benchmarking reduce2d/medium_512x512-faer16_f64/sum_all
Benchmarking reduce2d/medium_512x512-faer16_f64/sum_all: Warming up for 700.00 ms
Benchmarking reduce2d/medium_512x512-faer16_f64/sum_all: Collecting 100 samples in estimated 2.0323 s (126k iterations)
Benchmarking reduce2d/medium_512x512-faer16_f64/sum_all: Analyzing
reduce2d/medium_512x512-faer16_f64/sum_all
                        time:   [16.035 µs 16.047 µs 16.060 µs]
                        change: [-0.4511% -0.2474% +0.0143%] (p = 0.03 < 0.05)
                        Change within noise threshold.
Found 6 outliers among 100 measurements (6.00%)
  1 (1.00%) low severe
  1 (1.00%) low mild
  2 (2.00%) high mild
  2 (2.00%) high severe
Benchmarking reduce2d/medium_512x512-faer16_f64/mean_axis1
Benchmarking reduce2d/medium_512x512-faer16_f64/mean_axis1: Warming up for 700.00 ms
Benchmarking reduce2d/medium_512x512-faer16_f64/mean_axis1: Collecting 100 samples in estimated 2.2009 s (50k iterations)
Benchmarking reduce2d/medium_512x512-faer16_f64/mean_axis1: Analyzing
reduce2d/medium_512x512-faer16_f64/mean_axis1
                        time:   [43.425 µs 43.487 µs 43.571 µs]
                        change: [-3.3223% -2.6361% -1.9285%] (p = 0.00 < 0.05)
                        Performance has improved.
Found 8 outliers among 100 measurements (8.00%)
  2 (2.00%) low mild
  2 (2.00%) high mild
  4 (4.00%) high severe
Benchmarking reduce2d/medium_512x512-faer16_f64/var_axis1
Benchmarking reduce2d/medium_512x512-faer16_f64/var_axis1: Warming up for 700.00 ms
Benchmarking reduce2d/medium_512x512-faer16_f64/var_axis1: Collecting 100 samples in estimated 2.0463 s (45k iterations)
Benchmarking reduce2d/medium_512x512-faer16_f64/var_axis1: Analyzing
reduce2d/medium_512x512-faer16_f64/var_axis1
                        time:   [45.029 µs 45.192 µs 45.442 µs]
                        change: [-2.7626% -2.3439% -1.9702%] (p = 0.00 < 0.05)
                        Performance has improved.
Found 8 outliers among 100 measurements (8.00%)
  4 (4.00%) high mild
  4 (4.00%) high severe
Benchmarking reduce2d/medium_512x512-faer16_f64/norm_all
Benchmarking reduce2d/medium_512x512-faer16_f64/norm_all: Warming up for 700.00 ms
Benchmarking reduce2d/medium_512x512-faer16_f64/norm_all: Collecting 100 samples in estimated 2.0636 s (126k iterations)
Benchmarking reduce2d/medium_512x512-faer16_f64/norm_all: Analyzing
reduce2d/medium_512x512-faer16_f64/norm_all
                        time:   [16.322 µs 16.340 µs 16.366 µs]
                        change: [-1.0057% -0.7673% -0.5529%] (p = 0.00 < 0.05)
                        Change within noise threshold.
Found 8 outliers among 100 measurements (8.00%)
  2 (2.00%) low mild
  3 (3.00%) high mild
  3 (3.00%) high severe
Benchmarking reduce2d/medium_512x512-faer16_f64/min_axis0
Benchmarking reduce2d/medium_512x512-faer16_f64/min_axis0: Warming up for 700.00 ms
Benchmarking reduce2d/medium_512x512-faer16_f64/min_axis0: Collecting 100 samples in estimated 2.1923 s (45k iterations)
Benchmarking reduce2d/medium_512x512-faer16_f64/min_axis0: Analyzing
reduce2d/medium_512x512-faer16_f64/min_axis0
                        time:   [46.825 µs 49.323 µs 51.871 µs]
                        change: [-15.299% -11.251% -6.8069%] (p = 0.00 < 0.05)
                        Performance has improved.
Benchmarking reduce2d/medium_512x512-faer16_f64/max_axis0
Benchmarking reduce2d/medium_512x512-faer16_f64/max_axis0: Warming up for 700.00 ms
Benchmarking reduce2d/medium_512x512-faer16_f64/max_axis0: Collecting 100 samples in estimated 2.0813 s (40k iterations)
Benchmarking reduce2d/medium_512x512-faer16_f64/max_axis0: Analyzing
reduce2d/medium_512x512-faer16_f64/max_axis0
                        time:   [51.809 µs 54.951 µs 58.277 µs]
                        change: [+28.257% +35.316% +42.849%] (p = 0.00 < 0.05)
                        Performance has regressed.
Benchmarking reduce2d/large_2048x2048-faer16_f64/sum_axis0
Benchmarking reduce2d/large_2048x2048-faer16_f64/sum_axis0: Warming up for 700.00 ms

Warning: Unable to complete 100 samples in 2.0s. You may wish to increase target time to 2.1s, enable flat sampling, or reduce sample count to 60.
Benchmarking reduce2d/large_2048x2048-faer16_f64/sum_axis0: Collecting 100 samples in estimated 2.1231 s (5050 iterations)
Benchmarking reduce2d/large_2048x2048-faer16_f64/sum_axis0: Analyzing
reduce2d/large_2048x2048-faer16_f64/sum_axis0
                        time:   [380.28 µs 389.08 µs 398.89 µs]
                        change: [+31.011% +35.353% +39.775%] (p = 0.00 < 0.05)
                        Performance has regressed.
Found 2 outliers among 100 measurements (2.00%)
  2 (2.00%) low mild
Benchmarking reduce2d/large_2048x2048-faer16_f64/sum_axis1
Benchmarking reduce2d/large_2048x2048-faer16_f64/sum_axis1: Warming up for 700.00 ms
Benchmarking reduce2d/large_2048x2048-faer16_f64/sum_axis1: Collecting 100 samples in estimated 2.4045 s (25k iterations)
Benchmarking reduce2d/large_2048x2048-faer16_f64/sum_axis1: Analyzing
reduce2d/large_2048x2048-faer16_f64/sum_axis1
                        time:   [91.765 µs 92.076 µs 92.451 µs]
                        change: [-1.5368% -0.9950% -0.4545%] (p = 0.00 < 0.05)
                        Change within noise threshold.
Found 11 outliers among 100 measurements (11.00%)
  7 (7.00%) high mild
  4 (4.00%) high severe
Benchmarking reduce2d/large_2048x2048-faer16_f64/sum_all
Benchmarking reduce2d/large_2048x2048-faer16_f64/sum_all: Warming up for 700.00 ms
Benchmarking reduce2d/large_2048x2048-faer16_f64/sum_all: Collecting 100 samples in estimated 2.1727 s (40k iterations)
Benchmarking reduce2d/large_2048x2048-faer16_f64/sum_all: Analyzing
reduce2d/large_2048x2048-faer16_f64/sum_all
                        time:   [53.723 µs 53.860 µs 54.005 µs]
                        change: [+0.4471% +0.9653% +1.6277%] (p = 0.00 < 0.05)
                        Change within noise threshold.
Found 6 outliers among 100 measurements (6.00%)
  1 (1.00%) low mild
  2 (2.00%) high mild
  3 (3.00%) high severe
Benchmarking reduce2d/large_2048x2048-faer16_f64/mean_axis1
Benchmarking reduce2d/large_2048x2048-faer16_f64/mean_axis1: Warming up for 700.00 ms
Benchmarking reduce2d/large_2048x2048-faer16_f64/mean_axis1: Collecting 100 samples in estimated 2.3249 s (25k iterations)
Benchmarking reduce2d/large_2048x2048-faer16_f64/mean_axis1: Analyzing
reduce2d/large_2048x2048-faer16_f64/mean_axis1
                        time:   [91.837 µs 92.415 µs 93.221 µs]
                        change: [-2.6440% -2.1440% -1.6131%] (p = 0.00 < 0.05)
                        Performance has improved.
Found 11 outliers among 100 measurements (11.00%)
  2 (2.00%) low severe
  1 (1.00%) low mild
  4 (4.00%) high mild
  4 (4.00%) high severe
Benchmarking reduce2d/large_2048x2048-faer16_f64/var_axis1
Benchmarking reduce2d/large_2048x2048-faer16_f64/var_axis1: Warming up for 700.00 ms
Benchmarking reduce2d/large_2048x2048-faer16_f64/var_axis1: Collecting 100 samples in estimated 2.3680 s (20k iterations)
Benchmarking reduce2d/large_2048x2048-faer16_f64/var_axis1: Analyzing
reduce2d/large_2048x2048-faer16_f64/var_axis1
                        time:   [117.35 µs 117.52 µs 117.72 µs]
                        change: [-1.7501% -1.3731% -0.9854%] (p = 0.00 < 0.05)
                        Change within noise threshold.
Found 11 outliers among 100 measurements (11.00%)
  4 (4.00%) high mild
  7 (7.00%) high severe
Benchmarking reduce2d/large_2048x2048-faer16_f64/norm_all
Benchmarking reduce2d/large_2048x2048-faer16_f64/norm_all: Warming up for 700.00 ms
Benchmarking reduce2d/large_2048x2048-faer16_f64/norm_all: Collecting 100 samples in estimated 2.2571 s (40k iterations)
Benchmarking reduce2d/large_2048x2048-faer16_f64/norm_all: Analyzing
reduce2d/large_2048x2048-faer16_f64/norm_all
                        time:   [55.185 µs 55.310 µs 55.450 µs]
                        change: [-0.0351% +0.2942% +0.6641%] (p = 0.10 > 0.05)
                        No change in performance detected.
Found 4 outliers among 100 measurements (4.00%)
  3 (3.00%) high mild
  1 (1.00%) high severe
Benchmarking reduce2d/large_2048x2048-faer16_f64/min_axis0
Benchmarking reduce2d/large_2048x2048-faer16_f64/min_axis0: Warming up for 700.00 ms
Benchmarking reduce2d/large_2048x2048-faer16_f64/min_axis0: Collecting 100 samples in estimated 3.4862 s (10k iterations)
Benchmarking reduce2d/large_2048x2048-faer16_f64/min_axis0: Analyzing
reduce2d/large_2048x2048-faer16_f64/min_axis0
                        time:   [327.13 µs 332.94 µs 338.16 µs]
                        change: [+17.638% +20.522% +23.239%] (p = 0.00 < 0.05)
                        Performance has regressed.
Found 5 outliers among 100 measurements (5.00%)
  5 (5.00%) low mild
Benchmarking reduce2d/large_2048x2048-faer16_f64/max_axis0
Benchmarking reduce2d/large_2048x2048-faer16_f64/max_axis0: Warming up for 700.00 ms
Benchmarking reduce2d/large_2048x2048-faer16_f64/max_axis0: Collecting 100 samples in estimated 3.3928 s (10k iterations)
Benchmarking reduce2d/large_2048x2048-faer16_f64/max_axis0: Analyzing
reduce2d/large_2048x2048-faer16_f64/max_axis0
                        time:   [331.55 µs 335.39 µs 339.48 µs]
                        change: [+22.751% +25.398% +27.971%] (p = 0.00 < 0.05)
                        Performance has regressed.
Found 5 outliers among 100 measurements (5.00%)
  1 (1.00%) low severe
  3 (3.00%) low mild
  1 (1.00%) high mild
Benchmarking reduce2d/odd_1000x777-faer16_f64/sum_axis0
Benchmarking reduce2d/odd_1000x777-faer16_f64/sum_axis0: Warming up for 700.00 ms
Benchmarking reduce2d/odd_1000x777-faer16_f64/sum_axis0: Collecting 100 samples in estimated 2.1085 s (15k iterations)
Benchmarking reduce2d/odd_1000x777-faer16_f64/sum_axis0: Analyzing
reduce2d/odd_1000x777-faer16_f64/sum_axis0
                        time:   [122.43 µs 132.54 µs 142.37 µs]
                        change: [+25.243% +32.538% +40.464%] (p = 0.00 < 0.05)
                        Performance has regressed.
Benchmarking reduce2d/odd_1000x777-faer16_f64/sum_axis1
Benchmarking reduce2d/odd_1000x777-faer16_f64/sum_axis1: Warming up for 700.00 ms
Benchmarking reduce2d/odd_1000x777-faer16_f64/sum_axis1: Collecting 100 samples in estimated 2.0074 s (35k iterations)
Benchmarking reduce2d/odd_1000x777-faer16_f64/sum_axis1: Analyzing
reduce2d/odd_1000x777-faer16_f64/sum_axis1
                        time:   [56.716 µs 57.049 µs 57.608 µs]
                        change: [-1.7058% -1.2538% -0.7676%] (p = 0.00 < 0.05)
                        Change within noise threshold.
Found 10 outliers among 100 measurements (10.00%)
  3 (3.00%) low mild
  4 (4.00%) high mild
  3 (3.00%) high severe
Benchmarking reduce2d/odd_1000x777-faer16_f64/sum_all
Benchmarking reduce2d/odd_1000x777-faer16_f64/sum_all: Warming up for 700.00 ms
Benchmarking reduce2d/odd_1000x777-faer16_f64/sum_all: Collecting 100 samples in estimated 2.0819 s (86k iterations)
Benchmarking reduce2d/odd_1000x777-faer16_f64/sum_all: Analyzing
reduce2d/odd_1000x777-faer16_f64/sum_all
                        time:   [24.145 µs 24.170 µs 24.194 µs]
                        change: [+0.0210% +0.2255% +0.4765%] (p = 0.03 < 0.05)
                        Change within noise threshold.
Found 6 outliers among 100 measurements (6.00%)
  5 (5.00%) low mild
  1 (1.00%) high severe

Benchmarking reduce1d/large_1e7-serial_f64/sum_all
Benchmarking reduce1d/large_1e7-serial_f64/sum_all: Warming up for 700.00 ms
Benchmarking reduce1d/large_1e7-serial_f64/sum_all: Collecting 100 samples in estimated 2.0979 s (1700 iterations)
Benchmarking reduce1d/large_1e7-serial_f64/sum_all: Analyzing
reduce1d/large_1e7-serial_f64/sum_all
                        time:   [1.2247 ms 1.2300 ms 1.2357 ms]
                        change: [-1.8178% -0.9579% -0.0855%] (p = 0.03 < 0.05)
                        Change within noise threshold.
Found 3 outliers among 100 measurements (3.00%)
  3 (3.00%) high mild
Benchmarking reduce1d/large_1e7-serial_f64/mean_all
Benchmarking reduce1d/large_1e7-serial_f64/mean_all: Warming up for 700.00 ms
Benchmarking reduce1d/large_1e7-serial_f64/mean_all: Collecting 100 samples in estimated 2.0918 s (1700 iterations)
Benchmarking reduce1d/large_1e7-serial_f64/mean_all: Analyzing
reduce1d/large_1e7-serial_f64/mean_all
                        time:   [1.2541 ms 1.2604 ms 1.2678 ms]
                        change: [-1.7646% -0.9748% -0.1111%] (p = 0.02 < 0.05)
                        Change within noise threshold.
Found 4 outliers among 100 measurements (4.00%)
  2 (2.00%) high mild
  2 (2.00%) high severe
Benchmarking reduce1d/large_1e7-serial_f64/var_all
Benchmarking reduce1d/large_1e7-serial_f64/var_all: Warming up for 700.00 ms
Benchmarking reduce1d/large_1e7-serial_f64/var_all: Collecting 100 samples in estimated 2.0156 s (1200 iterations)
Benchmarking reduce1d/large_1e7-serial_f64/var_all: Analyzing
reduce1d/large_1e7-serial_f64/var_all
                        time:   [1.6782 ms 1.6828 ms 1.6889 ms]
                        change: [-0.9826% -0.6672% -0.2780%] (p = 0.00 < 0.05)
                        Change within noise threshold.
Found 3 outliers among 100 measurements (3.00%)
  3 (3.00%) high severe
Benchmarking reduce1d/large_1e7-serial_f64/norm_all
Benchmarking reduce1d/large_1e7-serial_f64/norm_all: Warming up for 700.00 ms
Benchmarking reduce1d/large_1e7-serial_f64/norm_all: Collecting 100 samples in estimated 2.0881 s (1600 iterations)
Benchmarking reduce1d/large_1e7-serial_f64/norm_all: Analyzing
reduce1d/large_1e7-serial_f64/norm_all
                        time:   [1.2830 ms 1.2875 ms 1.2922 ms]
                        change: [-3.6025% -2.8311% -2.1557%] (p = 0.00 < 0.05)
                        Performance has improved.
Benchmarking reduce1d/large_1e7-serial_f64/min_all
Benchmarking reduce1d/large_1e7-serial_f64/min_all: Warming up for 700.00 ms
Benchmarking reduce1d/large_1e7-serial_f64/min_all: Collecting 100 samples in estimated 2.1189 s (1700 iterations)
Benchmarking reduce1d/large_1e7-serial_f64/min_all: Analyzing
reduce1d/large_1e7-serial_f64/min_all
                        time:   [1.2400 ms 1.2458 ms 1.2519 ms]
                        change: [-88.119% -88.046% -87.973%] (p = 0.00 < 0.05)
                        Performance has improved.
Found 7 outliers among 100 measurements (7.00%)
  7 (7.00%) high mild
Benchmarking reduce1d/large_1e7-serial_f64/max_all
Benchmarking reduce1d/large_1e7-serial_f64/max_all: Warming up for 700.00 ms
Benchmarking reduce1d/large_1e7-serial_f64/max_all: Collecting 100 samples in estimated 2.0075 s (1700 iterations)
Benchmarking reduce1d/large_1e7-serial_f64/max_all: Analyzing
reduce1d/large_1e7-serial_f64/max_all
                        time:   [1.2280 ms 1.2343 ms 1.2424 ms]
                        change: [-88.240% -88.159% -88.077%] (p = 0.00 < 0.05)
                        Performance has improved.
Found 5 outliers among 100 measurements (5.00%)
  1 (1.00%) low mild
  2 (2.00%) high mild
  2 (2.00%) high severe
Benchmarking reduce1d/large_1e7-faer16_f64/sum_all
Benchmarking reduce1d/large_1e7-faer16_f64/sum_all: Warming up for 700.00 ms
Benchmarking reduce1d/large_1e7-faer16_f64/sum_all: Collecting 100 samples in estimated 2.3357 s (15k iterations)
Benchmarking reduce1d/large_1e7-faer16_f64/sum_all: Analyzing
reduce1d/large_1e7-faer16_f64/sum_all
                        time:   [151.13 µs 152.85 µs 154.71 µs]
                        change: [-24.282% -14.646% -5.2689%] (p = 0.00 < 0.05)
                        Performance has improved.
Found 1 outliers among 100 measurements (1.00%)
  1 (1.00%) high mild
Benchmarking reduce1d/large_1e7-faer16_f64/mean_all
Benchmarking reduce1d/large_1e7-faer16_f64/mean_all: Warming up for 700.00 ms
Benchmarking reduce1d/large_1e7-faer16_f64/mean_all: Collecting 100 samples in estimated 2.2618 s (15k iterations)
Benchmarking reduce1d/large_1e7-faer16_f64/mean_all: Analyzing
reduce1d/large_1e7-faer16_f64/mean_all
                        time:   [148.92 µs 151.07 µs 154.12 µs]
                        change: [-4.5990% -3.0090% -1.3916%] (p = 0.00 < 0.05)
                        Performance has improved.
Found 5 outliers among 100 measurements (5.00%)
  1 (1.00%) low mild
  3 (3.00%) high mild
  1 (1.00%) high severe
Benchmarking reduce1d/large_1e7-faer16_f64/var_all
Benchmarking reduce1d/large_1e7-faer16_f64/var_all: Warming up for 700.00 ms
Benchmarking reduce1d/large_1e7-faer16_f64/var_all: Collecting 100 samples in estimated 2.3130 s (10k iterations)
Benchmarking reduce1d/large_1e7-faer16_f64/var_all: Analyzing
reduce1d/large_1e7-faer16_f64/var_all
                        time:   [219.46 µs 222.20 µs 225.17 µs]
                        change: [-2.9205% -1.7237% -0.5755%] (p = 0.00 < 0.05)
                        Change within noise threshold.
Found 13 outliers among 100 measurements (13.00%)
  2 (2.00%) low mild
  4 (4.00%) high mild
  7 (7.00%) high severe
Benchmarking reduce1d/large_1e7-faer16_f64/norm_all
Benchmarking reduce1d/large_1e7-faer16_f64/norm_all: Warming up for 700.00 ms
Benchmarking reduce1d/large_1e7-faer16_f64/norm_all: Collecting 100 samples in estimated 2.4736 s (15k iterations)
Benchmarking reduce1d/large_1e7-faer16_f64/norm_all: Analyzing
reduce1d/large_1e7-faer16_f64/norm_all
                        time:   [154.52 µs 156.25 µs 158.82 µs]
                        change: [-5.6301% -4.1448% -2.7911%] (p = 0.00 < 0.05)
                        Performance has improved.
Found 2 outliers among 100 measurements (2.00%)
  1 (1.00%) high mild
  1 (1.00%) high severe
Benchmarking reduce1d/large_1e7-faer16_f64/min_all
Benchmarking reduce1d/large_1e7-faer16_f64/min_all: Warming up for 700.00 ms
Benchmarking reduce1d/large_1e7-faer16_f64/min_all: Collecting 100 samples in estimated 2.3852 s (15k iterations)
Benchmarking reduce1d/large_1e7-faer16_f64/min_all: Analyzing
reduce1d/large_1e7-faer16_f64/min_all
                        time:   [154.51 µs 158.00 µs 162.13 µs]
                        change: [-58.798% -57.981% -57.104%] (p = 0.00 < 0.05)
                        Performance has improved.
Found 10 outliers among 100 measurements (10.00%)
  4 (4.00%) high mild
  6 (6.00%) high severe
Benchmarking reduce1d/large_1e7-faer16_f64/max_all
Benchmarking reduce1d/large_1e7-faer16_f64/max_all: Warming up for 700.00 ms
Benchmarking reduce1d/large_1e7-faer16_f64/max_all: Collecting 100 samples in estimated 2.4629 s (15k iterations)
Benchmarking reduce1d/large_1e7-faer16_f64/max_all: Analyzing
reduce1d/large_1e7-faer16_f64/max_all
                        time:   [152.66 µs 154.59 µs 156.65 µs]
                        change: [-59.559% -58.865% -58.151%] (p = 0.00 < 0.05)
                        Performance has improved.
Found 4 outliers among 100 measurements (4.00%)
  4 (4.00%) high mild

Benchmarking reduce2d_f32/large_2048x2048-serial_f32/sum_axis0
Benchmarking reduce2d_f32/large_2048x2048-serial_f32/sum_axis0: Warming up for 700.00 ms

Warning: Unable to complete 100 samples in 2.0s. You may wish to increase target time to 2.2s, enable flat sampling, or reduce sample count to 60.
Benchmarking reduce2d_f32/large_2048x2048-serial_f32/sum_axis0: Collecting 100 samples in estimated 2.2026 s (5050 iterations)
Benchmarking reduce2d_f32/large_2048x2048-serial_f32/sum_axis0: Analyzing
reduce2d_f32/large_2048x2048-serial_f32/sum_axis0
                        time:   [430.43 µs 434.39 µs 440.41 µs]
                        change: [-12.144% -10.688% -9.0962%] (p = 0.00 < 0.05)
                        Performance has improved.
Found 3 outliers among 100 measurements (3.00%)
  2 (2.00%) high mild
  1 (1.00%) high severe
Benchmarking reduce2d_f32/large_2048x2048-serial_f32/sum_axis1
Benchmarking reduce2d_f32/large_2048x2048-serial_f32/sum_axis1: Warming up for 700.00 ms
Benchmarking reduce2d_f32/large_2048x2048-serial_f32/sum_axis1: Collecting 100 samples in estimated 2.5980 s (10k iterations)
Benchmarking reduce2d_f32/large_2048x2048-serial_f32/sum_axis1: Analyzing
reduce2d_f32/large_2048x2048-serial_f32/sum_axis1
                        time:   [255.53 µs 255.68 µs 255.85 µs]
                        change: [-1.1050% -0.8563% -0.6100%] (p = 0.00 < 0.05)
                        Change within noise threshold.
Found 9 outliers among 100 measurements (9.00%)
  7 (7.00%) high mild
  2 (2.00%) high severe
Benchmarking reduce2d_f32/large_2048x2048-serial_f32/sum_all
Benchmarking reduce2d_f32/large_2048x2048-serial_f32/sum_all: Warming up for 700.00 ms
Benchmarking reduce2d_f32/large_2048x2048-serial_f32/sum_all: Collecting 100 samples in estimated 2.4661 s (10k iterations)
Benchmarking reduce2d_f32/large_2048x2048-serial_f32/sum_all: Analyzing
reduce2d_f32/large_2048x2048-serial_f32/sum_all
                        time:   [241.16 µs 241.30 µs 241.46 µs]
                        change: [-1.4993% -1.2967% -1.0967%] (p = 0.00 < 0.05)
                        Performance has improved.
Found 5 outliers among 100 measurements (5.00%)
  1 (1.00%) low mild
  2 (2.00%) high mild
  2 (2.00%) high severe
Benchmarking reduce2d_f32/large_2048x2048-serial_f32/min_axis0
Benchmarking reduce2d_f32/large_2048x2048-serial_f32/min_axis0: Warming up for 700.00 ms

Warning: Unable to complete 100 samples in 2.0s. You may wish to increase target time to 2.5s, enable flat sampling, or reduce sample count to 60.
Benchmarking reduce2d_f32/large_2048x2048-serial_f32/min_axis0: Collecting 100 samples in estimated 2.5162 s (5050 iterations)
Benchmarking reduce2d_f32/large_2048x2048-serial_f32/min_axis0: Analyzing
reduce2d_f32/large_2048x2048-serial_f32/min_axis0
                        time:   [497.68 µs 498.85 µs 500.16 µs]
                        change: [+3.2787% +4.4541% +5.8618%] (p = 0.00 < 0.05)
                        Performance has regressed.
Found 22 outliers among 100 measurements (22.00%)
  13 (13.00%) low mild
  2 (2.00%) high mild
  7 (7.00%) high severe
Benchmarking reduce2d_f32/large_2048x2048-faer16_f32/sum_axis0
Benchmarking reduce2d_f32/large_2048x2048-faer16_f32/sum_axis0: Warming up for 700.00 ms
Benchmarking reduce2d_f32/large_2048x2048-faer16_f32/sum_axis0: Collecting 100 samples in estimated 2.4186 s (20k iterations)
Benchmarking reduce2d_f32/large_2048x2048-faer16_f32/sum_axis0: Analyzing
reduce2d_f32/large_2048x2048-faer16_f32/sum_axis0
                        time:   [121.91 µs 123.25 µs 124.51 µs]
                        change: [+16.585% +20.074% +22.981%] (p = 0.00 < 0.05)
                        Performance has regressed.
Found 7 outliers among 100 measurements (7.00%)
  1 (1.00%) low mild
  5 (5.00%) high mild
  1 (1.00%) high severe
Benchmarking reduce2d_f32/large_2048x2048-faer16_f32/sum_axis1
Benchmarking reduce2d_f32/large_2048x2048-faer16_f32/sum_axis1: Warming up for 700.00 ms
Benchmarking reduce2d_f32/large_2048x2048-faer16_f32/sum_axis1: Collecting 100 samples in estimated 2.0701 s (25k iterations)
Benchmarking reduce2d_f32/large_2048x2048-faer16_f32/sum_axis1: Analyzing
reduce2d_f32/large_2048x2048-faer16_f32/sum_axis1
                        time:   [81.665 µs 82.120 µs 82.841 µs]
                        change: [-3.9841% -3.0202% -2.1529%] (p = 0.00 < 0.05)
                        Performance has improved.
Found 11 outliers among 100 measurements (11.00%)
  1 (1.00%) low severe
  1 (1.00%) low mild
  3 (3.00%) high mild
  6 (6.00%) high severe
Benchmarking reduce2d_f32/large_1e7-serial_f32/sum_all
Benchmarking reduce2d_f32/large_1e7-serial_f32/sum_all: Warming up for 700.00 ms

Warning: Unable to complete 100 samples in 2.0s. You may wish to increase target time to 3.7s, enable flat sampling, or reduce sample count to 50.
Benchmarking reduce2d_f32/large_1e7-serial_f32/sum_all: Collecting 100 samples in estimated 3.7453 s (5050 iterations)
Benchmarking reduce2d_f32/large_1e7-serial_f32/sum_all: Analyzing
reduce2d_f32/large_1e7-serial_f32/sum_all
                        time:   [717.36 µs 725.76 µs 731.82 µs]
                        change: [-0.8063% -0.1859% +0.3923%] (p = 0.57 > 0.05)
                        No change in performance detected.
Found 11 outliers among 100 measurements (11.00%)
  2 (2.00%) low severe
  2 (2.00%) low mild
  3 (3.00%) high mild
  4 (4.00%) high severe

