    Finished `bench` profile [optimized] target(s) in 0.04s
     Running benches/elementwise.rs (target/release/deps/elementwise-a1942e4e1ea1a0ff)
Gnuplot not found, using plotters backend
[harness] DeviceFaer thread pool: 16 threads (RAYON_NUM_THREADS convention)
Benchmarking add/add_contig_64x64-serial_f64/A
Benchmarking add/add_contig_64x64-serial_f64/A: Warming up for 700.00 ms
Benchmarking add/add_contig_64x64-serial_f64/A: Collecting 100 samples in estimated 2.0006 s (1.4M iterations)
Benchmarking add/add_contig_64x64-serial_f64/A: Analyzing
add/add_contig_64x64-serial_f64/A
                        time:   [1.4425 µs 1.4430 µs 1.4437 µs]
                        change: [+6.1702% +6.4074% +6.5638%] (p = 0.00 < 0.05)
                        Performance has regressed.
Found 6 outliers among 100 measurements (6.00%)
  1 (1.00%) low mild
  2 (2.00%) high mild
  3 (3.00%) high severe
Benchmarking add/add_contig_64x64-faer16_f64/A
Benchmarking add/add_contig_64x64-faer16_f64/A: Warming up for 700.00 ms
Benchmarking add/add_contig_64x64-faer16_f64/A: Collecting 100 samples in estimated 2.1217 s (81k iterations)
Benchmarking add/add_contig_64x64-faer16_f64/A: Analyzing
add/add_contig_64x64-faer16_f64/A
                        time:   [26.197 µs 26.220 µs 26.243 µs]
                        change: [-1.0810% -0.3309% +0.8611%] (p = 0.61 > 0.05)
                        No change in performance detected.
Found 14 outliers among 100 measurements (14.00%)
  4 (4.00%) low severe
  6 (6.00%) low mild
  2 (2.00%) high mild
  2 (2.00%) high severe
Benchmarking add/add_contig_512x512-serial_f64/A
Benchmarking add/add_contig_512x512-serial_f64/A: Warming up for 700.00 ms
Benchmarking add/add_contig_512x512-serial_f64/A: Collecting 100 samples in estimated 2.0086 s (40k iterations)
Benchmarking add/add_contig_512x512-serial_f64/A: Analyzing
add/add_contig_512x512-serial_f64/A
                        time:   [48.949 µs 48.972 µs 48.998 µs]
                        change: [+18.286% +18.427% +18.577%] (p = 0.00 < 0.05)
                        Performance has regressed.
Found 6 outliers among 100 measurements (6.00%)
  1 (1.00%) low mild
  4 (4.00%) high mild
  1 (1.00%) high severe
Benchmarking add/add_contig_512x512-faer16_f64/A
Benchmarking add/add_contig_512x512-faer16_f64/A: Warming up for 700.00 ms
Benchmarking add/add_contig_512x512-faer16_f64/A: Collecting 100 samples in estimated 2.1822 s (35k iterations)
Benchmarking add/add_contig_512x512-faer16_f64/A: Analyzing
add/add_contig_512x512-faer16_f64/A
                        time:   [61.726 µs 61.803 µs 61.876 µs]
                        change: [+1.7441% +2.4349% +3.2271%] (p = 0.00 < 0.05)
                        Performance has regressed.
Found 2 outliers among 100 measurements (2.00%)
  1 (1.00%) high mild
  1 (1.00%) high severe
Benchmarking add/add_contig_2048x2048-serial_f64/A
Benchmarking add/add_contig_2048x2048-serial_f64/A: Warming up for 700.00 ms
Benchmarking add/add_contig_2048x2048-serial_f64/A: Collecting 100 samples in estimated 2.1351 s (1000 iterations)
Benchmarking add/add_contig_2048x2048-serial_f64/A: Analyzing
add/add_contig_2048x2048-serial_f64/A
                        time:   [2.1495 ms 2.1591 ms 2.1716 ms]
                        change: [-65.519% -65.363% -65.170%] (p = 0.00 < 0.05)
                        Performance has improved.
Found 6 outliers among 100 measurements (6.00%)
  1 (1.00%) low mild
  1 (1.00%) high mild
  4 (4.00%) high severe
Benchmarking add/add_contig_2048x2048-faer16_f64/A
Benchmarking add/add_contig_2048x2048-faer16_f64/A: Warming up for 700.00 ms

Warning: Unable to complete 100 samples in 2.0s. You may wish to increase target time to 2.7s, enable flat sampling, or reduce sample count to 60.
Benchmarking add/add_contig_2048x2048-faer16_f64/A: Collecting 100 samples in estimated 2.7484 s (5050 iterations)
Benchmarking add/add_contig_2048x2048-faer16_f64/A: Analyzing
add/add_contig_2048x2048-faer16_f64/A
                        time:   [558.26 µs 562.53 µs 566.70 µs]
                        change: [-80.960% -80.564% -80.158%] (p = 0.00 < 0.05)
                        Performance has improved.
Found 7 outliers among 100 measurements (7.00%)
  2 (2.00%) low severe
  3 (3.00%) low mild
  2 (2.00%) high mild
Benchmarking add/add_contig_1000x777-serial_f64/A
Benchmarking add/add_contig_1000x777-serial_f64/A: Warming up for 700.00 ms
Benchmarking add/add_contig_1000x777-serial_f64/A: Collecting 100 samples in estimated 2.4717 s (20k iterations)
Benchmarking add/add_contig_1000x777-serial_f64/A: Analyzing
add/add_contig_1000x777-serial_f64/A
                        time:   [121.62 µs 121.82 µs 122.01 µs]
                        change: [+1.6552% +1.9440% +2.2978%] (p = 0.00 < 0.05)
                        Performance has regressed.
Found 7 outliers among 100 measurements (7.00%)
  1 (1.00%) low mild
  5 (5.00%) high mild
  1 (1.00%) high severe
Benchmarking add/add_contig_1000x777-faer16_f64/A
Benchmarking add/add_contig_1000x777-faer16_f64/A: Warming up for 700.00 ms
Benchmarking add/add_contig_1000x777-faer16_f64/A: Collecting 100 samples in estimated 2.0237 s (20k iterations)
Benchmarking add/add_contig_1000x777-faer16_f64/A: Analyzing
add/add_contig_1000x777-faer16_f64/A
                        time:   [100.38 µs 100.56 µs 100.72 µs]
                        change: [+0.3113% +0.6864% +1.0754%] (p = 0.00 < 0.05)
                        Change within noise threshold.
Found 9 outliers among 100 measurements (9.00%)
  3 (3.00%) low mild
  4 (4.00%) high mild
  2 (2.00%) high severe
Benchmarking add/add_contig_512x512-serial_f32/A
Benchmarking add/add_contig_512x512-serial_f32/A: Warming up for 700.00 ms
Benchmarking add/add_contig_512x512-serial_f32/A: Collecting 100 samples in estimated 2.1146 s (86k iterations)
Benchmarking add/add_contig_512x512-serial_f32/A: Analyzing
add/add_contig_512x512-serial_f32/A
                        time:   [24.334 µs 24.341 µs 24.349 µs]
                        change: [+2.0436% +2.2174% +2.3396%] (p = 0.00 < 0.05)
                        Performance has regressed.
Found 7 outliers among 100 measurements (7.00%)
  3 (3.00%) high mild
  4 (4.00%) high severe
Benchmarking add/add_contig_512x512-faer16_f32/A
Benchmarking add/add_contig_512x512-faer16_f32/A: Warming up for 700.00 ms
Benchmarking add/add_contig_512x512-faer16_f32/A: Collecting 100 samples in estimated 2.2236 s (40k iterations)
Benchmarking add/add_contig_512x512-faer16_f32/A: Analyzing
add/add_contig_512x512-faer16_f32/A
                        time:   [55.084 µs 55.149 µs 55.220 µs]
                        change: [+0.3671% +0.6758% +1.0089%] (p = 0.00 < 0.05)
                        Change within noise threshold.
Found 13 outliers among 100 measurements (13.00%)
  4 (4.00%) low mild
  1 (1.00%) high mild
  8 (8.00%) high severe
Benchmarking add/add_contig_2048x2048-serial_f32/A
Benchmarking add/add_contig_2048x2048-serial_f32/A: Warming up for 700.00 ms
Benchmarking add/add_contig_2048x2048-serial_f32/A: Collecting 100 samples in estimated 2.0665 s (2600 iterations)
Benchmarking add/add_contig_2048x2048-serial_f32/A: Analyzing
add/add_contig_2048x2048-serial_f32/A
                        time:   [790.76 µs 794.09 µs 797.55 µs]
                        change: [+3.3988% +4.0123% +4.6449%] (p = 0.00 < 0.05)
                        Performance has regressed.
Found 2 outliers among 100 measurements (2.00%)
  2 (2.00%) high mild
Benchmarking add/add_contig_2048x2048-faer16_f32/A
Benchmarking add/add_contig_2048x2048-faer16_f32/A: Warming up for 700.00 ms
Benchmarking add/add_contig_2048x2048-faer16_f32/A: Collecting 100 samples in estimated 2.3419 s (10k iterations)
Benchmarking add/add_contig_2048x2048-faer16_f32/A: Analyzing
add/add_contig_2048x2048-faer16_f32/A
                        time:   [235.56 µs 240.25 µs 245.55 µs]
                        change: [+1.6795% +2.8180% +4.1848%] (p = 0.00 < 0.05)
                        Performance has regressed.
Found 16 outliers among 100 measurements (16.00%)
  3 (3.00%) low mild
  4 (4.00%) high mild
  9 (9.00%) high severe
Benchmarking add/add_bcast_2048x2048-serial_f64/A
Benchmarking add/add_bcast_2048x2048-serial_f64/A: Warming up for 700.00 ms
Benchmarking add/add_bcast_2048x2048-serial_f64/A: Collecting 100 samples in estimated 2.1353 s (1500 iterations)
Benchmarking add/add_bcast_2048x2048-serial_f64/A: Analyzing
add/add_bcast_2048x2048-serial_f64/A
                        time:   [1.5421 ms 1.5474 ms 1.5533 ms]
                        change: [-72.699% -72.592% -72.475%] (p = 0.00 < 0.05)
                        Performance has improved.
Found 3 outliers among 100 measurements (3.00%)
  1 (1.00%) high mild
  2 (2.00%) high severe
Benchmarking add/add_bcast_2048x2048-faer16_f64/A
Benchmarking add/add_bcast_2048x2048-faer16_f64/A: Warming up for 700.00 ms
Benchmarking add/add_bcast_2048x2048-faer16_f64/A: Collecting 100 samples in estimated 2.8981 s (10k iterations)
Benchmarking add/add_bcast_2048x2048-faer16_f64/A: Analyzing
add/add_bcast_2048x2048-faer16_f64/A
                        time:   [276.04 µs 278.08 µs 280.20 µs]
                        change: [-88.801% -88.570% -88.332%] (p = 0.00 < 0.05)
                        Performance has improved.
Found 6 outliers among 100 measurements (6.00%)
  1 (1.00%) low severe
  1 (1.00%) low mild
  4 (4.00%) high mild
Benchmarking add/add_strided_2048x2048-serial_f64/A
Benchmarking add/add_strided_2048x2048-serial_f64/A: Warming up for 700.00 ms
Benchmarking add/add_strided_2048x2048-serial_f64/A: Collecting 100 samples in estimated 2.1078 s (300 iterations)
Benchmarking add/add_strided_2048x2048-serial_f64/A: Analyzing
add/add_strided_2048x2048-serial_f64/A
                        time:   [7.0423 ms 7.0614 ms 7.0824 ms]
                        change: [-44.633% -44.452% -44.265%] (p = 0.00 < 0.05)
                        Performance has improved.
Found 2 outliers among 100 measurements (2.00%)
  2 (2.00%) high severe
Benchmarking add/add_strided_2048x2048-faer16_f64/A
Benchmarking add/add_strided_2048x2048-faer16_f64/A: Warming up for 700.00 ms
Benchmarking add/add_strided_2048x2048-faer16_f64/A: Collecting 100 samples in estimated 2.0282 s (2200 iterations)
Benchmarking add/add_strided_2048x2048-faer16_f64/A: Analyzing
add/add_strided_2048x2048-faer16_f64/A
                        time:   [975.47 µs 988.58 µs 1.0018 ms]
                        change: [-71.579% -71.009% -70.388%] (p = 0.00 < 0.05)
                        Performance has improved.
Benchmarking add/add_strided_64x64-serial_f64/A
Benchmarking add/add_strided_64x64-serial_f64/A: Warming up for 700.00 ms
Benchmarking add/add_strided_64x64-serial_f64/A: Collecting 100 samples in estimated 2.0042 s (616k iterations)
Benchmarking add/add_strided_64x64-serial_f64/A: Analyzing
add/add_strided_64x64-serial_f64/A
                        time:   [3.2031 µs 3.2094 µs 3.2172 µs]
                        change: [+10.502% +10.681% +10.867%] (p = 0.00 < 0.05)
                        Performance has regressed.
Found 5 outliers among 100 measurements (5.00%)
  5 (5.00%) high severe
Benchmarking add/add_strided_64x64-faer16_f64/A
Benchmarking add/add_strided_64x64-faer16_f64/A: Warming up for 700.00 ms
Benchmarking add/add_strided_64x64-faer16_f64/A: Collecting 100 samples in estimated 2.0118 s (369k iterations)
Benchmarking add/add_strided_64x64-faer16_f64/A: Analyzing
add/add_strided_64x64-faer16_f64/A
                        time:   [5.3976 µs 5.5329 µs 5.6670 µs]
                        change: [-11.561% -9.0537% -6.4191%] (p = 0.00 < 0.05)
                        Performance has improved.
Benchmarking add/add_strided_1000x777-serial_f64/A
Benchmarking add/add_strided_1000x777-serial_f64/A: Warming up for 700.00 ms

Warning: Unable to complete 100 samples in 2.0s. You may wish to increase target time to 2.4s, enable flat sampling, or reduce sample count to 60.
Benchmarking add/add_strided_1000x777-serial_f64/A: Collecting 100 samples in estimated 2.3641 s (5050 iterations)
Benchmarking add/add_strided_1000x777-serial_f64/A: Analyzing
add/add_strided_1000x777-serial_f64/A
                        time:   [464.05 µs 464.66 µs 465.38 µs]
                        change: [+9.9775% +10.382% +10.799%] (p = 0.00 < 0.05)
                        Performance has regressed.
Found 6 outliers among 100 measurements (6.00%)
  1 (1.00%) low mild
  2 (2.00%) high mild
  3 (3.00%) high severe
Benchmarking add/add_strided_1000x777-faer16_f64/A
Benchmarking add/add_strided_1000x777-faer16_f64/A: Warming up for 700.00 ms
Benchmarking add/add_strided_1000x777-faer16_f64/A: Collecting 100 samples in estimated 2.3959 s (30k iterations)
Benchmarking add/add_strided_1000x777-faer16_f64/A: Analyzing
add/add_strided_1000x777-faer16_f64/A
                        time:   [79.246 µs 79.893 µs 80.479 µs]
                        change: [-6.3180% -1.6115% +3.7858%] (p = 0.54 > 0.05)
                        No change in performance detected.
Found 7 outliers among 100 measurements (7.00%)
  1 (1.00%) low severe
  5 (5.00%) low mild
  1 (1.00%) high mild
Benchmarking add/add_stridedfirst_2048x2048-serial_f64/A
Benchmarking add/add_stridedfirst_2048x2048-serial_f64/A: Warming up for 700.00 ms
Benchmarking add/add_stridedfirst_2048x2048-serial_f64/A: Collecting 100 samples in estimated 2.3491 s (300 iterations)
Benchmarking add/add_stridedfirst_2048x2048-serial_f64/A: Analyzing
add/add_stridedfirst_2048x2048-serial_f64/A
                        time:   [7.8136 ms 7.8201 ms 7.8267 ms]
                        change: [-37.538% -37.434% -37.331%] (p = 0.00 < 0.05)
                        Performance has improved.
Found 1 outliers among 100 measurements (1.00%)
  1 (1.00%) high mild
Benchmarking add/add_stridedfirst_2048x2048-faer16_f64/A
Benchmarking add/add_stridedfirst_2048x2048-faer16_f64/A: Warming up for 700.00 ms
Benchmarking add/add_stridedfirst_2048x2048-faer16_f64/A: Collecting 100 samples in estimated 2.0380 s (2100 iterations)
Benchmarking add/add_stridedfirst_2048x2048-faer16_f64/A: Analyzing
add/add_stridedfirst_2048x2048-faer16_f64/A
                        time:   [898.39 µs 910.92 µs 924.52 µs]
                        change: [-74.347% -73.779% -73.215%] (p = 0.00 < 0.05)
                        Performance has improved.
Found 8 outliers among 100 measurements (8.00%)
  2 (2.00%) low mild
  5 (5.00%) high mild
  1 (1.00%) high severe

Benchmarking mul/mul_contig_2048x2048-serial_f64/A
Benchmarking mul/mul_contig_2048x2048-serial_f64/A: Warming up for 700.00 ms
Benchmarking mul/mul_contig_2048x2048-serial_f64/A: Collecting 100 samples in estimated 2.1099 s (1000 iterations)
Benchmarking mul/mul_contig_2048x2048-serial_f64/A: Analyzing
mul/mul_contig_2048x2048-serial_f64/A
                        time:   [2.1044 ms 2.1086 ms 2.1130 ms]
                        change: [-65.971% -65.883% -65.794%] (p = 0.00 < 0.05)
                        Performance has improved.
Found 2 outliers among 100 measurements (2.00%)
  1 (1.00%) high mild
  1 (1.00%) high severe
Benchmarking mul/mul_contig_2048x2048-faer16_f64/A
Benchmarking mul/mul_contig_2048x2048-faer16_f64/A: Warming up for 700.00 ms

Warning: Unable to complete 100 samples in 2.0s. You may wish to increase target time to 2.8s, enable flat sampling, or reduce sample count to 50.
Benchmarking mul/mul_contig_2048x2048-faer16_f64/A: Collecting 100 samples in estimated 2.8397 s (5050 iterations)
Benchmarking mul/mul_contig_2048x2048-faer16_f64/A: Analyzing
mul/mul_contig_2048x2048-faer16_f64/A
                        time:   [568.60 µs 573.43 µs 578.22 µs]
                        change: [-79.433% -79.059% -78.693%] (p = 0.00 < 0.05)
                        Performance has improved.

Benchmarking scale/scale_contig_2048x2048-serial_f64/A
Benchmarking scale/scale_contig_2048x2048-serial_f64/A: Warming up for 700.00 ms
Benchmarking scale/scale_contig_2048x2048-serial_f64/A: Collecting 100 samples in estimated 2.0675 s (1600 iterations)
Benchmarking scale/scale_contig_2048x2048-serial_f64/A: Analyzing
scale/scale_contig_2048x2048-serial_f64/A
                        time:   [1.2992 ms 1.3448 ms 1.3838 ms]
                        change: [-74.961% -74.136% -73.439%] (p = 0.00 < 0.05)
                        Performance has improved.
Found 8 outliers among 100 measurements (8.00%)
  7 (7.00%) low severe
  1 (1.00%) high mild
Benchmarking scale/scale_contig_2048x2048-faer16_f64/A
Benchmarking scale/scale_contig_2048x2048-faer16_f64/A: Warming up for 700.00 ms
Benchmarking scale/scale_contig_2048x2048-faer16_f64/A: Collecting 100 samples in estimated 2.8226 s (10k iterations)
Benchmarking scale/scale_contig_2048x2048-faer16_f64/A: Analyzing
scale/scale_contig_2048x2048-faer16_f64/A
                        time:   [278.77 µs 280.13 µs 281.74 µs]
                        change: [-87.161% -86.952% -86.738%] (p = 0.00 < 0.05)
                        Performance has improved.
Found 7 outliers among 100 measurements (7.00%)
  3 (3.00%) high mild
  4 (4.00%) high severe

