   Compiling elementwise v0.1.0 (/home/a/rstsr_pack/rstsr-improve-trajectory/2026-09-09-elementwise)
    Finished `bench` profile [optimized] target(s) in 0.59s
     Running benches/kernels_probe.rs (target/release/deps/kernels_probe-9bc820621b7d4052)
Gnuplot not found, using plotters backend
Benchmarking probe_contig/medium_262144/idx_generic_mu_closure
Benchmarking probe_contig/medium_262144/idx_generic_mu_closure: Warming up for 700.00 ms
Benchmarking probe_contig/medium_262144/idx_generic_mu_closure: Collecting 100 samples in estimated 2.1335 s (56k iterations)
Benchmarking probe_contig/medium_262144/idx_generic_mu_closure: Analyzing
probe_contig/medium_262144/idx_generic_mu_closure
                        time:   [38.440 µs 38.470 µs 38.501 µs]
                        change: [-18.972% -18.839% -18.703%] (p = 0.00 < 0.05)
                        Performance has improved.
Found 4 outliers among 100 measurements (4.00%)
  2 (2.00%) low mild
  2 (2.00%) high mild
Benchmarking probe_contig/medium_262144/idx_scalar_bounds
Benchmarking probe_contig/medium_262144/idx_scalar_bounds: Warming up for 700.00 ms
Benchmarking probe_contig/medium_262144/idx_scalar_bounds: Collecting 100 samples in estimated 2.0502 s (50k iterations)
Benchmarking probe_contig/medium_262144/idx_scalar_bounds: Analyzing
probe_contig/medium_262144/idx_scalar_bounds
                        time:   [41.044 µs 41.326 µs 41.622 µs]
                        change: [-13.873% -13.451% -13.013%] (p = 0.00 < 0.05)
                        Performance has improved.
Found 6 outliers among 100 measurements (6.00%)
  6 (6.00%) high mild
Benchmarking probe_contig/medium_262144/idx_unchecked
Benchmarking probe_contig/medium_262144/idx_unchecked: Warming up for 700.00 ms
Benchmarking probe_contig/medium_262144/idx_unchecked: Collecting 100 samples in estimated 2.0924 s (50k iterations)
Benchmarking probe_contig/medium_262144/idx_unchecked: Analyzing
probe_contig/medium_262144/idx_unchecked
                        time:   [41.083 µs 41.140 µs 41.197 µs]
                        change: [-13.685% -13.377% -13.091%] (p = 0.00 < 0.05)
                        Performance has improved.
Found 5 outliers among 100 measurements (5.00%)
  1 (1.00%) low severe
  2 (2.00%) low mild
  2 (2.00%) high mild
Benchmarking probe_contig/medium_262144/zip_direct
Benchmarking probe_contig/medium_262144/zip_direct: Warming up for 700.00 ms
Benchmarking probe_contig/medium_262144/zip_direct: Collecting 100 samples in estimated 2.1677 s (56k iterations)
Benchmarking probe_contig/medium_262144/zip_direct: Analyzing
probe_contig/medium_262144/zip_direct
                        time:   [39.461 µs 39.587 µs 39.735 µs]
                        change: [-16.806% -16.361% -15.871%] (p = 0.00 < 0.05)
                        Performance has improved.
Found 12 outliers among 100 measurements (12.00%)
  11 (11.00%) high mild
  1 (1.00%) high severe
Benchmarking probe_contig/medium_262144/zip_generic_mu_closure
Benchmarking probe_contig/medium_262144/zip_generic_mu_closure: Warming up for 700.00 ms
Benchmarking probe_contig/medium_262144/zip_generic_mu_closure: Collecting 100 samples in estimated 2.1028 s (56k iterations)
Benchmarking probe_contig/medium_262144/zip_generic_mu_closure: Analyzing
probe_contig/medium_262144/zip_generic_mu_closure
                        time:   [37.608 µs 37.624 µs 37.640 µs]
                        change: [-20.362% -20.297% -20.227%] (p = 0.00 < 0.05)
                        Performance has improved.
Found 3 outliers among 100 measurements (3.00%)
  2 (2.00%) low severe
  1 (1.00%) high severe
Benchmarking probe_contig/medium_262144/zip_dyn_mu_closure
Benchmarking probe_contig/medium_262144/zip_dyn_mu_closure: Warming up for 700.00 ms
Benchmarking probe_contig/medium_262144/zip_dyn_mu_closure: Collecting 100 samples in estimated 2.0960 s (56k iterations)
Benchmarking probe_contig/medium_262144/zip_dyn_mu_closure: Analyzing
probe_contig/medium_262144/zip_dyn_mu_closure
                        time:   [37.506 µs 37.525 µs 37.543 µs]
                        change: [-21.432% -21.219% -21.024%] (p = 0.00 < 0.05)
                        Performance has improved.
Found 10 outliers among 100 measurements (10.00%)
  1 (1.00%) low severe
  3 (3.00%) low mild
  3 (3.00%) high mild
  3 (3.00%) high severe
Benchmarking probe_contig/medium_262144/chunks_exact8
Benchmarking probe_contig/medium_262144/chunks_exact8: Warming up for 700.00 ms
Benchmarking probe_contig/medium_262144/chunks_exact8: Collecting 100 samples in estimated 2.0466 s (50k iterations)
Benchmarking probe_contig/medium_262144/chunks_exact8: Analyzing
probe_contig/medium_262144/chunks_exact8
                        time:   [39.622 µs 39.653 µs 39.684 µs]
                        change: [-15.733% -15.617% -15.515%] (p = 0.00 < 0.05)
                        Performance has improved.
Found 3 outliers among 100 measurements (3.00%)
  2 (2.00%) low severe
  1 (1.00%) high mild
Benchmarking probe_contig/large_4194304/idx_generic_mu_closure
Benchmarking probe_contig/large_4194304/idx_generic_mu_closure: Warming up for 700.00 ms
Benchmarking probe_contig/large_4194304/idx_generic_mu_closure: Collecting 100 samples in estimated 2.1886 s (1000 iterations)
Benchmarking probe_contig/large_4194304/idx_generic_mu_closure: Analyzing
probe_contig/large_4194304/idx_generic_mu_closure
                        time:   [2.1849 ms 2.1908 ms 2.1969 ms]
                        change: [+2.8192% +3.2279% +3.6286%] (p = 0.00 < 0.05)
                        Performance has regressed.
Found 3 outliers among 100 measurements (3.00%)
  3 (3.00%) high mild
Benchmarking probe_contig/large_4194304/idx_scalar_bounds
Benchmarking probe_contig/large_4194304/idx_scalar_bounds: Warming up for 700.00 ms
Benchmarking probe_contig/large_4194304/idx_scalar_bounds: Collecting 100 samples in estimated 2.1683 s (1000 iterations)
Benchmarking probe_contig/large_4194304/idx_scalar_bounds: Analyzing
probe_contig/large_4194304/idx_scalar_bounds
                        time:   [2.1323 ms 2.1363 ms 2.1407 ms]
                        change: [-1.4516% -0.8892% -0.4418%] (p = 0.00 < 0.05)
                        Change within noise threshold.
Found 5 outliers among 100 measurements (5.00%)
  4 (4.00%) high mild
  1 (1.00%) high severe
Benchmarking probe_contig/large_4194304/idx_unchecked
Benchmarking probe_contig/large_4194304/idx_unchecked: Warming up for 700.00 ms
Benchmarking probe_contig/large_4194304/idx_unchecked: Collecting 100 samples in estimated 2.1424 s (1000 iterations)
Benchmarking probe_contig/large_4194304/idx_unchecked: Analyzing
probe_contig/large_4194304/idx_unchecked
                        time:   [2.1298 ms 2.1341 ms 2.1386 ms]
                        change: [+0.6245% +0.9971% +1.3574%] (p = 0.00 < 0.05)
                        Change within noise threshold.
Found 3 outliers among 100 measurements (3.00%)
  3 (3.00%) high mild
Benchmarking probe_contig/large_4194304/zip_direct
Benchmarking probe_contig/large_4194304/zip_direct: Warming up for 700.00 ms
Benchmarking probe_contig/large_4194304/zip_direct: Collecting 100 samples in estimated 2.1596 s (1000 iterations)
Benchmarking probe_contig/large_4194304/zip_direct: Analyzing
probe_contig/large_4194304/zip_direct
                        time:   [2.1361 ms 2.1499 ms 2.1667 ms]
                        change: [+2.5822% +3.3001% +4.1321%] (p = 0.00 < 0.05)
                        Performance has regressed.
Found 12 outliers among 100 measurements (12.00%)
  6 (6.00%) high mild
  6 (6.00%) high severe
Benchmarking probe_contig/large_4194304/zip_generic_mu_closure
Benchmarking probe_contig/large_4194304/zip_generic_mu_closure: Warming up for 700.00 ms
Benchmarking probe_contig/large_4194304/zip_generic_mu_closure: Collecting 100 samples in estimated 2.1560 s (1000 iterations)
Benchmarking probe_contig/large_4194304/zip_generic_mu_closure: Analyzing
probe_contig/large_4194304/zip_generic_mu_closure
                        time:   [2.1283 ms 2.1336 ms 2.1393 ms]
                        change: [+2.5292% +5.1895% +8.4511%] (p = 0.00 < 0.05)
                        Performance has regressed.
Found 5 outliers among 100 measurements (5.00%)
  3 (3.00%) high mild
  2 (2.00%) high severe
Benchmarking probe_contig/large_4194304/zip_dyn_mu_closure
Benchmarking probe_contig/large_4194304/zip_dyn_mu_closure: Warming up for 700.00 ms
Benchmarking probe_contig/large_4194304/zip_dyn_mu_closure: Collecting 100 samples in estimated 2.1446 s (1000 iterations)
Benchmarking probe_contig/large_4194304/zip_dyn_mu_closure: Analyzing
probe_contig/large_4194304/zip_dyn_mu_closure
                        time:   [2.0812 ms 2.1208 ms 2.1522 ms]
                        change: [-1.1731% +0.8232% +2.4386%] (p = 0.38 > 0.05)
                        No change in performance detected.
Found 6 outliers among 100 measurements (6.00%)
  3 (3.00%) low severe
  1 (1.00%) high mild
  2 (2.00%) high severe
Benchmarking probe_contig/large_4194304/chunks_exact8
Benchmarking probe_contig/large_4194304/chunks_exact8: Warming up for 700.00 ms
Benchmarking probe_contig/large_4194304/chunks_exact8: Collecting 100 samples in estimated 2.1578 s (1000 iterations)
Benchmarking probe_contig/large_4194304/chunks_exact8: Analyzing
probe_contig/large_4194304/chunks_exact8
                        time:   [2.1224 ms 2.1289 ms 2.1355 ms]
                        change: [-0.4332% +0.0002% +0.4310%] (p = 1.00 > 0.05)
                        No change in performance detected.

Benchmarking probe_strided/large_2048x2048-bound_rowmajor
Benchmarking probe_strided/large_2048x2048-bound_rowmajor: Warming up for 700.00 ms
Benchmarking probe_strided/large_2048x2048-bound_rowmajor: Collecting 100 samples in estimated 3.3485 s (200 iterations)
Benchmarking probe_strided/large_2048x2048-bound_rowmajor: Analyzing
probe_strided/large_2048x2048-bound_rowmajor
                        time:   [16.568 ms 16.578 ms 16.589 ms]
                        change: [-0.9102% -0.7055% -0.5030%] (p = 0.00 < 0.05)
                        Change within noise threshold.
Found 6 outliers among 100 measurements (6.00%)
  5 (5.00%) high mild
  1 (1.00%) high severe
Benchmarking probe_strided/large_2048x2048-colmajor_walk
Benchmarking probe_strided/large_2048x2048-colmajor_walk: Warming up for 700.00 ms

Warning: Unable to complete 100 samples in 2.0s. You may wish to increase target time to 3.1s, or reduce sample count to 60.
Benchmarking probe_strided/large_2048x2048-colmajor_walk: Collecting 100 samples in estimated 3.1005 s (100 iterations)
Benchmarking probe_strided/large_2048x2048-colmajor_walk: Analyzing
probe_strided/large_2048x2048-colmajor_walk
                        time:   [30.827 ms 30.839 ms 30.851 ms]
                        change: [-0.0084% +0.0963% +0.1823%] (p = 0.05 < 0.05)
                        Change within noise threshold.
Found 1 outliers among 100 measurements (1.00%)
  1 (1.00%) high mild
Benchmarking probe_strided/large_2048x2048-blocked64
Benchmarking probe_strided/large_2048x2048-blocked64: Warming up for 700.00 ms
Benchmarking probe_strided/large_2048x2048-blocked64: Collecting 100 samples in estimated 2.0550 s (300 iterations)
Benchmarking probe_strided/large_2048x2048-blocked64: Analyzing
probe_strided/large_2048x2048-blocked64
                        time:   [6.8277 ms 6.8350 ms 6.8427 ms]
                        change: [-0.0866% +0.2775% +0.5708%] (p = 0.10 > 0.05)
                        No change in performance detected.
Found 3 outliers among 100 measurements (3.00%)
  3 (3.00%) high mild
Benchmarking probe_strided/large_2048x2048-blocked128
Benchmarking probe_strided/large_2048x2048-blocked128: Warming up for 700.00 ms
Benchmarking probe_strided/large_2048x2048-blocked128: Collecting 100 samples in estimated 2.2047 s (300 iterations)
Benchmarking probe_strided/large_2048x2048-blocked128: Analyzing
probe_strided/large_2048x2048-blocked128
                        time:   [7.3169 ms 7.3318 ms 7.3483 ms]
                        change: [-1.2288% -0.9380% -0.6473%] (p = 0.00 < 0.05)
                        Change within noise threshold.
Found 5 outliers among 100 measurements (5.00%)
  3 (3.00%) high mild
  2 (2.00%) high severe

