    Finished `bench` profile [optimized] target(s) in 0.04s
     Running benches/anchors_ndarray.rs (target/release/deps/anchors_ndarray-e68cf886e11f2c7c)
Gnuplot not found, using plotters backend
Benchmarking ndarray_add/medium_512x512/owned
Benchmarking ndarray_add/medium_512x512/owned: Warming up for 700.00 ms
Benchmarking ndarray_add/medium_512x512/owned: Collecting 100 samples in estimated 2.1730 s (45k iterations)
Benchmarking ndarray_add/medium_512x512/owned: Analyzing
ndarray_add/medium_512x512/owned
                        time:   [47.544 µs 47.559 µs 47.576 µs]
Found 10 outliers among 100 measurements (10.00%)
  5 (5.00%) low mild
  1 (1.00%) high mild
  4 (4.00%) high severe
Benchmarking ndarray_add/medium_512x512/zip_prealloc
Benchmarking ndarray_add/medium_512x512/zip_prealloc: Warming up for 700.00 ms
Benchmarking ndarray_add/medium_512x512/zip_prealloc: Collecting 100 samples in estimated 2.1300 s (45k iterations)
Benchmarking ndarray_add/medium_512x512/zip_prealloc: Analyzing
ndarray_add/medium_512x512/zip_prealloc
                        time:   [46.538 µs 46.574 µs 46.610 µs]
Found 5 outliers among 100 measurements (5.00%)
  2 (2.00%) low mild
  2 (2.00%) high mild
  1 (1.00%) high severe
Benchmarking ndarray_add/large_2048x2048/owned
Benchmarking ndarray_add/large_2048x2048/owned: Warming up for 700.00 ms
Benchmarking ndarray_add/large_2048x2048/owned: Collecting 100 samples in estimated 2.6256 s (400 iterations)
Benchmarking ndarray_add/large_2048x2048/owned: Analyzing
ndarray_add/large_2048x2048/owned
                        time:   [6.5380 ms 6.5470 ms 6.5557 ms]
Benchmarking ndarray_add/large_2048x2048/zip_prealloc
Benchmarking ndarray_add/large_2048x2048/zip_prealloc: Warming up for 700.00 ms
Benchmarking ndarray_add/large_2048x2048/zip_prealloc: Collecting 100 samples in estimated 2.1248 s (1000 iterations)
Benchmarking ndarray_add/large_2048x2048/zip_prealloc: Analyzing
ndarray_add/large_2048x2048/zip_prealloc
                        time:   [2.1063 ms 2.1167 ms 2.1253 ms]
Found 3 outliers among 100 measurements (3.00%)
  1 (1.00%) low severe
  2 (2.00%) high mild

