    Finished `bench` profile [optimized] target(s) in 0.03s
     Running benches/kernels_probe.rs (target/release/deps/kernels_probe-634285c52fc607de)
Gnuplot not found, using plotters backend
Benchmarking probe_contig/medium_262144/idx_generic_mu_closure
Benchmarking probe_contig/medium_262144/idx_generic_mu_closure: Warming up for 700.00 ms
Benchmarking probe_contig/medium_262144/idx_generic_mu_closure: Collecting 100 samples in estimated 2.2119 s (45k iterations)
Benchmarking probe_contig/medium_262144/idx_generic_mu_closure: Analyzing
probe_contig/medium_262144/idx_generic_mu_closure
                        time:   [48.599 µs 48.610 µs 48.621 µs]
Found 12 outliers among 100 measurements (12.00%)
  3 (3.00%) low mild
  6 (6.00%) high mild
  3 (3.00%) high severe
Benchmarking probe_contig/medium_262144/idx_scalar_bounds
Benchmarking probe_contig/medium_262144/idx_scalar_bounds: Warming up for 700.00 ms
Benchmarking probe_contig/medium_262144/idx_scalar_bounds: Collecting 100 samples in estimated 2.2244 s (45k iterations)
Benchmarking probe_contig/medium_262144/idx_scalar_bounds: Analyzing
probe_contig/medium_262144/idx_scalar_bounds
                        time:   [48.376 µs 48.388 µs 48.400 µs]
Found 5 outliers among 100 measurements (5.00%)
  1 (1.00%) low mild
  3 (3.00%) high mild
  1 (1.00%) high severe
Benchmarking probe_contig/medium_262144/idx_unchecked
Benchmarking probe_contig/medium_262144/idx_unchecked: Warming up for 700.00 ms
Benchmarking probe_contig/medium_262144/idx_unchecked: Collecting 100 samples in estimated 2.2207 s (45k iterations)
Benchmarking probe_contig/medium_262144/idx_unchecked: Analyzing
probe_contig/medium_262144/idx_unchecked
                        time:   [48.574 µs 48.583 µs 48.592 µs]
Found 9 outliers among 100 measurements (9.00%)
  1 (1.00%) low severe
  1 (1.00%) low mild
  5 (5.00%) high mild
  2 (2.00%) high severe
Benchmarking probe_contig/medium_262144/zip_direct
Benchmarking probe_contig/medium_262144/zip_direct: Warming up for 700.00 ms
Benchmarking probe_contig/medium_262144/zip_direct: Collecting 100 samples in estimated 2.1545 s (45k iterations)
Benchmarking probe_contig/medium_262144/zip_direct: Analyzing
probe_contig/medium_262144/zip_direct
                        time:   [47.388 µs 47.404 µs 47.423 µs]
Found 5 outliers among 100 measurements (5.00%)
  3 (3.00%) high mild
  2 (2.00%) high severe
Benchmarking probe_contig/medium_262144/zip_generic_mu_closure
Benchmarking probe_contig/medium_262144/zip_generic_mu_closure: Warming up for 700.00 ms
Benchmarking probe_contig/medium_262144/zip_generic_mu_closure: Collecting 100 samples in estimated 2.1614 s (45k iterations)
Benchmarking probe_contig/medium_262144/zip_generic_mu_closure: Analyzing
probe_contig/medium_262144/zip_generic_mu_closure
                        time:   [48.530 µs 48.546 µs 48.561 µs]
Found 22 outliers among 100 measurements (22.00%)
  16 (16.00%) low severe
  4 (4.00%) low mild
  2 (2.00%) high mild
Benchmarking probe_contig/medium_262144/zip_dyn_mu_closure
Benchmarking probe_contig/medium_262144/zip_dyn_mu_closure: Warming up for 700.00 ms
Benchmarking probe_contig/medium_262144/zip_dyn_mu_closure: Collecting 100 samples in estimated 2.2104 s (45k iterations)
Benchmarking probe_contig/medium_262144/zip_dyn_mu_closure: Analyzing
probe_contig/medium_262144/zip_dyn_mu_closure
                        time:   [48.476 µs 48.511 µs 48.540 µs]
Found 1 outliers among 100 measurements (1.00%)
  1 (1.00%) high mild
Benchmarking probe_contig/medium_262144/chunks_exact8
Benchmarking probe_contig/medium_262144/chunks_exact8: Warming up for 700.00 ms
Benchmarking probe_contig/medium_262144/chunks_exact8: Collecting 100 samples in estimated 2.2003 s (45k iterations)
Benchmarking probe_contig/medium_262144/chunks_exact8: Analyzing
probe_contig/medium_262144/chunks_exact8
                        time:   [48.127 µs 48.139 µs 48.153 µs]
Found 7 outliers among 100 measurements (7.00%)
  5 (5.00%) high mild
  2 (2.00%) high severe
Benchmarking probe_contig/large_4194304/idx_generic_mu_closure
Benchmarking probe_contig/large_4194304/idx_generic_mu_closure: Warming up for 700.00 ms
Benchmarking probe_contig/large_4194304/idx_generic_mu_closure: Collecting 100 samples in estimated 2.1710 s (1100 iterations)
Benchmarking probe_contig/large_4194304/idx_generic_mu_closure: Analyzing
probe_contig/large_4194304/idx_generic_mu_closure
                        time:   [2.1068 ms 2.1170 ms 2.1304 ms]
Found 5 outliers among 100 measurements (5.00%)
  2 (2.00%) high mild
  3 (3.00%) high severe
Benchmarking probe_contig/large_4194304/idx_scalar_bounds
Benchmarking probe_contig/large_4194304/idx_scalar_bounds: Warming up for 700.00 ms
Benchmarking probe_contig/large_4194304/idx_scalar_bounds: Collecting 100 samples in estimated 2.1433 s (1000 iterations)
Benchmarking probe_contig/large_4194304/idx_scalar_bounds: Analyzing
probe_contig/large_4194304/idx_scalar_bounds
                        time:   [2.1057 ms 2.1108 ms 2.1161 ms]
Found 2 outliers among 100 measurements (2.00%)
  2 (2.00%) high mild
Benchmarking probe_contig/large_4194304/idx_unchecked
Benchmarking probe_contig/large_4194304/idx_unchecked: Warming up for 700.00 ms
Benchmarking probe_contig/large_4194304/idx_unchecked: Collecting 100 samples in estimated 2.1195 s (1000 iterations)
Benchmarking probe_contig/large_4194304/idx_unchecked: Analyzing
probe_contig/large_4194304/idx_unchecked
                        time:   [2.1241 ms 2.1290 ms 2.1342 ms]
Found 2 outliers among 100 measurements (2.00%)
  2 (2.00%) high mild
Benchmarking probe_contig/large_4194304/zip_direct
Benchmarking probe_contig/large_4194304/zip_direct: Warming up for 700.00 ms
Benchmarking probe_contig/large_4194304/zip_direct: Collecting 100 samples in estimated 2.0560 s (1100 iterations)
Benchmarking probe_contig/large_4194304/zip_direct: Analyzing
probe_contig/large_4194304/zip_direct
                        time:   [2.0295 ms 2.0804 ms 2.1217 ms]
Found 9 outliers among 100 measurements (9.00%)
  7 (7.00%) low severe
  2 (2.00%) high severe
Benchmarking probe_contig/large_4194304/zip_generic_mu_closure
Benchmarking probe_contig/large_4194304/zip_generic_mu_closure: Warming up for 700.00 ms
Benchmarking probe_contig/large_4194304/zip_generic_mu_closure: Collecting 100 samples in estimated 2.1029 s (1000 iterations)
Benchmarking probe_contig/large_4194304/zip_generic_mu_closure: Analyzing
probe_contig/large_4194304/zip_generic_mu_closure
                        time:   [2.1222 ms 2.1337 ms 2.1479 ms]
Found 3 outliers among 100 measurements (3.00%)
  1 (1.00%) high mild
  2 (2.00%) high severe
Benchmarking probe_contig/large_4194304/zip_dyn_mu_closure
Benchmarking probe_contig/large_4194304/zip_dyn_mu_closure: Warming up for 700.00 ms
Benchmarking probe_contig/large_4194304/zip_dyn_mu_closure: Collecting 100 samples in estimated 2.0430 s (1000 iterations)
Benchmarking probe_contig/large_4194304/zip_dyn_mu_closure: Analyzing
probe_contig/large_4194304/zip_dyn_mu_closure
                        time:   [2.1078 ms 2.1136 ms 2.1201 ms]
Found 3 outliers among 100 measurements (3.00%)
  2 (2.00%) high mild
  1 (1.00%) high severe
Benchmarking probe_contig/large_4194304/chunks_exact8
Benchmarking probe_contig/large_4194304/chunks_exact8: Warming up for 700.00 ms
Benchmarking probe_contig/large_4194304/chunks_exact8: Collecting 100 samples in estimated 2.1456 s (1000 iterations)
Benchmarking probe_contig/large_4194304/chunks_exact8: Analyzing
probe_contig/large_4194304/chunks_exact8
                        time:   [1.9060 ms 1.9771 ms 2.0410 ms]
Found 17 outliers among 100 measurements (17.00%)
  13 (13.00%) low severe
  3 (3.00%) high mild
  1 (1.00%) high severe

Benchmarking probe_strided/large_2048x2048-bound_rowmajor
Benchmarking probe_strided/large_2048x2048-bound_rowmajor: Warming up for 700.00 ms
Benchmarking probe_strided/large_2048x2048-bound_rowmajor: Collecting 100 samples in estimated 3.3616 s (200 iterations)
Benchmarking probe_strided/large_2048x2048-bound_rowmajor: Analyzing
probe_strided/large_2048x2048-bound_rowmajor
                        time:   [16.577 ms 16.620 ms 16.653 ms]
Found 3 outliers among 100 measurements (3.00%)
  3 (3.00%) low severe
Benchmarking probe_strided/large_2048x2048-colmajor_walk
Benchmarking probe_strided/large_2048x2048-colmajor_walk: Warming up for 700.00 ms

Warning: Unable to complete 100 samples in 2.0s. You may wish to increase target time to 3.1s, or reduce sample count to 60.
Benchmarking probe_strided/large_2048x2048-colmajor_walk: Collecting 100 samples in estimated 3.1002 s (100 iterations)
Benchmarking probe_strided/large_2048x2048-colmajor_walk: Analyzing
probe_strided/large_2048x2048-colmajor_walk
                        time:   [30.846 ms 30.870 ms 30.907 ms]
Found 5 outliers among 100 measurements (5.00%)
  3 (3.00%) high mild
  2 (2.00%) high severe
Benchmarking probe_strided/large_2048x2048-blocked64
Benchmarking probe_strided/large_2048x2048-blocked64: Warming up for 700.00 ms
Benchmarking probe_strided/large_2048x2048-blocked64: Collecting 100 samples in estimated 2.0590 s (300 iterations)
Benchmarking probe_strided/large_2048x2048-blocked64: Analyzing
probe_strided/large_2048x2048-blocked64
                        time:   [6.7829 ms 6.7907 ms 6.7990 ms]
Found 7 outliers among 100 measurements (7.00%)
  7 (7.00%) high mild
Benchmarking probe_strided/large_2048x2048-blocked128
Benchmarking probe_strided/large_2048x2048-blocked128: Warming up for 700.00 ms
Benchmarking probe_strided/large_2048x2048-blocked128: Collecting 100 samples in estimated 2.1893 s (300 iterations)
Benchmarking probe_strided/large_2048x2048-blocked128: Analyzing
probe_strided/large_2048x2048-blocked128
                        time:   [7.2472 ms 7.2583 ms 7.2708 ms]
Found 3 outliers among 100 measurements (3.00%)
  3 (3.00%) high severe

