   Compiling elementwise v0.1.0 (/home/a/rstsr_pack/rstsr-improve-trajectory/2026-09-09-elementwise)
    Finished `bench` profile [optimized] target(s) in 2.42s
     Running benches/elementwise.rs (target/release/deps/elementwise-1afc1c26b84dc56f)
Gnuplot not found, using plotters backend
[harness] DeviceFaer thread pool: 16 threads (RAYON_NUM_THREADS convention)
Benchmarking add/add_contig_64x64-serial_f64/A
Benchmarking add/add_contig_64x64-serial_f64/A: Warming up for 700.00 ms
Benchmarking add/add_contig_64x64-serial_f64/A: Collecting 100 samples in estimated 2.0042 s (1.5M iterations)
Benchmarking add/add_contig_64x64-serial_f64/A: Analyzing
add/add_contig_64x64-serial_f64/A
                        time:   [1.3371 µs 1.3381 µs 1.3395 µs]
                        change: [-8.4950% -8.4028% -8.3158%] (p = 0.00 < 0.05)
                        Performance has improved.
Found 5 outliers among 100 measurements (5.00%)
  1 (1.00%) low mild
  1 (1.00%) high mild
  3 (3.00%) high severe
Benchmarking add/add_contig_64x64-serial_f64/B
Benchmarking add/add_contig_64x64-serial_f64/B: Warming up for 700.00 ms
Benchmarking add/add_contig_64x64-serial_f64/B: Collecting 100 samples in estimated 2.0042 s (1.6M iterations)
Benchmarking add/add_contig_64x64-serial_f64/B: Analyzing
add/add_contig_64x64-serial_f64/B
                        time:   [1.2889 µs 1.2891 µs 1.2894 µs]
                        change: [-6.7574% -6.7229% -6.6906%] (p = 0.00 < 0.05)
                        Performance has improved.
Found 4 outliers among 100 measurements (4.00%)
  1 (1.00%) low severe
  2 (2.00%) low mild
  1 (1.00%) high severe
Benchmarking add/add_contig_64x64-faer16_f64/A
Benchmarking add/add_contig_64x64-faer16_f64/A: Warming up for 700.00 ms
Benchmarking add/add_contig_64x64-faer16_f64/A: Collecting 100 samples in estimated 2.1287 s (81k iterations)
Benchmarking add/add_contig_64x64-faer16_f64/A: Analyzing
add/add_contig_64x64-faer16_f64/A
                        time:   [26.154 µs 26.267 µs 26.382 µs]
                        change: [-0.5337% -0.1613% +0.2071%] (p = 0.44 > 0.05)
                        No change in performance detected.
Found 1 outliers among 100 measurements (1.00%)
  1 (1.00%) high mild
Benchmarking add/add_contig_64x64-faer16_f64/B
Benchmarking add/add_contig_64x64-faer16_f64/B: Warming up for 700.00 ms
Benchmarking add/add_contig_64x64-faer16_f64/B: Collecting 100 samples in estimated 2.0221 s (76k iterations)
Benchmarking add/add_contig_64x64-faer16_f64/B: Analyzing
add/add_contig_64x64-faer16_f64/B
                        time:   [26.620 µs 26.644 µs 26.667 µs]
                        change: [+1.1405% +2.2225% +2.9598%] (p = 0.00 < 0.05)
                        Performance has regressed.
Found 3 outliers among 100 measurements (3.00%)
  3 (3.00%) high mild
Benchmarking add/add_contig_512x512-serial_f64/A
Benchmarking add/add_contig_512x512-serial_f64/A: Warming up for 700.00 ms
Benchmarking add/add_contig_512x512-serial_f64/A: Collecting 100 samples in estimated 2.1142 s (50k iterations)
Benchmarking add/add_contig_512x512-serial_f64/A: Analyzing
add/add_contig_512x512-serial_f64/A
                        time:   [41.796 µs 41.874 µs 41.938 µs]
                        change: [-16.090% -15.959% -15.825%] (p = 0.00 < 0.05)
                        Performance has improved.
Benchmarking add/add_contig_512x512-serial_f64/B
Benchmarking add/add_contig_512x512-serial_f64/B: Warming up for 700.00 ms
Benchmarking add/add_contig_512x512-serial_f64/B: Collecting 100 samples in estimated 2.0703 s (50k iterations)
Benchmarking add/add_contig_512x512-serial_f64/B: Analyzing
add/add_contig_512x512-serial_f64/B
                        time:   [40.761 µs 40.801 µs 40.841 µs]
                        change: [-16.737% -16.563% -16.396%] (p = 0.00 < 0.05)
                        Performance has improved.
Found 3 outliers among 100 measurements (3.00%)
  2 (2.00%) low mild
  1 (1.00%) high mild
Benchmarking add/add_contig_512x512-faer16_f64/A
Benchmarking add/add_contig_512x512-faer16_f64/A: Warming up for 700.00 ms
Benchmarking add/add_contig_512x512-faer16_f64/A: Collecting 100 samples in estimated 2.1858 s (35k iterations)
Benchmarking add/add_contig_512x512-faer16_f64/A: Analyzing
add/add_contig_512x512-faer16_f64/A
                        time:   [61.946 µs 62.014 µs 62.086 µs]
                        change: [+0.9760% +1.2102% +1.4445%] (p = 0.00 < 0.05)
                        Change within noise threshold.
Found 2 outliers among 100 measurements (2.00%)
  1 (1.00%) low severe
  1 (1.00%) low mild
Benchmarking add/add_contig_512x512-faer16_f64/B
Benchmarking add/add_contig_512x512-faer16_f64/B: Warming up for 700.00 ms
Benchmarking add/add_contig_512x512-faer16_f64/B: Collecting 100 samples in estimated 2.1856 s (35k iterations)
Benchmarking add/add_contig_512x512-faer16_f64/B: Analyzing
add/add_contig_512x512-faer16_f64/B
                        time:   [61.624 µs 61.738 µs 61.884 µs]
                        change: [-0.9403% +0.1153% +0.9466%] (p = 0.84 > 0.05)
                        No change in performance detected.
Found 7 outliers among 100 measurements (7.00%)
  1 (1.00%) low severe
  3 (3.00%) high mild
  3 (3.00%) high severe
Benchmarking add/add_contig_2048x2048-serial_f64/A
Benchmarking add/add_contig_2048x2048-serial_f64/A: Warming up for 700.00 ms
Benchmarking add/add_contig_2048x2048-serial_f64/A: Collecting 100 samples in estimated 2.5152 s (400 iterations)
Benchmarking add/add_contig_2048x2048-serial_f64/A: Analyzing
add/add_contig_2048x2048-serial_f64/A
                        time:   [6.2254 ms 6.2333 ms 6.2412 ms]
                        change: [-2.5578% -1.6573% -0.9342%] (p = 0.00 < 0.05)
                        Change within noise threshold.
Found 1 outliers among 100 measurements (1.00%)
  1 (1.00%) high mild
Benchmarking add/add_contig_2048x2048-serial_f64/B
Benchmarking add/add_contig_2048x2048-serial_f64/B: Warming up for 700.00 ms
Benchmarking add/add_contig_2048x2048-serial_f64/B: Collecting 100 samples in estimated 2.1014 s (1000 iterations)
Benchmarking add/add_contig_2048x2048-serial_f64/B: Analyzing
add/add_contig_2048x2048-serial_f64/B
                        time:   [2.1025 ms 2.1068 ms 2.1113 ms]
                        change: [-1.7703% -1.4435% -1.1262%] (p = 0.00 < 0.05)
                        Performance has improved.
Found 5 outliers among 100 measurements (5.00%)
  5 (5.00%) high mild
Benchmarking add/add_contig_2048x2048-faer16_f64/A
Benchmarking add/add_contig_2048x2048-faer16_f64/A: Warming up for 700.00 ms
Benchmarking add/add_contig_2048x2048-faer16_f64/A: Collecting 100 samples in estimated 2.2254 s (800 iterations)
Benchmarking add/add_contig_2048x2048-faer16_f64/A: Analyzing
add/add_contig_2048x2048-faer16_f64/A
                        time:   [2.6415 ms 2.6731 ms 2.7061 ms]
                        change: [-6.4594% -4.5909% -2.6684%] (p = 0.00 < 0.05)
                        Performance has improved.
Found 5 outliers among 100 measurements (5.00%)
  5 (5.00%) high mild
Benchmarking add/add_contig_2048x2048-faer16_f64/B
Benchmarking add/add_contig_2048x2048-faer16_f64/B: Warming up for 700.00 ms

Warning: Unable to complete 100 samples in 2.0s. You may wish to increase target time to 2.9s, enable flat sampling, or reduce sample count to 50.
Benchmarking add/add_contig_2048x2048-faer16_f64/B: Collecting 100 samples in estimated 2.8633 s (5050 iterations)
Benchmarking add/add_contig_2048x2048-faer16_f64/B: Analyzing
add/add_contig_2048x2048-faer16_f64/B
                        time:   [562.20 µs 567.22 µs 572.27 µs]
                        change: [-0.7564% +0.6981% +2.1818%] (p = 0.36 > 0.05)
                        No change in performance detected.
Found 2 outliers among 100 measurements (2.00%)
  1 (1.00%) high mild
  1 (1.00%) high severe
Benchmarking add/add_contig_1000x777-serial_f64/A
Benchmarking add/add_contig_1000x777-serial_f64/A: Warming up for 700.00 ms
Benchmarking add/add_contig_1000x777-serial_f64/A: Collecting 100 samples in estimated 2.3458 s (20k iterations)
Benchmarking add/add_contig_1000x777-serial_f64/A: Analyzing
add/add_contig_1000x777-serial_f64/A
                        time:   [118.77 µs 119.08 µs 119.33 µs]
                        change: [-22.404% -22.011% -21.648%] (p = 0.00 < 0.05)
                        Performance has improved.
Benchmarking add/add_contig_1000x777-serial_f64/B
Benchmarking add/add_contig_1000x777-serial_f64/B: Warming up for 700.00 ms
Benchmarking add/add_contig_1000x777-serial_f64/B: Collecting 100 samples in estimated 2.3922 s (20k iterations)
Benchmarking add/add_contig_1000x777-serial_f64/B: Analyzing
add/add_contig_1000x777-serial_f64/B
                        time:   [119.11 µs 119.20 µs 119.30 µs]
                        change: [-4.3852% -4.0827% -3.7707%] (p = 0.00 < 0.05)
                        Performance has improved.
Found 7 outliers among 100 measurements (7.00%)
  3 (3.00%) high mild
  4 (4.00%) high severe
Benchmarking add/add_contig_1000x777-faer16_f64/A
Benchmarking add/add_contig_1000x777-faer16_f64/A: Warming up for 700.00 ms
Benchmarking add/add_contig_1000x777-faer16_f64/A: Collecting 100 samples in estimated 2.0308 s (20k iterations)
Benchmarking add/add_contig_1000x777-faer16_f64/A: Analyzing
add/add_contig_1000x777-faer16_f64/A
                        time:   [100.36 µs 100.51 µs 100.66 µs]
                        change: [+0.6376% +0.9905% +1.3574%] (p = 0.00 < 0.05)
                        Change within noise threshold.
Found 9 outliers among 100 measurements (9.00%)
  1 (1.00%) low severe
  3 (3.00%) low mild
  2 (2.00%) high mild
  3 (3.00%) high severe
Benchmarking add/add_contig_1000x777-faer16_f64/B
Benchmarking add/add_contig_1000x777-faer16_f64/B: Warming up for 700.00 ms
Benchmarking add/add_contig_1000x777-faer16_f64/B: Collecting 100 samples in estimated 2.0308 s (20k iterations)
Benchmarking add/add_contig_1000x777-faer16_f64/B: Analyzing
add/add_contig_1000x777-faer16_f64/B
                        time:   [100.47 µs 100.62 µs 100.77 µs]
                        change: [-1.0059% -0.0897% +0.6245%] (p = 0.85 > 0.05)
                        No change in performance detected.
Found 5 outliers among 100 measurements (5.00%)
  1 (1.00%) low severe
  1 (1.00%) low mild
  3 (3.00%) high mild
Benchmarking add/add_contig_512x512-serial_f32/A
Benchmarking add/add_contig_512x512-serial_f32/A: Warming up for 700.00 ms
Benchmarking add/add_contig_512x512-serial_f32/A: Collecting 100 samples in estimated 2.0041 s (86k iterations)
Benchmarking add/add_contig_512x512-serial_f32/A: Analyzing
add/add_contig_512x512-serial_f32/A
                        time:   [22.929 µs 22.936 µs 22.944 µs]
                        change: [-4.2373% -4.0573% -3.9063%] (p = 0.00 < 0.05)
                        Performance has improved.
Found 1 outliers among 100 measurements (1.00%)
  1 (1.00%) high severe
Benchmarking add/add_contig_512x512-serial_f32/B
Benchmarking add/add_contig_512x512-serial_f32/B: Warming up for 700.00 ms
Benchmarking add/add_contig_512x512-serial_f32/B: Collecting 100 samples in estimated 2.1114 s (91k iterations)
Benchmarking add/add_contig_512x512-serial_f32/B: Analyzing
add/add_contig_512x512-serial_f32/B
                        time:   [23.096 µs 23.140 µs 23.188 µs]
                        change: [-2.6994% -2.5435% -2.4050%] (p = 0.00 < 0.05)
                        Performance has improved.
Found 15 outliers among 100 measurements (15.00%)
  1 (1.00%) high mild
  14 (14.00%) high severe
Benchmarking add/add_contig_512x512-faer16_f32/A
Benchmarking add/add_contig_512x512-faer16_f32/A: Warming up for 700.00 ms
Benchmarking add/add_contig_512x512-faer16_f32/A: Collecting 100 samples in estimated 2.2310 s (40k iterations)
Benchmarking add/add_contig_512x512-faer16_f32/A: Analyzing
add/add_contig_512x512-faer16_f32/A
                        time:   [55.178 µs 55.244 µs 55.311 µs]
                        change: [-0.2797% -0.0498% +0.1767%] (p = 0.66 > 0.05)
                        No change in performance detected.
Found 5 outliers among 100 measurements (5.00%)
  1 (1.00%) low severe
  1 (1.00%) low mild
  2 (2.00%) high mild
  1 (1.00%) high severe
Benchmarking add/add_contig_512x512-faer16_f32/B
Benchmarking add/add_contig_512x512-faer16_f32/B: Warming up for 700.00 ms
Benchmarking add/add_contig_512x512-faer16_f32/B: Collecting 100 samples in estimated 2.0089 s (35k iterations)
Benchmarking add/add_contig_512x512-faer16_f32/B: Analyzing
add/add_contig_512x512-faer16_f32/B
                        time:   [56.636 µs 56.714 µs 56.794 µs]
                        change: [+1.8856% +2.1388% +2.3685%] (p = 0.00 < 0.05)
                        Performance has regressed.
Found 5 outliers among 100 measurements (5.00%)
  1 (1.00%) low severe
  2 (2.00%) low mild
  2 (2.00%) high mild
Benchmarking add/add_contig_2048x2048-serial_f32/A
Benchmarking add/add_contig_2048x2048-serial_f32/A: Warming up for 700.00 ms

Warning: Unable to complete 100 samples in 2.0s. You may wish to increase target time to 3.7s, enable flat sampling, or reduce sample count to 50.
Benchmarking add/add_contig_2048x2048-serial_f32/A: Collecting 100 samples in estimated 3.6864 s (5050 iterations)
Benchmarking add/add_contig_2048x2048-serial_f32/A: Analyzing
add/add_contig_2048x2048-serial_f32/A
                        time:   [749.20 µs 750.85 µs 752.82 µs]
                        change: [-3.9247% -3.4440% -2.9821%] (p = 0.00 < 0.05)
                        Performance has improved.
Found 7 outliers among 100 measurements (7.00%)
  1 (1.00%) low mild
  5 (5.00%) high mild
  1 (1.00%) high severe
Benchmarking add/add_contig_2048x2048-serial_f32/B
Benchmarking add/add_contig_2048x2048-serial_f32/B: Warming up for 700.00 ms

Warning: Unable to complete 100 samples in 2.0s. You may wish to increase target time to 3.5s, enable flat sampling, or reduce sample count to 50.
Benchmarking add/add_contig_2048x2048-serial_f32/B: Collecting 100 samples in estimated 3.4802 s (5050 iterations)
Benchmarking add/add_contig_2048x2048-serial_f32/B: Analyzing
add/add_contig_2048x2048-serial_f32/B
                        time:   [740.00 µs 742.40 µs 745.36 µs]
                        change: [-4.6293% -4.0581% -3.3506%] (p = 0.00 < 0.05)
                        Performance has improved.
Found 7 outliers among 100 measurements (7.00%)
  5 (5.00%) high mild
  2 (2.00%) high severe
Benchmarking add/add_contig_2048x2048-faer16_f32/A
Benchmarking add/add_contig_2048x2048-faer16_f32/A: Warming up for 700.00 ms
Benchmarking add/add_contig_2048x2048-faer16_f32/A: Collecting 100 samples in estimated 2.3194 s (10k iterations)
Benchmarking add/add_contig_2048x2048-faer16_f32/A: Analyzing
add/add_contig_2048x2048-faer16_f32/A
                        time:   [229.77 µs 230.27 µs 230.77 µs]
                        change: [-1.8268% -1.3962% -0.9667%] (p = 0.00 < 0.05)
                        Change within noise threshold.
Found 7 outliers among 100 measurements (7.00%)
  1 (1.00%) low severe
  2 (2.00%) low mild
  3 (3.00%) high mild
  1 (1.00%) high severe
Benchmarking add/add_contig_2048x2048-faer16_f32/B
Benchmarking add/add_contig_2048x2048-faer16_f32/B: Warming up for 700.00 ms
Benchmarking add/add_contig_2048x2048-faer16_f32/B: Collecting 100 samples in estimated 2.3654 s (10k iterations)
Benchmarking add/add_contig_2048x2048-faer16_f32/B: Analyzing
add/add_contig_2048x2048-faer16_f32/B
                        time:   [233.77 µs 236.08 µs 239.01 µs]
                        change: [-1.8312% -0.1177% +2.0552%] (p = 0.93 > 0.05)
                        No change in performance detected.
Found 14 outliers among 100 measurements (14.00%)
  6 (6.00%) high mild
  8 (8.00%) high severe
Benchmarking add/add_bcast_2048x2048-serial_f64/A
Benchmarking add/add_bcast_2048x2048-serial_f64/A: Warming up for 700.00 ms
Benchmarking add/add_bcast_2048x2048-serial_f64/A: Collecting 100 samples in estimated 2.2894 s (400 iterations)
Benchmarking add/add_bcast_2048x2048-serial_f64/A: Analyzing
add/add_bcast_2048x2048-serial_f64/A
                        time:   [5.6335 ms 5.6552 ms 5.6758 ms]
                        change: [-9.0364% -8.6456% -8.2794%] (p = 0.00 < 0.05)
                        Performance has improved.
Benchmarking add/add_bcast_2048x2048-serial_f64/B
Benchmarking add/add_bcast_2048x2048-serial_f64/B: Warming up for 700.00 ms
Benchmarking add/add_bcast_2048x2048-serial_f64/B: Collecting 100 samples in estimated 2.1240 s (1400 iterations)
Benchmarking add/add_bcast_2048x2048-serial_f64/B: Analyzing
add/add_bcast_2048x2048-serial_f64/B
                        time:   [1.4849 ms 1.4892 ms 1.4937 ms]
                        change: [-7.2126% -6.8793% -6.5322%] (p = 0.00 < 0.05)
                        Performance has improved.
Found 13 outliers among 100 measurements (13.00%)
  12 (12.00%) high mild
  1 (1.00%) high severe
Benchmarking add/add_bcast_2048x2048-faer16_f64/A
Benchmarking add/add_bcast_2048x2048-faer16_f64/A: Warming up for 700.00 ms
Benchmarking add/add_bcast_2048x2048-faer16_f64/A: Collecting 100 samples in estimated 2.0620 s (900 iterations)
Benchmarking add/add_bcast_2048x2048-faer16_f64/A: Analyzing
add/add_bcast_2048x2048-faer16_f64/A
                        time:   [2.2709 ms 2.3265 ms 2.3806 ms]
                        change: [-6.6028% -3.1469% +0.3993%] (p = 0.08 > 0.05)
                        No change in performance detected.
Benchmarking add/add_bcast_2048x2048-faer16_f64/B
Benchmarking add/add_bcast_2048x2048-faer16_f64/B: Warming up for 700.00 ms
Benchmarking add/add_bcast_2048x2048-faer16_f64/B: Collecting 100 samples in estimated 2.7026 s (10k iterations)
Benchmarking add/add_bcast_2048x2048-faer16_f64/B: Analyzing
add/add_bcast_2048x2048-faer16_f64/B
                        time:   [267.50 µs 272.51 µs 278.81 µs]
                        change: [-5.2652% -4.0424% -2.6148%] (p = 0.00 < 0.05)
                        Performance has improved.
Found 11 outliers among 100 measurements (11.00%)
  2 (2.00%) low mild
  7 (7.00%) high mild
  2 (2.00%) high severe
Benchmarking add/add_strided_2048x2048-serial_f64/A
Benchmarking add/add_strided_2048x2048-serial_f64/A: Warming up for 700.00 ms

Warning: Unable to complete 100 samples in 2.0s. You may wish to increase target time to 2.9s, or reduce sample count to 60.
Benchmarking add/add_strided_2048x2048-serial_f64/A: Collecting 100 samples in estimated 2.9132 s (100 iterations)
Benchmarking add/add_strided_2048x2048-serial_f64/A: Analyzing
add/add_strided_2048x2048-serial_f64/A
                        time:   [28.379 ms 28.471 ms 28.567 ms]
                        change: [+0.1672% +0.6163% +0.9946%] (p = 0.00 < 0.05)
                        Change within noise threshold.
Found 8 outliers among 100 measurements (8.00%)
  2 (2.00%) low mild
  6 (6.00%) high mild
Benchmarking add/add_strided_2048x2048-serial_f64/B
Benchmarking add/add_strided_2048x2048-serial_f64/B: Warming up for 700.00 ms

Warning: Unable to complete 100 samples in 2.0s. You may wish to increase target time to 2.3s, or reduce sample count to 80.
Benchmarking add/add_strided_2048x2048-serial_f64/B: Collecting 100 samples in estimated 2.3154 s (100 iterations)
Benchmarking add/add_strided_2048x2048-serial_f64/B: Analyzing
add/add_strided_2048x2048-serial_f64/B
                        time:   [23.195 ms 23.248 ms 23.304 ms]
                        change: [+1.5369% +1.8009% +2.0464%] (p = 0.00 < 0.05)
                        Performance has regressed.
Found 1 outliers among 100 measurements (1.00%)
  1 (1.00%) high mild
Benchmarking add/add_strided_2048x2048-faer16_f64/A
Benchmarking add/add_strided_2048x2048-faer16_f64/A: Warming up for 700.00 ms
Benchmarking add/add_strided_2048x2048-faer16_f64/A: Collecting 100 samples in estimated 2.1585 s (500 iterations)
Benchmarking add/add_strided_2048x2048-faer16_f64/A: Analyzing
add/add_strided_2048x2048-faer16_f64/A
                        time:   [4.0994 ms 4.1351 ms 4.1716 ms]
                        change: [-6.3258% -5.0850% -3.7385%] (p = 0.00 < 0.05)
                        Performance has improved.
Found 4 outliers among 100 measurements (4.00%)
  1 (1.00%) low mild
  3 (3.00%) high mild
Benchmarking add/add_strided_2048x2048-faer16_f64/B
Benchmarking add/add_strided_2048x2048-faer16_f64/B: Warming up for 700.00 ms
Benchmarking add/add_strided_2048x2048-faer16_f64/B: Collecting 100 samples in estimated 2.1848 s (1000 iterations)
Benchmarking add/add_strided_2048x2048-faer16_f64/B: Analyzing
add/add_strided_2048x2048-faer16_f64/B
                        time:   [2.1363 ms 2.1492 ms 2.1627 ms]
                        change: [-1.2266% -0.2413% +0.7686%] (p = 0.64 > 0.05)
                        No change in performance detected.
Found 2 outliers among 100 measurements (2.00%)
  2 (2.00%) high mild

Benchmarking mul/mul_contig_2048x2048-serial_f64/A
Benchmarking mul/mul_contig_2048x2048-serial_f64/A: Warming up for 700.00 ms
Benchmarking mul/mul_contig_2048x2048-serial_f64/A: Collecting 100 samples in estimated 2.5356 s (400 iterations)
Benchmarking mul/mul_contig_2048x2048-serial_f64/A: Analyzing
mul/mul_contig_2048x2048-serial_f64/A
                        time:   [6.2422 ms 6.2514 ms 6.2610 ms]
                        change: [-0.3340% -0.1314% +0.0918%] (p = 0.23 > 0.05)
                        No change in performance detected.
Found 1 outliers among 100 measurements (1.00%)
  1 (1.00%) high mild
Benchmarking mul/mul_contig_2048x2048-serial_f64/B
Benchmarking mul/mul_contig_2048x2048-serial_f64/B: Warming up for 700.00 ms
Benchmarking mul/mul_contig_2048x2048-serial_f64/B: Collecting 100 samples in estimated 2.1652 s (1000 iterations)
Benchmarking mul/mul_contig_2048x2048-serial_f64/B: Analyzing
mul/mul_contig_2048x2048-serial_f64/B
                        time:   [2.1315 ms 2.1370 ms 2.1428 ms]
                        change: [+0.2683% +0.6273% +0.9960%] (p = 0.00 < 0.05)
                        Change within noise threshold.
Found 2 outliers among 100 measurements (2.00%)
  1 (1.00%) high mild
  1 (1.00%) high severe
Benchmarking mul/mul_contig_2048x2048-faer16_f64/A
Benchmarking mul/mul_contig_2048x2048-faer16_f64/A: Warming up for 700.00 ms
Benchmarking mul/mul_contig_2048x2048-faer16_f64/A: Collecting 100 samples in estimated 2.0590 s (800 iterations)
Benchmarking mul/mul_contig_2048x2048-faer16_f64/A: Analyzing
mul/mul_contig_2048x2048-faer16_f64/A
                        time:   [2.6673 ms 2.7075 ms 2.7476 ms]
                        change: [-8.0005% -6.0028% -4.0995%] (p = 0.00 < 0.05)
                        Performance has improved.
Benchmarking mul/mul_contig_2048x2048-faer16_f64/B
Benchmarking mul/mul_contig_2048x2048-faer16_f64/B: Warming up for 700.00 ms

Warning: Unable to complete 100 samples in 2.0s. You may wish to increase target time to 3.0s, enable flat sampling, or reduce sample count to 50.
Benchmarking mul/mul_contig_2048x2048-faer16_f64/B: Collecting 100 samples in estimated 3.0283 s (5050 iterations)
Benchmarking mul/mul_contig_2048x2048-faer16_f64/B: Analyzing
mul/mul_contig_2048x2048-faer16_f64/B
                        time:   [596.89 µs 600.39 µs 603.94 µs]
                        change: [+7.4651% +8.6658% +9.9276%] (p = 0.00 < 0.05)
                        Performance has regressed.
Found 4 outliers among 100 measurements (4.00%)
  2 (2.00%) low mild
  1 (1.00%) high mild
  1 (1.00%) high severe

Benchmarking scale/scale_contig_2048x2048-serial_f64/A
Benchmarking scale/scale_contig_2048x2048-serial_f64/A: Warming up for 700.00 ms
Benchmarking scale/scale_contig_2048x2048-serial_f64/A: Collecting 100 samples in estimated 2.0617 s (400 iterations)
Benchmarking scale/scale_contig_2048x2048-serial_f64/A: Analyzing
scale/scale_contig_2048x2048-serial_f64/A
                        time:   [5.1382 ms 5.1441 ms 5.1504 ms]
                        change: [-3.5180% -3.3037% -3.0856%] (p = 0.00 < 0.05)
                        Performance has improved.
Found 4 outliers among 100 measurements (4.00%)
  3 (3.00%) high mild
  1 (1.00%) high severe
Benchmarking scale/scale_contig_2048x2048-serial_f64/B
Benchmarking scale/scale_contig_2048x2048-serial_f64/B: Warming up for 700.00 ms
Benchmarking scale/scale_contig_2048x2048-serial_f64/B: Collecting 100 samples in estimated 2.1242 s (1400 iterations)
Benchmarking scale/scale_contig_2048x2048-serial_f64/B: Analyzing
scale/scale_contig_2048x2048-serial_f64/B
                        time:   [1.5278 ms 1.5312 ms 1.5348 ms]
                        change: [-6.0598% -5.4328% -4.8604%] (p = 0.00 < 0.05)
                        Performance has improved.
Found 3 outliers among 100 measurements (3.00%)
  2 (2.00%) high mild
  1 (1.00%) high severe
Benchmarking scale/scale_contig_2048x2048-faer16_f64/A
Benchmarking scale/scale_contig_2048x2048-faer16_f64/A: Warming up for 700.00 ms
Benchmarking scale/scale_contig_2048x2048-faer16_f64/A: Collecting 100 samples in estimated 2.0174 s (900 iterations)
Benchmarking scale/scale_contig_2048x2048-faer16_f64/A: Analyzing
scale/scale_contig_2048x2048-faer16_f64/A
                        time:   [2.4066 ms 2.4735 ms 2.5418 ms]
                        change: [+7.5620% +11.080% +14.632%] (p = 0.00 < 0.05)
                        Performance has regressed.
Benchmarking scale/scale_contig_2048x2048-faer16_f64/B
Benchmarking scale/scale_contig_2048x2048-faer16_f64/B: Warming up for 700.00 ms
Benchmarking scale/scale_contig_2048x2048-faer16_f64/B: Collecting 100 samples in estimated 2.8515 s (10k iterations)
Benchmarking scale/scale_contig_2048x2048-faer16_f64/B: Analyzing
scale/scale_contig_2048x2048-faer16_f64/B
                        time:   [277.67 µs 278.61 µs 279.61 µs]
                        change: [+0.7091% +1.4524% +2.1744%] (p = 0.00 < 0.05)
                        Change within noise threshold.
Found 3 outliers among 100 measurements (3.00%)
  2 (2.00%) high mild
  1 (1.00%) high severe

