   Compiling rstsr-native-impl v0.8.0 (/home/a/rstsr_pack/rstsr/rstsr-native-impl)
   Compiling rstsr-core v0.8.0 (/home/a/rstsr_pack/rstsr/rstsr-core)
   Compiling transpose-assign v0.1.0 (/home/a/rstsr_pack/rstsr-improve-trajectory/2026-09-09-transpose-assign)
    Finished `bench` profile [optimized] target(s) in 7.22s
     Running benches/transpose.rs (target/release/deps/transpose-1993fda59212409d)
Gnuplot not found, using plotters backend
[harness] DeviceFaer thread pool: 16 threads (RAYON_NUM_THREADS convention)
Benchmarking transpose_copy/small_64x64-serial_f64/A
Benchmarking transpose_copy/small_64x64-serial_f64/A: Warming up for 700.00 ms
Benchmarking transpose_copy/small_64x64-serial_f64/A: Collecting 100 samples in estimated 2.0065 s (1.3M iterations)
Benchmarking transpose_copy/small_64x64-serial_f64/A: Analyzing
transpose_copy/small_64x64-serial_f64/A
                        time:   [1.5293 µs 1.5345 µs 1.5398 µs]
                        change: [-88.695% -88.651% -88.601%] (p = 0.00 < 0.05)
                        Performance has improved.
Found 1 outliers among 100 measurements (1.00%)
  1 (1.00%) high severe
Benchmarking transpose_copy/small_64x64-serial_f64/B
Benchmarking transpose_copy/small_64x64-serial_f64/B: Warming up for 700.00 ms
Benchmarking transpose_copy/small_64x64-serial_f64/B: Collecting 100 samples in estimated 2.0075 s (919k iterations)
Benchmarking transpose_copy/small_64x64-serial_f64/B: Analyzing
transpose_copy/small_64x64-serial_f64/B
                        time:   [2.1626 µs 2.1646 µs 2.1666 µs]
                        change: [-84.405% -84.351% -84.311%] (p = 0.00 < 0.05)
                        Performance has improved.
Found 3 outliers among 100 measurements (3.00%)
  1 (1.00%) high mild
  2 (2.00%) high severe
Benchmarking transpose_copy/small_64x64-faer16_f64/A
Benchmarking transpose_copy/small_64x64-faer16_f64/A: Warming up for 700.00 ms
Benchmarking transpose_copy/small_64x64-faer16_f64/A: Collecting 100 samples in estimated 2.0012 s (1.2M iterations)
Benchmarking transpose_copy/small_64x64-faer16_f64/A: Analyzing
transpose_copy/small_64x64-faer16_f64/A
                        time:   [1.6459 µs 1.6513 µs 1.6566 µs]
                        change: [-87.762% -87.709% -87.643%] (p = 0.00 < 0.05)
                        Performance has improved.
Found 3 outliers among 100 measurements (3.00%)
  3 (3.00%) high mild
Benchmarking transpose_copy/small_64x64-faer16_f64/B
Benchmarking transpose_copy/small_64x64-faer16_f64/B: Warming up for 700.00 ms
Benchmarking transpose_copy/small_64x64-faer16_f64/B: Collecting 100 samples in estimated 2.0104 s (909k iterations)
Benchmarking transpose_copy/small_64x64-faer16_f64/B: Analyzing
transpose_copy/small_64x64-faer16_f64/B
                        time:   [2.2205 µs 2.2217 µs 2.2230 µs]
                        change: [-84.022% -83.994% -83.972%] (p = 0.00 < 0.05)
                        Performance has improved.
Found 4 outliers among 100 measurements (4.00%)
  4 (4.00%) high mild
Benchmarking transpose_copy/medium_512x512-serial_f64/A
Benchmarking transpose_copy/medium_512x512-serial_f64/A: Warming up for 700.00 ms
Benchmarking transpose_copy/medium_512x512-serial_f64/A: Collecting 100 samples in estimated 3.0325 s (10k iterations)
Benchmarking transpose_copy/medium_512x512-serial_f64/A: Analyzing
transpose_copy/medium_512x512-serial_f64/A
                        time:   [297.24 µs 297.37 µs 297.52 µs]
                        change: [-62.867% -62.833% -62.791%] (p = 0.00 < 0.05)
                        Performance has improved.
Found 13 outliers among 100 measurements (13.00%)
  5 (5.00%) high mild
  8 (8.00%) high severe
Benchmarking transpose_copy/medium_512x512-serial_f64/B
Benchmarking transpose_copy/medium_512x512-serial_f64/B: Warming up for 700.00 ms
Benchmarking transpose_copy/medium_512x512-serial_f64/B: Collecting 100 samples in estimated 3.0358 s (10k iterations)
Benchmarking transpose_copy/medium_512x512-serial_f64/B: Analyzing
transpose_copy/medium_512x512-serial_f64/B
                        time:   [298.91 µs 299.05 µs 299.21 µs]
                        change: [-62.775% -62.746% -62.720%] (p = 0.00 < 0.05)
                        Performance has improved.
Found 10 outliers among 100 measurements (10.00%)
  1 (1.00%) low mild
  3 (3.00%) high mild
  6 (6.00%) high severe
Benchmarking transpose_copy/medium_512x512-faer16_f64/A
Benchmarking transpose_copy/medium_512x512-faer16_f64/A: Warming up for 700.00 ms
Benchmarking transpose_copy/medium_512x512-faer16_f64/A: Collecting 100 samples in estimated 2.1307 s (40k iterations)
Benchmarking transpose_copy/medium_512x512-faer16_f64/A: Analyzing
transpose_copy/medium_512x512-faer16_f64/A
                        time:   [51.187 µs 51.571 µs 51.983 µs]
                        change: [-74.967% -74.768% -74.577%] (p = 0.00 < 0.05)
                        Performance has improved.
Found 1 outliers among 100 measurements (1.00%)
  1 (1.00%) high mild
Benchmarking transpose_copy/medium_512x512-faer16_f64/B
Benchmarking transpose_copy/medium_512x512-faer16_f64/B: Warming up for 700.00 ms
Benchmarking transpose_copy/medium_512x512-faer16_f64/B: Collecting 100 samples in estimated 2.1428 s (40k iterations)
Benchmarking transpose_copy/medium_512x512-faer16_f64/B: Analyzing
transpose_copy/medium_512x512-faer16_f64/B
                        time:   [51.281 µs 51.603 µs 51.968 µs]
                        change: [-75.067% -74.834% -74.593%] (p = 0.00 < 0.05)
                        Performance has improved.
Found 11 outliers among 100 measurements (11.00%)
  2 (2.00%) low mild
  8 (8.00%) high mild
  1 (1.00%) high severe
Benchmarking transpose_copy/large_2048x2048-serial_f64/A
Benchmarking transpose_copy/large_2048x2048-serial_f64/A: Warming up for 700.00 ms
Benchmarking transpose_copy/large_2048x2048-serial_f64/A: Collecting 100 samples in estimated 2.0991 s (200 iterations)
Benchmarking transpose_copy/large_2048x2048-serial_f64/A: Analyzing
transpose_copy/large_2048x2048-serial_f64/A
                        time:   [10.395 ms 10.418 ms 10.442 ms]
                        change: [-54.088% -53.858% -53.626%] (p = 0.00 < 0.05)
                        Performance has improved.
Found 2 outliers among 100 measurements (2.00%)
  2 (2.00%) high mild
Benchmarking transpose_copy/large_2048x2048-serial_f64/B
Benchmarking transpose_copy/large_2048x2048-serial_f64/B: Warming up for 700.00 ms
Benchmarking transpose_copy/large_2048x2048-serial_f64/B: Collecting 100 samples in estimated 2.3666 s (400 iterations)
Benchmarking transpose_copy/large_2048x2048-serial_f64/B: Analyzing
transpose_copy/large_2048x2048-serial_f64/B
                        time:   [5.8676 ms 5.8786 ms 5.8902 ms]
                        change: [-65.729% -65.595% -65.465%] (p = 0.00 < 0.05)
                        Performance has improved.
Benchmarking transpose_copy/large_2048x2048-faer16_f64/A
Benchmarking transpose_copy/large_2048x2048-faer16_f64/A: Warming up for 700.00 ms
Benchmarking transpose_copy/large_2048x2048-faer16_f64/A: Collecting 100 samples in estimated 2.2381 s (800 iterations)
Benchmarking transpose_copy/large_2048x2048-faer16_f64/A: Analyzing
transpose_copy/large_2048x2048-faer16_f64/A
                        time:   [2.8607 ms 2.9175 ms 2.9746 ms]
                        change: [-17.129% -14.709% -12.271%] (p = 0.00 < 0.05)
                        Performance has improved.
Benchmarking transpose_copy/large_2048x2048-faer16_f64/B
Benchmarking transpose_copy/large_2048x2048-faer16_f64/B: Warming up for 700.00 ms

Warning: Unable to complete 100 samples in 2.0s. You may wish to increase target time to 2.8s, enable flat sampling, or reduce sample count to 50.
Benchmarking transpose_copy/large_2048x2048-faer16_f64/B: Collecting 100 samples in estimated 2.7872 s (5050 iterations)
Benchmarking transpose_copy/large_2048x2048-faer16_f64/B: Analyzing
transpose_copy/large_2048x2048-faer16_f64/B
                        time:   [543.88 µs 545.79 µs 547.88 µs]
                        change: [-62.558% -62.384% -62.207%] (p = 0.00 < 0.05)
                        Performance has improved.
Found 6 outliers among 100 measurements (6.00%)
  1 (1.00%) low mild
  5 (5.00%) high mild
Benchmarking transpose_copy/odd_1000x777-serial_f64/A
Benchmarking transpose_copy/odd_1000x777-serial_f64/A: Warming up for 700.00 ms
Benchmarking transpose_copy/odd_1000x777-serial_f64/A: Collecting 100 samples in estimated 2.5901 s (10k iterations)
Benchmarking transpose_copy/odd_1000x777-serial_f64/A: Analyzing
transpose_copy/odd_1000x777-serial_f64/A
                        time:   [252.12 µs 252.82 µs 253.50 µs]
                        change: [-89.419% -89.378% -89.337%] (p = 0.00 < 0.05)
                        Performance has improved.
Found 3 outliers among 100 measurements (3.00%)
  3 (3.00%) high mild
Benchmarking transpose_copy/odd_1000x777-serial_f64/B
Benchmarking transpose_copy/odd_1000x777-serial_f64/B: Warming up for 700.00 ms
Benchmarking transpose_copy/odd_1000x777-serial_f64/B: Collecting 100 samples in estimated 2.6142 s (10k iterations)
Benchmarking transpose_copy/odd_1000x777-serial_f64/B: Analyzing
transpose_copy/odd_1000x777-serial_f64/B
                        time:   [255.09 µs 255.55 µs 256.01 µs]
                        change: [-89.329% -89.296% -89.266%] (p = 0.00 < 0.05)
                        Performance has improved.
Found 4 outliers among 100 measurements (4.00%)
  3 (3.00%) low mild
  1 (1.00%) high mild
Benchmarking transpose_copy/odd_1000x777-faer16_f64/A
Benchmarking transpose_copy/odd_1000x777-faer16_f64/A: Warming up for 700.00 ms
Benchmarking transpose_copy/odd_1000x777-faer16_f64/A: Collecting 100 samples in estimated 2.0187 s (20k iterations)
Benchmarking transpose_copy/odd_1000x777-faer16_f64/A: Analyzing
transpose_copy/odd_1000x777-faer16_f64/A
                        time:   [97.623 µs 98.204 µs 98.786 µs]
                        change: [-73.148% -72.973% -72.799%] (p = 0.00 < 0.05)
                        Performance has improved.
Found 3 outliers among 100 measurements (3.00%)
  1 (1.00%) low mild
  1 (1.00%) high mild
  1 (1.00%) high severe
Benchmarking transpose_copy/odd_1000x777-faer16_f64/B
Benchmarking transpose_copy/odd_1000x777-faer16_f64/B: Warming up for 700.00 ms
Benchmarking transpose_copy/odd_1000x777-faer16_f64/B: Collecting 100 samples in estimated 2.4932 s (25k iterations)
Benchmarking transpose_copy/odd_1000x777-faer16_f64/B: Analyzing
transpose_copy/odd_1000x777-faer16_f64/B
                        time:   [99.718 µs 100.22 µs 100.70 µs]
                        change: [-73.118% -72.917% -72.714%] (p = 0.00 < 0.05)
                        Performance has improved.
Found 2 outliers among 100 measurements (2.00%)
  1 (1.00%) low mild
  1 (1.00%) high mild
Benchmarking transpose_copy/oddT_777x1000-serial_f64/A
Benchmarking transpose_copy/oddT_777x1000-serial_f64/A: Warming up for 700.00 ms
Benchmarking transpose_copy/oddT_777x1000-serial_f64/A: Collecting 100 samples in estimated 3.0417 s (10k iterations)
Benchmarking transpose_copy/oddT_777x1000-serial_f64/A: Analyzing
transpose_copy/oddT_777x1000-serial_f64/A
                        time:   [300.88 µs 301.04 µs 301.22 µs]
                        change: [-87.379% -87.357% -87.336%] (p = 0.00 < 0.05)
                        Performance has improved.
Found 9 outliers among 100 measurements (9.00%)
  4 (4.00%) high mild
  5 (5.00%) high severe
Benchmarking transpose_copy/oddT_777x1000-serial_f64/B
Benchmarking transpose_copy/oddT_777x1000-serial_f64/B: Warming up for 700.00 ms
Benchmarking transpose_copy/oddT_777x1000-serial_f64/B: Collecting 100 samples in estimated 2.4504 s (10k iterations)
Benchmarking transpose_copy/oddT_777x1000-serial_f64/B: Analyzing
transpose_copy/oddT_777x1000-serial_f64/B
                        time:   [240.23 µs 240.67 µs 241.12 µs]
                        change: [-89.923% -89.894% -89.866%] (p = 0.00 < 0.05)
                        Performance has improved.
Found 4 outliers among 100 measurements (4.00%)
  3 (3.00%) low mild
  1 (1.00%) high mild
Benchmarking transpose_copy/oddT_777x1000-faer16_f64/A
Benchmarking transpose_copy/oddT_777x1000-faer16_f64/A: Warming up for 700.00 ms
Benchmarking transpose_copy/oddT_777x1000-faer16_f64/A: Collecting 100 samples in estimated 2.4956 s (25k iterations)
Benchmarking transpose_copy/oddT_777x1000-faer16_f64/A: Analyzing
transpose_copy/oddT_777x1000-faer16_f64/A
                        time:   [99.390 µs 100.06 µs 100.68 µs]
                        change: [-72.949% -72.743% -72.544%] (p = 0.00 < 0.05)
                        Performance has improved.
Benchmarking transpose_copy/oddT_777x1000-faer16_f64/B
Benchmarking transpose_copy/oddT_777x1000-faer16_f64/B: Warming up for 700.00 ms
Benchmarking transpose_copy/oddT_777x1000-faer16_f64/B: Collecting 100 samples in estimated 2.0280 s (20k iterations)
Benchmarking transpose_copy/oddT_777x1000-faer16_f64/B: Analyzing
transpose_copy/oddT_777x1000-faer16_f64/B
                        time:   [96.369 µs 97.151 µs 97.990 µs]
                        change: [-73.267% -73.074% -72.865%] (p = 0.00 < 0.05)
                        Performance has improved.
Benchmarking transpose_copy/large_2048x2048-serial_f32/A
Benchmarking transpose_copy/large_2048x2048-serial_f32/A: Warming up for 700.00 ms
Benchmarking transpose_copy/large_2048x2048-serial_f32/A: Collecting 100 samples in estimated 2.1184 s (400 iterations)
Benchmarking transpose_copy/large_2048x2048-serial_f32/A: Analyzing
transpose_copy/large_2048x2048-serial_f32/A
                        time:   [5.2339 ms 5.2406 ms 5.2475 ms]
                        change: [-65.502% -65.379% -65.261%] (p = 0.00 < 0.05)
                        Performance has improved.
Benchmarking transpose_copy/large_2048x2048-serial_f32/B
Benchmarking transpose_copy/large_2048x2048-serial_f32/B: Warming up for 700.00 ms
Benchmarking transpose_copy/large_2048x2048-serial_f32/B: Collecting 100 samples in estimated 2.1153 s (400 iterations)
Benchmarking transpose_copy/large_2048x2048-serial_f32/B: Analyzing
transpose_copy/large_2048x2048-serial_f32/B
                        time:   [5.2532 ms 5.2592 ms 5.2657 ms]
                        change: [-65.479% -65.290% -65.121%] (p = 0.00 < 0.05)
                        Performance has improved.
Benchmarking transpose_copy/large_2048x2048-faer16_f32/A
Benchmarking transpose_copy/large_2048x2048-faer16_f32/A: Warming up for 700.00 ms
Benchmarking transpose_copy/large_2048x2048-faer16_f32/A: Collecting 100 samples in estimated 3.9572 s (10k iterations)
Benchmarking transpose_copy/large_2048x2048-faer16_f32/A: Analyzing
transpose_copy/large_2048x2048-faer16_f32/A
                        time:   [392.19 µs 392.61 µs 393.06 µs]
                        change: [-71.248% -71.096% -70.971%] (p = 0.00 < 0.05)
                        Performance has improved.
Found 5 outliers among 100 measurements (5.00%)
  3 (3.00%) high mild
  2 (2.00%) high severe
Benchmarking transpose_copy/large_2048x2048-faer16_f32/B
Benchmarking transpose_copy/large_2048x2048-faer16_f32/B: Warming up for 700.00 ms
Benchmarking transpose_copy/large_2048x2048-faer16_f32/B: Collecting 100 samples in estimated 3.9944 s (10k iterations)
Benchmarking transpose_copy/large_2048x2048-faer16_f32/B: Analyzing
transpose_copy/large_2048x2048-faer16_f32/B
                        time:   [396.42 µs 396.80 µs 397.23 µs]
                        change: [-71.049% -70.942% -70.842%] (p = 0.00 < 0.05)
                        Performance has improved.
Found 9 outliers among 100 measurements (9.00%)
  4 (4.00%) high mild
  5 (5.00%) high severe
Benchmarking transpose_copy/odd_1000x777-serial_f32/A
Benchmarking transpose_copy/odd_1000x777-serial_f32/A: Warming up for 700.00 ms
Benchmarking transpose_copy/odd_1000x777-serial_f32/A: Collecting 100 samples in estimated 2.3207 s (10k iterations)
Benchmarking transpose_copy/odd_1000x777-serial_f32/A: Analyzing
transpose_copy/odd_1000x777-serial_f32/A
                        time:   [225.02 µs 225.90 µs 226.84 µs]
                        change: [-90.471% -90.421% -90.369%] (p = 0.00 < 0.05)
                        Performance has improved.
Found 3 outliers among 100 measurements (3.00%)
  3 (3.00%) high mild
Benchmarking transpose_copy/odd_1000x777-serial_f32/B
Benchmarking transpose_copy/odd_1000x777-serial_f32/B: Warming up for 700.00 ms
Benchmarking transpose_copy/odd_1000x777-serial_f32/B: Collecting 100 samples in estimated 2.3097 s (10k iterations)
Benchmarking transpose_copy/odd_1000x777-serial_f32/B: Analyzing
transpose_copy/odd_1000x777-serial_f32/B
                        time:   [226.29 µs 227.22 µs 228.16 µs]
                        change: [-90.504% -90.466% -90.422%] (p = 0.00 < 0.05)
                        Performance has improved.
Found 1 outliers among 100 measurements (1.00%)
  1 (1.00%) high mild
Benchmarking transpose_copy/odd_1000x777-faer16_f32/A
Benchmarking transpose_copy/odd_1000x777-faer16_f32/A: Warming up for 700.00 ms
Benchmarking transpose_copy/odd_1000x777-faer16_f32/A: Collecting 100 samples in estimated 2.2897 s (35k iterations)
Benchmarking transpose_copy/odd_1000x777-faer16_f32/A: Analyzing
transpose_copy/odd_1000x777-faer16_f32/A
                        time:   [63.717 µs 64.306 µs 64.947 µs]
                        change: [-81.978% -81.812% -81.652%] (p = 0.00 < 0.05)
                        Performance has improved.
Found 1 outliers among 100 measurements (1.00%)
  1 (1.00%) high mild
Benchmarking transpose_copy/odd_1000x777-faer16_f32/B
Benchmarking transpose_copy/odd_1000x777-faer16_f32/B: Warming up for 700.00 ms
Benchmarking transpose_copy/odd_1000x777-faer16_f32/B: Collecting 100 samples in estimated 2.2415 s (35k iterations)
Benchmarking transpose_copy/odd_1000x777-faer16_f32/B: Analyzing
transpose_copy/odd_1000x777-faer16_f32/B
                        time:   [62.723 µs 62.898 µs 63.088 µs]
                        change: [-82.675% -82.569% -82.443%] (p = 0.00 < 0.05)
                        Performance has improved.
Found 6 outliers among 100 measurements (6.00%)
  3 (3.00%) high mild
  3 (3.00%) high severe

[harness] DeviceFaer thread pool: 16 threads (RAYON_NUM_THREADS convention)
Benchmarking assign_gates/contig_small_64x64-serial-f64/assign
Benchmarking assign_gates/contig_small_64x64-serial-f64/assign: Warming up for 700.00 ms
Benchmarking assign_gates/contig_small_64x64-serial-f64/assign: Collecting 100 samples in estimated 2.0012 s (1.9M iterations)
Benchmarking assign_gates/contig_small_64x64-serial-f64/assign: Analyzing
assign_gates/contig_small_64x64-serial-f64/assign
                        time:   [1.0422 µs 1.0426 µs 1.0431 µs]
                        change: [-0.1189% -0.0369% +0.0388%] (p = 0.37 > 0.05)
                        No change in performance detected.
Found 3 outliers among 100 measurements (3.00%)
  2 (2.00%) high mild
  1 (1.00%) high severe
Benchmarking assign_gates/contig_large_2048x2048-serial-f64/assign
Benchmarking assign_gates/contig_large_2048x2048-serial-f64/assign: Warming up for 700.00 ms
Benchmarking assign_gates/contig_large_2048x2048-serial-f64/assign: Collecting 100 samples in estimated 2.0488 s (1500 iterations)
Benchmarking assign_gates/contig_large_2048x2048-serial-f64/assign: Analyzing
assign_gates/contig_large_2048x2048-serial-f64/assign
                        time:   [1.1745 ms 1.2369 ms 1.2940 ms]
                        change: [-12.242% -7.3595% -2.8319%] (p = 0.00 < 0.05)
                        Performance has improved.
Found 33 outliers among 100 measurements (33.00%)
  15 (15.00%) low severe
  17 (17.00%) high mild
  1 (1.00%) high severe
Benchmarking assign_gates/sliced_t_large_2048x2048-serial-f64/assign
Benchmarking assign_gates/sliced_t_large_2048x2048-serial-f64/assign: Warming up for 700.00 ms
Benchmarking assign_gates/sliced_t_large_2048x2048-serial-f64/assign: Collecting 100 samples in estimated 2.5015 s (300 iterations)
Benchmarking assign_gates/sliced_t_large_2048x2048-serial-f64/assign: Analyzing
assign_gates/sliced_t_large_2048x2048-serial-f64/assign
                        time:   [8.4729 ms 8.5551 ms 8.6434 ms]
                        change: [+1.2128% +2.2970% +3.3167%] (p = 0.00 < 0.05)
                        Performance has regressed.
Found 9 outliers among 100 measurements (9.00%)
  8 (8.00%) high mild
  1 (1.00%) high severe
Benchmarking assign_gates/sliced_large_2048x2048-serial-f64/assign
Benchmarking assign_gates/sliced_large_2048x2048-serial-f64/assign: Warming up for 700.00 ms
Benchmarking assign_gates/sliced_large_2048x2048-serial-f64/assign: Collecting 100 samples in estimated 2.5499 s (400 iterations)
Benchmarking assign_gates/sliced_large_2048x2048-serial-f64/assign: Analyzing
assign_gates/sliced_large_2048x2048-serial-f64/assign
                        time:   [6.3448 ms 6.3539 ms 6.3645 ms]
                        change: [-0.0317% +0.1508% +0.3293%] (p = 0.10 > 0.05)
                        No change in performance detected.
Found 4 outliers among 100 measurements (4.00%)
  3 (3.00%) high mild
  1 (1.00%) high severe
Benchmarking assign_gates/sliced_t_odd_1000x777-serial-f64/assign
Benchmarking assign_gates/sliced_t_odd_1000x777-serial-f64/assign: Warming up for 700.00 ms
Benchmarking assign_gates/sliced_t_odd_1000x777-serial-f64/assign: Collecting 100 samples in estimated 2.0404 s (1700 iterations)
Benchmarking assign_gates/sliced_t_odd_1000x777-serial-f64/assign: Analyzing
assign_gates/sliced_t_odd_1000x777-serial-f64/assign
                        time:   [1.1890 ms 1.1897 ms 1.1905 ms]
                        change: [-0.3143% -0.2241% -0.1387%] (p = 0.00 < 0.05)
                        Change within noise threshold.
Found 5 outliers among 100 measurements (5.00%)
  1 (1.00%) high mild
  4 (4.00%) high severe
Benchmarking assign_gates/sliced_odd_1000x777-serial-f64/assign
Benchmarking assign_gates/sliced_odd_1000x777-serial-f64/assign: Warming up for 700.00 ms
Benchmarking assign_gates/sliced_odd_1000x777-serial-f64/assign: Collecting 100 samples in estimated 2.1156 s (1800 iterations)
Benchmarking assign_gates/sliced_odd_1000x777-serial-f64/assign: Analyzing
assign_gates/sliced_odd_1000x777-serial-f64/assign
                        time:   [1.1697 ms 1.1702 ms 1.1709 ms]
                        change: [-1.8522% -1.6831% -1.5134%] (p = 0.00 < 0.05)
                        Performance has improved.
Found 11 outliers among 100 measurements (11.00%)
  8 (8.00%) low mild
  1 (1.00%) high mild
  2 (2.00%) high severe
Benchmarking assign_gates/contig_small_64x64-faer16-f64/assign
Benchmarking assign_gates/contig_small_64x64-faer16-f64/assign: Warming up for 700.00 ms
Benchmarking assign_gates/contig_small_64x64-faer16-f64/assign: Collecting 100 samples in estimated 2.0039 s (1.8M iterations)
Benchmarking assign_gates/contig_small_64x64-faer16-f64/assign: Analyzing
assign_gates/contig_small_64x64-faer16-f64/assign
                        time:   [1.0905 µs 1.0912 µs 1.0918 µs]
                        change: [+0.8645% +0.9420% +1.0230%] (p = 0.00 < 0.05)
                        Change within noise threshold.
Found 1 outliers among 100 measurements (1.00%)
  1 (1.00%) high mild
Benchmarking assign_gates/contig_large_2048x2048-faer16-f64/assign
Benchmarking assign_gates/contig_large_2048x2048-faer16-f64/assign: Warming up for 700.00 ms
Benchmarking assign_gates/contig_large_2048x2048-faer16-f64/assign: Collecting 100 samples in estimated 2.0273 s (1500 iterations)
Benchmarking assign_gates/contig_large_2048x2048-faer16-f64/assign: Analyzing
assign_gates/contig_large_2048x2048-faer16-f64/assign
                        time:   [1.3708 ms 1.3803 ms 1.3905 ms]
                        change: [+2.2260% +3.1894% +4.0356%] (p = 0.00 < 0.05)
                        Performance has regressed.
Found 3 outliers among 100 measurements (3.00%)
  3 (3.00%) high mild
Benchmarking assign_gates/sliced_t_large_2048x2048-faer16-f64/assign
Benchmarking assign_gates/sliced_t_large_2048x2048-faer16-f64/assign: Warming up for 700.00 ms
Benchmarking assign_gates/sliced_t_large_2048x2048-faer16-f64/assign: Collecting 100 samples in estimated 2.0344 s (2400 iterations)
Benchmarking assign_gates/sliced_t_large_2048x2048-faer16-f64/assign: Analyzing
assign_gates/sliced_t_large_2048x2048-faer16-f64/assign
                        time:   [823.54 µs 826.78 µs 830.61 µs]
                        change: [-0.5424% +0.0213% +0.6606%] (p = 0.94 > 0.05)
                        No change in performance detected.
Found 3 outliers among 100 measurements (3.00%)
  2 (2.00%) high mild
  1 (1.00%) high severe
Benchmarking assign_gates/sliced_large_2048x2048-faer16-f64/assign
Benchmarking assign_gates/sliced_large_2048x2048-faer16-f64/assign: Warming up for 700.00 ms

Warning: Unable to complete 100 samples in 2.0s. You may wish to increase target time to 3.6s, enable flat sampling, or reduce sample count to 50.
Benchmarking assign_gates/sliced_large_2048x2048-faer16-f64/assign: Collecting 100 samples in estimated 3.5772 s (5050 iterations)
Benchmarking assign_gates/sliced_large_2048x2048-faer16-f64/assign: Analyzing
assign_gates/sliced_large_2048x2048-faer16-f64/assign
                        time:   [702.99 µs 704.65 µs 706.32 µs]
                        change: [-1.4277% -1.0199% -0.6058%] (p = 0.00 < 0.05)
                        Change within noise threshold.
Found 5 outliers among 100 measurements (5.00%)
  2 (2.00%) low mild
  2 (2.00%) high mild
  1 (1.00%) high severe
Benchmarking assign_gates/sliced_t_odd_1000x777-faer16-f64/assign
Benchmarking assign_gates/sliced_t_odd_1000x777-faer16-f64/assign: Warming up for 700.00 ms
Benchmarking assign_gates/sliced_t_odd_1000x777-faer16-f64/assign: Collecting 100 samples in estimated 2.5259 s (10k iterations)
Benchmarking assign_gates/sliced_t_odd_1000x777-faer16-f64/assign: Analyzing
assign_gates/sliced_t_odd_1000x777-faer16-f64/assign
                        time:   [250.81 µs 251.24 µs 251.66 µs]
                        change: [-4.3348% -3.2163% -2.1456%] (p = 0.00 < 0.05)
                        Performance has improved.
Found 6 outliers among 100 measurements (6.00%)
  2 (2.00%) high mild
  4 (4.00%) high severe
Benchmarking assign_gates/sliced_odd_1000x777-faer16-f64/assign
Benchmarking assign_gates/sliced_odd_1000x777-faer16-f64/assign: Warming up for 700.00 ms
Benchmarking assign_gates/sliced_odd_1000x777-faer16-f64/assign: Collecting 100 samples in estimated 2.4867 s (10k iterations)
Benchmarking assign_gates/sliced_odd_1000x777-faer16-f64/assign: Analyzing
assign_gates/sliced_odd_1000x777-faer16-f64/assign
                        time:   [246.41 µs 247.04 µs 247.72 µs]
                        change: [-1.1692% -0.5978% -0.0264%] (p = 0.04 < 0.05)
                        Change within noise threshold.
Found 8 outliers among 100 measurements (8.00%)
  2 (2.00%) low mild
  3 (3.00%) high mild
  3 (3.00%) high severe

[harness] DeviceFaer thread pool: 16 threads (RAYON_NUM_THREADS convention)
Benchmarking orderchange_extra/to_fcontig_large_2048x2048-serial-f64/A
Benchmarking orderchange_extra/to_fcontig_large_2048x2048-serial-f64/A: Warming up for 700.00 ms
Benchmarking orderchange_extra/to_fcontig_large_2048x2048-serial-f64/A: Collecting 100 samples in estimated 2.1065 s (200 iterations)
Benchmarking orderchange_extra/to_fcontig_large_2048x2048-serial-f64/A: Analyzing
orderchange_extra/to_fcontig_large_2048x2048-serial-f64/A
                        time:   [10.293 ms 10.331 ms 10.370 ms]
                        change: [-49.744% -49.231% -48.707%] (p = 0.00 < 0.05)
                        Performance has improved.
Benchmarking orderchange_extra/to_fcontig_large_2048x2048-serial-f64/B
Benchmarking orderchange_extra/to_fcontig_large_2048x2048-serial-f64/B: Warming up for 700.00 ms
Benchmarking orderchange_extra/to_fcontig_large_2048x2048-serial-f64/B: Collecting 100 samples in estimated 2.2746 s (400 iterations)
Benchmarking orderchange_extra/to_fcontig_large_2048x2048-serial-f64/B: Analyzing
orderchange_extra/to_fcontig_large_2048x2048-serial-f64/B
                        time:   [5.6458 ms 5.6583 ms 5.6715 ms]
                        change: [-67.301% -67.150% -66.999%] (p = 0.00 < 0.05)
                        Performance has improved.
Found 1 outliers among 100 measurements (1.00%)
  1 (1.00%) high mild
Benchmarking orderchange_extra/bcast_t_large_2048x2048-serial-f64/A
Benchmarking orderchange_extra/bcast_t_large_2048x2048-serial-f64/A: Warming up for 700.00 ms
Benchmarking orderchange_extra/bcast_t_large_2048x2048-serial-f64/A: Collecting 100 samples in estimated 2.1415 s (400 iterations)
Benchmarking orderchange_extra/bcast_t_large_2048x2048-serial-f64/A: Analyzing
orderchange_extra/bcast_t_large_2048x2048-serial-f64/A
                        time:   [5.3322 ms 5.3497 ms 5.3682 ms]
                        change: [-68.211% -68.110% -67.997%] (p = 0.00 < 0.05)
                        Performance has improved.
Benchmarking orderchange_extra/bcast_t_large_2048x2048-serial-f64/B
Benchmarking orderchange_extra/bcast_t_large_2048x2048-serial-f64/B: Warming up for 700.00 ms
Benchmarking orderchange_extra/bcast_t_large_2048x2048-serial-f64/B: Collecting 100 samples in estimated 2.0823 s (1400 iterations)
Benchmarking orderchange_extra/bcast_t_large_2048x2048-serial-f64/B: Analyzing
orderchange_extra/bcast_t_large_2048x2048-serial-f64/B
                        time:   [1.4714 ms 1.4835 ms 1.4962 ms]
                        change: [-88.278% -88.170% -88.068%] (p = 0.00 < 0.05)
                        Performance has improved.
Found 1 outliers among 100 measurements (1.00%)
  1 (1.00%) high mild
Benchmarking orderchange_extra/to_fcontig_odd_1000x777-serial-f64/A
Benchmarking orderchange_extra/to_fcontig_odd_1000x777-serial-f64/A: Warming up for 700.00 ms
Benchmarking orderchange_extra/to_fcontig_odd_1000x777-serial-f64/A: Collecting 100 samples in estimated 2.5175 s (10k iterations)
Benchmarking orderchange_extra/to_fcontig_odd_1000x777-serial-f64/A: Analyzing
orderchange_extra/to_fcontig_odd_1000x777-serial-f64/A
                        time:   [246.32 µs 246.93 µs 247.57 µs]
                        change: [-89.764% -89.721% -89.668%] (p = 0.00 < 0.05)
                        Performance has improved.
Found 5 outliers among 100 measurements (5.00%)
  4 (4.00%) high mild
  1 (1.00%) high severe
Benchmarking orderchange_extra/to_fcontig_odd_1000x777-serial-f64/B
Benchmarking orderchange_extra/to_fcontig_odd_1000x777-serial-f64/B: Warming up for 700.00 ms
Benchmarking orderchange_extra/to_fcontig_odd_1000x777-serial-f64/B: Collecting 100 samples in estimated 2.5384 s (10k iterations)
Benchmarking orderchange_extra/to_fcontig_odd_1000x777-serial-f64/B: Analyzing
orderchange_extra/to_fcontig_odd_1000x777-serial-f64/B
                        time:   [249.28 µs 249.59 µs 249.90 µs]
                        change: [-89.630% -89.599% -89.569%] (p = 0.00 < 0.05)
                        Performance has improved.
Found 8 outliers among 100 measurements (8.00%)
  2 (2.00%) low severe
  1 (1.00%) low mild
  3 (3.00%) high mild
  2 (2.00%) high severe
Benchmarking orderchange_extra/bcast_t_odd_1000x777-serial-f64/A
Benchmarking orderchange_extra/bcast_t_odd_1000x777-serial-f64/A: Warming up for 700.00 ms
Benchmarking orderchange_extra/bcast_t_odd_1000x777-serial-f64/A: Collecting 100 samples in estimated 2.2563 s (10k iterations)
Benchmarking orderchange_extra/bcast_t_odd_1000x777-serial-f64/A: Analyzing
orderchange_extra/bcast_t_odd_1000x777-serial-f64/A
                        time:   [219.23 µs 220.29 µs 221.37 µs]
                        change: [-90.544% -90.484% -90.420%] (p = 0.00 < 0.05)
                        Performance has improved.
Found 1 outliers among 100 measurements (1.00%)
  1 (1.00%) high mild
Benchmarking orderchange_extra/bcast_t_odd_1000x777-serial-f64/B
Benchmarking orderchange_extra/bcast_t_odd_1000x777-serial-f64/B: Warming up for 700.00 ms
Benchmarking orderchange_extra/bcast_t_odd_1000x777-serial-f64/B: Collecting 100 samples in estimated 2.2944 s (10k iterations)
Benchmarking orderchange_extra/bcast_t_odd_1000x777-serial-f64/B: Analyzing
orderchange_extra/bcast_t_odd_1000x777-serial-f64/B
                        time:   [224.47 µs 225.19 µs 225.89 µs]
                        change: [-90.302% -90.264% -90.222%] (p = 0.00 < 0.05)
                        Performance has improved.
Found 3 outliers among 100 measurements (3.00%)
  1 (1.00%) low mild
  2 (2.00%) high mild
Benchmarking orderchange_extra/to_fcontig_large_2048x2048-faer16-f64/A
Benchmarking orderchange_extra/to_fcontig_large_2048x2048-faer16-f64/A: Warming up for 700.00 ms
Benchmarking orderchange_extra/to_fcontig_large_2048x2048-faer16-f64/A: Collecting 100 samples in estimated 2.1530 s (800 iterations)
Benchmarking orderchange_extra/to_fcontig_large_2048x2048-faer16-f64/A: Analyzing
orderchange_extra/to_fcontig_large_2048x2048-faer16-f64/A
                        time:   [2.6568 ms 2.6892 ms 2.7233 ms]
                        change: [-76.108% -75.416% -74.747%] (p = 0.00 < 0.05)
                        Performance has improved.
Found 8 outliers among 100 measurements (8.00%)
  8 (8.00%) high mild
Benchmarking orderchange_extra/to_fcontig_large_2048x2048-faer16-f64/B
Benchmarking orderchange_extra/to_fcontig_large_2048x2048-faer16-f64/B: Warming up for 700.00 ms

Warning: Unable to complete 100 samples in 2.0s. You may wish to increase target time to 2.8s, enable flat sampling, or reduce sample count to 50.
Benchmarking orderchange_extra/to_fcontig_large_2048x2048-faer16-f64/B: Collecting 100 samples in estimated 2.7663 s (5050 iterations)
Benchmarking orderchange_extra/to_fcontig_large_2048x2048-faer16-f64/B: Analyzing
orderchange_extra/to_fcontig_large_2048x2048-faer16-f64/B
                        time:   [542.79 µs 546.04 µs 549.88 µs]
                        change: [-63.362% -63.141% -62.914%] (p = 0.00 < 0.05)
                        Performance has improved.
Found 9 outliers among 100 measurements (9.00%)
  3 (3.00%) low mild
  3 (3.00%) high mild
  3 (3.00%) high severe
Benchmarking orderchange_extra/bcast_t_large_2048x2048-faer16-f64/A
Benchmarking orderchange_extra/bcast_t_large_2048x2048-faer16-f64/A: Warming up for 700.00 ms
Benchmarking orderchange_extra/bcast_t_large_2048x2048-faer16-f64/A: Collecting 100 samples in estimated 2.1792 s (1000 iterations)
Benchmarking orderchange_extra/bcast_t_large_2048x2048-faer16-f64/A: Analyzing
orderchange_extra/bcast_t_large_2048x2048-faer16-f64/A
                        time:   [2.2733 ms 2.3182 ms 2.3639 ms]
                        change: [-15.160% -13.182% -11.094%] (p = 0.00 < 0.05)
                        Performance has improved.
Benchmarking orderchange_extra/bcast_t_large_2048x2048-faer16-f64/B
Benchmarking orderchange_extra/bcast_t_large_2048x2048-faer16-f64/B: Warming up for 700.00 ms
Benchmarking orderchange_extra/bcast_t_large_2048x2048-faer16-f64/B: Collecting 100 samples in estimated 3.3256 s (10k iterations)
Benchmarking orderchange_extra/bcast_t_large_2048x2048-faer16-f64/B: Analyzing
orderchange_extra/bcast_t_large_2048x2048-faer16-f64/B
                        time:   [329.58 µs 331.75 µs 334.29 µs]
                        change: [-72.303% -72.141% -71.956%] (p = 0.00 < 0.05)
                        Performance has improved.
Found 4 outliers among 100 measurements (4.00%)
  2 (2.00%) low mild
  2 (2.00%) high mild
Benchmarking orderchange_extra/to_fcontig_odd_1000x777-faer16-f64/A
Benchmarking orderchange_extra/to_fcontig_odd_1000x777-faer16-f64/A: Warming up for 700.00 ms
Benchmarking orderchange_extra/to_fcontig_odd_1000x777-faer16-f64/A: Collecting 100 samples in estimated 2.3753 s (25k iterations)
Benchmarking orderchange_extra/to_fcontig_odd_1000x777-faer16-f64/A: Analyzing
orderchange_extra/to_fcontig_odd_1000x777-faer16-f64/A
                        time:   [93.912 µs 94.705 µs 95.515 µs]
                        change: [-75.399% -75.207% -75.032%] (p = 0.00 < 0.05)
                        Performance has improved.
Benchmarking orderchange_extra/to_fcontig_odd_1000x777-faer16-f64/B
Benchmarking orderchange_extra/to_fcontig_odd_1000x777-faer16-f64/B: Warming up for 700.00 ms
Benchmarking orderchange_extra/to_fcontig_odd_1000x777-faer16-f64/B: Collecting 100 samples in estimated 2.4632 s (25k iterations)
Benchmarking orderchange_extra/to_fcontig_odd_1000x777-faer16-f64/B: Analyzing
orderchange_extra/to_fcontig_odd_1000x777-faer16-f64/B
                        time:   [98.155 µs 98.807 µs 99.429 µs]
                        change: [-73.158% -72.976% -72.790%] (p = 0.00 < 0.05)
                        Performance has improved.
Found 1 outliers among 100 measurements (1.00%)
  1 (1.00%) high severe
Benchmarking orderchange_extra/bcast_t_odd_1000x777-faer16-f64/A
Benchmarking orderchange_extra/bcast_t_odd_1000x777-faer16-f64/A: Warming up for 700.00 ms
Benchmarking orderchange_extra/bcast_t_odd_1000x777-faer16-f64/A: Collecting 100 samples in estimated 2.3459 s (25k iterations)
Benchmarking orderchange_extra/bcast_t_odd_1000x777-faer16-f64/A: Analyzing
orderchange_extra/bcast_t_odd_1000x777-faer16-f64/A
                        time:   [89.164 µs 89.768 µs 90.405 µs]
                        change: [-74.958% -74.718% -74.461%] (p = 0.00 < 0.05)
                        Performance has improved.
Found 1 outliers among 100 measurements (1.00%)
  1 (1.00%) high severe
Benchmarking orderchange_extra/bcast_t_odd_1000x777-faer16-f64/B
Benchmarking orderchange_extra/bcast_t_odd_1000x777-faer16-f64/B: Warming up for 700.00 ms
Benchmarking orderchange_extra/bcast_t_odd_1000x777-faer16-f64/B: Collecting 100 samples in estimated 2.0120 s (20k iterations)
Benchmarking orderchange_extra/bcast_t_odd_1000x777-faer16-f64/B: Analyzing
orderchange_extra/bcast_t_odd_1000x777-faer16-f64/B
                        time:   [97.694 µs 98.394 µs 99.219 µs]
                        change: [-72.369% -72.116% -71.868%] (p = 0.00 < 0.05)
                        Performance has improved.

