   Compiling rstsr-native-impl v0.8.0 (/home/a/rstsr_pack/rstsr/rstsr-native-impl)
   Compiling rstsr-core v0.8.0 (/home/a/rstsr_pack/rstsr/rstsr-core)
   Compiling transpose-assign v0.1.0 (/home/a/rstsr_pack/rstsr-improve-trajectory/2026-09-09-transpose-assign)
    Finished `bench` profile [optimized] target(s) in 7.31s
     Running benches/transpose.rs (target/release/deps/transpose-840650bb19c0636b)
Gnuplot not found, using plotters backend
[harness] DeviceFaer thread pool: 16 threads (RAYON_NUM_THREADS convention)
Benchmarking transpose_copy/small_64x64-serial_f64/A
Benchmarking transpose_copy/small_64x64-serial_f64/A: Warming up for 700.00 ms
Benchmarking transpose_copy/small_64x64-serial_f64/A: Collecting 100 samples in estimated 2.0028 s (1.3M iterations)
Benchmarking transpose_copy/small_64x64-serial_f64/A: Analyzing
transpose_copy/small_64x64-serial_f64/A
                        time:   [1.5104 µs 1.5139 µs 1.5178 µs]
                        change: [-88.733% -88.686% -88.631%] (p = 0.00 < 0.05)
                        Performance has improved.
Found 5 outliers among 100 measurements (5.00%)
  2 (2.00%) high mild
  3 (3.00%) high severe
Benchmarking transpose_copy/small_64x64-serial_f64/B
Benchmarking transpose_copy/small_64x64-serial_f64/B: Warming up for 700.00 ms
Benchmarking transpose_copy/small_64x64-serial_f64/B: Collecting 100 samples in estimated 2.0092 s (889k iterations)
Benchmarking transpose_copy/small_64x64-serial_f64/B: Analyzing
transpose_copy/small_64x64-serial_f64/B
                        time:   [2.2643 µs 2.2668 µs 2.2693 µs]
                        change: [-83.678% -83.649% -83.620%] (p = 0.00 < 0.05)
                        Performance has improved.
Found 5 outliers among 100 measurements (5.00%)
  3 (3.00%) low mild
  1 (1.00%) high mild
  1 (1.00%) high severe
Benchmarking transpose_copy/small_64x64-faer16_f64/A
Benchmarking transpose_copy/small_64x64-faer16_f64/A: Warming up for 700.00 ms
Benchmarking transpose_copy/small_64x64-faer16_f64/A: Collecting 100 samples in estimated 2.0005 s (1.3M iterations)
Benchmarking transpose_copy/small_64x64-faer16_f64/A: Analyzing
transpose_copy/small_64x64-faer16_f64/A
                        time:   [1.5455 µs 1.5491 µs 1.5529 µs]
                        change: [-88.429% -88.394% -88.348%] (p = 0.00 < 0.05)
                        Performance has improved.
Found 5 outliers among 100 measurements (5.00%)
  3 (3.00%) high mild
  2 (2.00%) high severe
Benchmarking transpose_copy/small_64x64-faer16_f64/B
Benchmarking transpose_copy/small_64x64-faer16_f64/B: Warming up for 700.00 ms
Benchmarking transpose_copy/small_64x64-faer16_f64/B: Collecting 100 samples in estimated 2.0047 s (899k iterations)
Benchmarking transpose_copy/small_64x64-faer16_f64/B: Analyzing
transpose_copy/small_64x64-faer16_f64/B
                        time:   [2.2104 µs 2.2133 µs 2.2165 µs]
                        change: [-84.121% -84.095% -84.068%] (p = 0.00 < 0.05)
                        Performance has improved.
Found 6 outliers among 100 measurements (6.00%)
  3 (3.00%) low mild
  3 (3.00%) high mild
Benchmarking transpose_copy/medium_512x512-serial_f64/A
Benchmarking transpose_copy/medium_512x512-serial_f64/A: Warming up for 700.00 ms
Benchmarking transpose_copy/medium_512x512-serial_f64/A: Collecting 100 samples in estimated 3.1679 s (10k iterations)
Benchmarking transpose_copy/medium_512x512-serial_f64/A: Analyzing
transpose_copy/medium_512x512-serial_f64/A
                        time:   [305.55 µs 307.23 µs 309.11 µs]
                        change: [-61.489% -61.377% -61.253%] (p = 0.00 < 0.05)
                        Performance has improved.
Found 25 outliers among 100 measurements (25.00%)
  16 (16.00%) low severe
  4 (4.00%) high mild
  5 (5.00%) high severe
Benchmarking transpose_copy/medium_512x512-serial_f64/B
Benchmarking transpose_copy/medium_512x512-serial_f64/B: Warming up for 700.00 ms
Benchmarking transpose_copy/medium_512x512-serial_f64/B: Collecting 100 samples in estimated 3.1477 s (10k iterations)
Benchmarking transpose_copy/medium_512x512-serial_f64/B: Analyzing
transpose_copy/medium_512x512-serial_f64/B
                        time:   [309.39 µs 309.75 µs 310.13 µs]
                        change: [-61.540% -61.506% -61.472%] (p = 0.00 < 0.05)
                        Performance has improved.
Found 9 outliers among 100 measurements (9.00%)
  6 (6.00%) high mild
  3 (3.00%) high severe
Benchmarking transpose_copy/medium_512x512-faer16_f64/A
Benchmarking transpose_copy/medium_512x512-faer16_f64/A: Warming up for 700.00 ms
Benchmarking transpose_copy/medium_512x512-faer16_f64/A: Collecting 100 samples in estimated 2.1866 s (40k iterations)
Benchmarking transpose_copy/medium_512x512-faer16_f64/A: Analyzing
transpose_copy/medium_512x512-faer16_f64/A
                        time:   [53.181 µs 53.558 µs 53.942 µs]
                        change: [-73.994% -73.809% -73.634%] (p = 0.00 < 0.05)
                        Performance has improved.
Found 3 outliers among 100 measurements (3.00%)
  3 (3.00%) high mild
Benchmarking transpose_copy/medium_512x512-faer16_f64/B
Benchmarking transpose_copy/medium_512x512-faer16_f64/B: Warming up for 700.00 ms
Benchmarking transpose_copy/medium_512x512-faer16_f64/B: Collecting 100 samples in estimated 2.1167 s (35k iterations)
Benchmarking transpose_copy/medium_512x512-faer16_f64/B: Analyzing
transpose_copy/medium_512x512-faer16_f64/B
                        time:   [59.761 µs 60.239 µs 60.753 µs]
                        change: [-70.666% -70.434% -70.188%] (p = 0.00 < 0.05)
                        Performance has improved.
Found 5 outliers among 100 measurements (5.00%)
  4 (4.00%) high mild
  1 (1.00%) high severe
Benchmarking transpose_copy/large_2048x2048-serial_f64/A
Benchmarking transpose_copy/large_2048x2048-serial_f64/A: Warming up for 700.00 ms
Benchmarking transpose_copy/large_2048x2048-serial_f64/A: Collecting 100 samples in estimated 2.1522 s (200 iterations)
Benchmarking transpose_copy/large_2048x2048-serial_f64/A: Analyzing
transpose_copy/large_2048x2048-serial_f64/A
                        time:   [10.597 ms 10.629 ms 10.662 ms]
                        change: [-53.110% -52.861% -52.624%] (p = 0.00 < 0.05)
                        Performance has improved.
Found 14 outliers among 100 measurements (14.00%)
  2 (2.00%) low severe
  7 (7.00%) low mild
  3 (3.00%) high mild
  2 (2.00%) high severe
Benchmarking transpose_copy/large_2048x2048-serial_f64/B
Benchmarking transpose_copy/large_2048x2048-serial_f64/B: Warming up for 700.00 ms
Benchmarking transpose_copy/large_2048x2048-serial_f64/B: Collecting 100 samples in estimated 2.3703 s (400 iterations)
Benchmarking transpose_copy/large_2048x2048-serial_f64/B: Analyzing
transpose_copy/large_2048x2048-serial_f64/B
                        time:   [5.9168 ms 5.9279 ms 5.9399 ms]
                        change: [-65.427% -65.293% -65.160%] (p = 0.00 < 0.05)
                        Performance has improved.
Found 2 outliers among 100 measurements (2.00%)
  1 (1.00%) high mild
  1 (1.00%) high severe
Benchmarking transpose_copy/large_2048x2048-faer16_f64/A
Benchmarking transpose_copy/large_2048x2048-faer16_f64/A: Warming up for 700.00 ms
Benchmarking transpose_copy/large_2048x2048-faer16_f64/A: Collecting 100 samples in estimated 2.1682 s (800 iterations)
Benchmarking transpose_copy/large_2048x2048-faer16_f64/A: Analyzing
transpose_copy/large_2048x2048-faer16_f64/A
                        time:   [2.6716 ms 2.7157 ms 2.7598 ms]
                        change: [-12.210% -10.422% -8.6181%] (p = 0.00 < 0.05)
                        Performance has improved.
Benchmarking transpose_copy/large_2048x2048-faer16_f64/B
Benchmarking transpose_copy/large_2048x2048-faer16_f64/B: Warming up for 700.00 ms

Warning: Unable to complete 100 samples in 2.0s. You may wish to increase target time to 2.8s, enable flat sampling, or reduce sample count to 50.
Benchmarking transpose_copy/large_2048x2048-faer16_f64/B: Collecting 100 samples in estimated 2.8163 s (5050 iterations)
Benchmarking transpose_copy/large_2048x2048-faer16_f64/B: Analyzing
transpose_copy/large_2048x2048-faer16_f64/B
                        time:   [543.58 µs 546.86 µs 550.60 µs]
                        change: [-62.621% -62.435% -62.235%] (p = 0.00 < 0.05)
                        Performance has improved.
Found 5 outliers among 100 measurements (5.00%)
  5 (5.00%) high mild
Benchmarking transpose_copy/odd_1000x777-serial_f64/A
Benchmarking transpose_copy/odd_1000x777-serial_f64/A: Warming up for 700.00 ms
Benchmarking transpose_copy/odd_1000x777-serial_f64/A: Collecting 100 samples in estimated 3.0922 s (10k iterations)
Benchmarking transpose_copy/odd_1000x777-serial_f64/A: Analyzing
transpose_copy/odd_1000x777-serial_f64/A
                        time:   [295.12 µs 299.77 µs 303.31 µs]
                        change: [-87.364% -87.280% -87.226%] (p = 0.00 < 0.05)
                        Performance has improved.
Found 7 outliers among 100 measurements (7.00%)
  3 (3.00%) low severe
  3 (3.00%) high mild
  1 (1.00%) high severe
Benchmarking transpose_copy/odd_1000x777-serial_f64/B
Benchmarking transpose_copy/odd_1000x777-serial_f64/B: Warming up for 700.00 ms
Benchmarking transpose_copy/odd_1000x777-serial_f64/B: Collecting 100 samples in estimated 2.6018 s (10k iterations)
Benchmarking transpose_copy/odd_1000x777-serial_f64/B: Analyzing
transpose_copy/odd_1000x777-serial_f64/B
                        time:   [252.30 µs 252.83 µs 253.35 µs]
                        change: [-89.542% -89.511% -89.480%] (p = 0.00 < 0.05)
                        Performance has improved.
Found 2 outliers among 100 measurements (2.00%)
  1 (1.00%) high mild
  1 (1.00%) high severe
Benchmarking transpose_copy/odd_1000x777-faer16_f64/A
Benchmarking transpose_copy/odd_1000x777-faer16_f64/A: Warming up for 700.00 ms
Benchmarking transpose_copy/odd_1000x777-faer16_f64/A: Collecting 100 samples in estimated 2.3432 s (25k iterations)
Benchmarking transpose_copy/odd_1000x777-faer16_f64/A: Analyzing
transpose_copy/odd_1000x777-faer16_f64/A
                        time:   [97.499 µs 97.921 µs 98.330 µs]
                        change: [-72.906% -72.756% -72.585%] (p = 0.00 < 0.05)
                        Performance has improved.
Found 4 outliers among 100 measurements (4.00%)
  3 (3.00%) low mild
  1 (1.00%) high mild
Benchmarking transpose_copy/odd_1000x777-faer16_f64/B
Benchmarking transpose_copy/odd_1000x777-faer16_f64/B: Warming up for 700.00 ms
Benchmarking transpose_copy/odd_1000x777-faer16_f64/B: Collecting 100 samples in estimated 2.1299 s (20k iterations)
Benchmarking transpose_copy/odd_1000x777-faer16_f64/B: Analyzing
transpose_copy/odd_1000x777-faer16_f64/B
                        time:   [104.60 µs 105.23 µs 105.83 µs]
                        change: [-70.798% -70.596% -70.382%] (p = 0.00 < 0.05)
                        Performance has improved.
Found 3 outliers among 100 measurements (3.00%)
  3 (3.00%) high mild
Benchmarking transpose_copy/oddT_777x1000-serial_f64/A
Benchmarking transpose_copy/oddT_777x1000-serial_f64/A: Warming up for 700.00 ms
Benchmarking transpose_copy/oddT_777x1000-serial_f64/A: Collecting 100 samples in estimated 2.4521 s (10k iterations)
Benchmarking transpose_copy/oddT_777x1000-serial_f64/A: Analyzing
transpose_copy/oddT_777x1000-serial_f64/A
                        time:   [293.51 µs 296.05 µs 297.96 µs]
                        change: [-88.891% -88.665% -88.419%] (p = 0.00 < 0.05)
                        Performance has improved.
Benchmarking transpose_copy/oddT_777x1000-serial_f64/B
Benchmarking transpose_copy/oddT_777x1000-serial_f64/B: Warming up for 700.00 ms
Benchmarking transpose_copy/oddT_777x1000-serial_f64/B: Collecting 100 samples in estimated 2.7085 s (10k iterations)
Benchmarking transpose_copy/oddT_777x1000-serial_f64/B: Analyzing
transpose_copy/oddT_777x1000-serial_f64/B
                        time:   [289.50 µs 295.28 µs 300.26 µs]
                        change: [-87.585% -87.499% -87.413%] (p = 0.00 < 0.05)
                        Performance has improved.
Found 9 outliers among 100 measurements (9.00%)
  3 (3.00%) low severe
  4 (4.00%) high mild
  2 (2.00%) high severe
Benchmarking transpose_copy/oddT_777x1000-faer16_f64/A
Benchmarking transpose_copy/oddT_777x1000-faer16_f64/A: Warming up for 700.00 ms
Benchmarking transpose_copy/oddT_777x1000-faer16_f64/A: Collecting 100 samples in estimated 2.4687 s (25k iterations)
Benchmarking transpose_copy/oddT_777x1000-faer16_f64/A: Analyzing
transpose_copy/oddT_777x1000-faer16_f64/A
                        time:   [93.316 µs 93.708 µs 94.126 µs]
                        change: [-74.154% -74.031% -73.913%] (p = 0.00 < 0.05)
                        Performance has improved.
Found 3 outliers among 100 measurements (3.00%)
  2 (2.00%) low mild
  1 (1.00%) high mild
Benchmarking transpose_copy/oddT_777x1000-faer16_f64/B
Benchmarking transpose_copy/oddT_777x1000-faer16_f64/B: Warming up for 700.00 ms
Benchmarking transpose_copy/oddT_777x1000-faer16_f64/B: Collecting 100 samples in estimated 2.0893 s (20k iterations)
Benchmarking transpose_copy/oddT_777x1000-faer16_f64/B: Analyzing
transpose_copy/oddT_777x1000-faer16_f64/B
                        time:   [98.227 µs 98.770 µs 99.359 µs]
                        change: [-72.236% -71.991% -71.715%] (p = 0.00 < 0.05)
                        Performance has improved.
Found 3 outliers among 100 measurements (3.00%)
  3 (3.00%) high mild
Benchmarking transpose_copy/large_2048x2048-serial_f32/A
Benchmarking transpose_copy/large_2048x2048-serial_f32/A: Warming up for 700.00 ms
Benchmarking transpose_copy/large_2048x2048-serial_f32/A: Collecting 100 samples in estimated 2.1684 s (400 iterations)
Benchmarking transpose_copy/large_2048x2048-serial_f32/A: Analyzing
transpose_copy/large_2048x2048-serial_f32/A
                        time:   [5.3649 ms 5.3708 ms 5.3772 ms]
                        change: [-64.543% -64.435% -64.328%] (p = 0.00 < 0.05)
                        Performance has improved.
Found 3 outliers among 100 measurements (3.00%)
  3 (3.00%) high mild
Benchmarking transpose_copy/large_2048x2048-serial_f32/B
Benchmarking transpose_copy/large_2048x2048-serial_f32/B: Warming up for 700.00 ms
Benchmarking transpose_copy/large_2048x2048-serial_f32/B: Collecting 100 samples in estimated 2.1672 s (400 iterations)
Benchmarking transpose_copy/large_2048x2048-serial_f32/B: Analyzing
transpose_copy/large_2048x2048-serial_f32/B
                        time:   [5.3779 ms 5.3843 ms 5.3910 ms]
                        change: [-65.917% -65.367% -64.867%] (p = 0.00 < 0.05)
                        Performance has improved.
Found 8 outliers among 100 measurements (8.00%)
  8 (8.00%) high mild
Benchmarking transpose_copy/large_2048x2048-faer16_f32/A
Benchmarking transpose_copy/large_2048x2048-faer16_f32/A: Warming up for 700.00 ms
Benchmarking transpose_copy/large_2048x2048-faer16_f32/A: Collecting 100 samples in estimated 3.9527 s (10k iterations)
Benchmarking transpose_copy/large_2048x2048-faer16_f32/A: Analyzing
transpose_copy/large_2048x2048-faer16_f32/A
                        time:   [389.86 µs 390.37 µs 390.97 µs]
                        change: [-70.894% -70.805% -70.705%] (p = 0.00 < 0.05)
                        Performance has improved.
Found 11 outliers among 100 measurements (11.00%)
  1 (1.00%) low mild
  7 (7.00%) high mild
  3 (3.00%) high severe
Benchmarking transpose_copy/large_2048x2048-faer16_f32/B
Benchmarking transpose_copy/large_2048x2048-faer16_f32/B: Warming up for 700.00 ms
Benchmarking transpose_copy/large_2048x2048-faer16_f32/B: Collecting 100 samples in estimated 3.9905 s (10k iterations)
Benchmarking transpose_copy/large_2048x2048-faer16_f32/B: Analyzing
transpose_copy/large_2048x2048-faer16_f32/B
                        time:   [393.76 µs 394.25 µs 394.79 µs]
                        change: [-70.831% -70.734% -70.644%] (p = 0.00 < 0.05)
                        Performance has improved.
Found 6 outliers among 100 measurements (6.00%)
  2 (2.00%) high mild
  4 (4.00%) high severe
Benchmarking transpose_copy/odd_1000x777-serial_f32/A
Benchmarking transpose_copy/odd_1000x777-serial_f32/A: Warming up for 700.00 ms
Benchmarking transpose_copy/odd_1000x777-serial_f32/A: Collecting 100 samples in estimated 2.8795 s (10k iterations)
Benchmarking transpose_copy/odd_1000x777-serial_f32/A: Analyzing
transpose_copy/odd_1000x777-serial_f32/A
                        time:   [280.54 µs 280.66 µs 280.80 µs]
                        change: [-88.157% -88.148% -88.139%] (p = 0.00 < 0.05)
                        Performance has improved.
Found 3 outliers among 100 measurements (3.00%)
  2 (2.00%) high mild
  1 (1.00%) high severe
Benchmarking transpose_copy/odd_1000x777-serial_f32/B
Benchmarking transpose_copy/odd_1000x777-serial_f32/B: Warming up for 700.00 ms
Benchmarking transpose_copy/odd_1000x777-serial_f32/B: Collecting 100 samples in estimated 2.8558 s (10k iterations)
Benchmarking transpose_copy/odd_1000x777-serial_f32/B: Analyzing
transpose_copy/odd_1000x777-serial_f32/B
                        time:   [281.05 µs 281.26 µs 281.49 µs]
                        change: [-88.116% -88.108% -88.101%] (p = 0.00 < 0.05)
                        Performance has improved.
Found 8 outliers among 100 measurements (8.00%)
  5 (5.00%) high mild
  3 (3.00%) high severe
Benchmarking transpose_copy/odd_1000x777-faer16_f32/A
Benchmarking transpose_copy/odd_1000x777-faer16_f32/A: Warming up for 700.00 ms
Benchmarking transpose_copy/odd_1000x777-faer16_f32/A: Collecting 100 samples in estimated 2.2752 s (35k iterations)
Benchmarking transpose_copy/odd_1000x777-faer16_f32/A: Analyzing
transpose_copy/odd_1000x777-faer16_f32/A
                        time:   [63.081 µs 63.581 µs 64.092 µs]
                        change: [-82.150% -82.021% -81.890%] (p = 0.00 < 0.05)
                        Performance has improved.
Benchmarking transpose_copy/odd_1000x777-faer16_f32/B
Benchmarking transpose_copy/odd_1000x777-faer16_f32/B: Warming up for 700.00 ms
Benchmarking transpose_copy/odd_1000x777-faer16_f32/B: Collecting 100 samples in estimated 2.0042 s (30k iterations)
Benchmarking transpose_copy/odd_1000x777-faer16_f32/B: Analyzing
transpose_copy/odd_1000x777-faer16_f32/B
                        time:   [67.428 µs 67.955 µs 68.445 µs]
                        change: [-81.170% -81.055% -80.942%] (p = 0.00 < 0.05)
                        Performance has improved.

[harness] DeviceFaer thread pool: 16 threads (RAYON_NUM_THREADS convention)
Benchmarking assign_gates/contig_small_64x64-serial-f64/assign
Benchmarking assign_gates/contig_small_64x64-serial-f64/assign: Warming up for 700.00 ms
Benchmarking assign_gates/contig_small_64x64-serial-f64/assign: Collecting 100 samples in estimated 2.0032 s (1.9M iterations)
Benchmarking assign_gates/contig_small_64x64-serial-f64/assign: Analyzing
assign_gates/contig_small_64x64-serial-f64/assign
                        time:   [1.0279 µs 1.0285 µs 1.0292 µs]
                        change: [+1.0743% +1.1590% +1.2672%] (p = 0.00 < 0.05)
                        Performance has regressed.
Found 3 outliers among 100 measurements (3.00%)
  1 (1.00%) high mild
  2 (2.00%) high severe
Benchmarking assign_gates/contig_large_2048x2048-serial-f64/assign
Benchmarking assign_gates/contig_large_2048x2048-serial-f64/assign: Warming up for 700.00 ms
Benchmarking assign_gates/contig_large_2048x2048-serial-f64/assign: Collecting 100 samples in estimated 2.1322 s (1600 iterations)
Benchmarking assign_gates/contig_large_2048x2048-serial-f64/assign: Analyzing
assign_gates/contig_large_2048x2048-serial-f64/assign
                        time:   [1.3175 ms 1.3221 ms 1.3268 ms]
                        change: [-0.2488% +0.5777% +1.3600%] (p = 0.16 > 0.05)
                        No change in performance detected.
Found 2 outliers among 100 measurements (2.00%)
  2 (2.00%) high mild
Benchmarking assign_gates/sliced_t_large_2048x2048-serial-f64/assign
Benchmarking assign_gates/sliced_t_large_2048x2048-serial-f64/assign: Warming up for 700.00 ms
Benchmarking assign_gates/sliced_t_large_2048x2048-serial-f64/assign: Collecting 100 samples in estimated 2.5294 s (300 iterations)
Benchmarking assign_gates/sliced_t_large_2048x2048-serial-f64/assign: Analyzing
assign_gates/sliced_t_large_2048x2048-serial-f64/assign
                        time:   [8.3544 ms 8.3907 ms 8.4281 ms]
                        change: [+0.6487% +1.2953% +1.9519%] (p = 0.00 < 0.05)
                        Change within noise threshold.
Found 2 outliers among 100 measurements (2.00%)
  2 (2.00%) high mild
Benchmarking assign_gates/sliced_large_2048x2048-serial-f64/assign
Benchmarking assign_gates/sliced_large_2048x2048-serial-f64/assign: Warming up for 700.00 ms
Benchmarking assign_gates/sliced_large_2048x2048-serial-f64/assign: Collecting 100 samples in estimated 2.5603 s (400 iterations)
Benchmarking assign_gates/sliced_large_2048x2048-serial-f64/assign: Analyzing
assign_gates/sliced_large_2048x2048-serial-f64/assign
                        time:   [6.3539 ms 6.3581 ms 6.3625 ms]
                        change: [+0.6869% +0.7687% +0.8456%] (p = 0.00 < 0.05)
                        Change within noise threshold.
Found 3 outliers among 100 measurements (3.00%)
  3 (3.00%) high mild
Benchmarking assign_gates/sliced_t_odd_1000x777-serial-f64/assign
Benchmarking assign_gates/sliced_t_odd_1000x777-serial-f64/assign: Warming up for 700.00 ms
Benchmarking assign_gates/sliced_t_odd_1000x777-serial-f64/assign: Collecting 100 samples in estimated 2.0940 s (1700 iterations)
Benchmarking assign_gates/sliced_t_odd_1000x777-serial-f64/assign: Analyzing
assign_gates/sliced_t_odd_1000x777-serial-f64/assign
                        time:   [1.1994 ms 1.2002 ms 1.2010 ms]
                        change: [+0.5062% +0.6061% +0.7030%] (p = 0.00 < 0.05)
                        Change within noise threshold.
Found 14 outliers among 100 measurements (14.00%)
  6 (6.00%) high mild
  8 (8.00%) high severe
Benchmarking assign_gates/sliced_odd_1000x777-serial-f64/assign
Benchmarking assign_gates/sliced_odd_1000x777-serial-f64/assign: Warming up for 700.00 ms
Benchmarking assign_gates/sliced_odd_1000x777-serial-f64/assign: Collecting 100 samples in estimated 2.0064 s (1700 iterations)
Benchmarking assign_gates/sliced_odd_1000x777-serial-f64/assign: Analyzing
assign_gates/sliced_odd_1000x777-serial-f64/assign
                        time:   [1.1726 ms 1.1732 ms 1.1739 ms]
                        change: [+0.7589% +0.8318% +0.9048%] (p = 0.00 < 0.05)
                        Change within noise threshold.
Found 5 outliers among 100 measurements (5.00%)
  1 (1.00%) low mild
  1 (1.00%) high mild
  3 (3.00%) high severe
Benchmarking assign_gates/contig_small_64x64-faer16-f64/assign
Benchmarking assign_gates/contig_small_64x64-faer16-f64/assign: Warming up for 700.00 ms
Benchmarking assign_gates/contig_small_64x64-faer16-f64/assign: Collecting 100 samples in estimated 2.0003 s (1.9M iterations)
Benchmarking assign_gates/contig_small_64x64-faer16-f64/assign: Analyzing
assign_gates/contig_small_64x64-faer16-f64/assign
                        time:   [1.0774 µs 1.0781 µs 1.0790 µs]
                        change: [+3.5197% +3.6111% +3.7121%] (p = 0.00 < 0.05)
                        Performance has regressed.
Found 3 outliers among 100 measurements (3.00%)
  1 (1.00%) high mild
  2 (2.00%) high severe
Benchmarking assign_gates/contig_large_2048x2048-faer16-f64/assign
Benchmarking assign_gates/contig_large_2048x2048-faer16-f64/assign: Warming up for 700.00 ms
Benchmarking assign_gates/contig_large_2048x2048-faer16-f64/assign: Collecting 100 samples in estimated 2.0313 s (1500 iterations)
Benchmarking assign_gates/contig_large_2048x2048-faer16-f64/assign: Analyzing
assign_gates/contig_large_2048x2048-faer16-f64/assign
                        time:   [1.2545 ms 1.3007 ms 1.3403 ms]
                        change: [-4.2625% -0.7708% +2.2853%] (p = 0.67 > 0.05)
                        No change in performance detected.
Found 14 outliers among 100 measurements (14.00%)
  8 (8.00%) low severe
  6 (6.00%) high mild
Benchmarking assign_gates/sliced_t_large_2048x2048-faer16-f64/assign
Benchmarking assign_gates/sliced_t_large_2048x2048-faer16-f64/assign: Warming up for 700.00 ms
Benchmarking assign_gates/sliced_t_large_2048x2048-faer16-f64/assign: Collecting 100 samples in estimated 2.0703 s (2300 iterations)
Benchmarking assign_gates/sliced_t_large_2048x2048-faer16-f64/assign: Analyzing
assign_gates/sliced_t_large_2048x2048-faer16-f64/assign
                        time:   [858.55 µs 865.81 µs 873.77 µs]
                        change: [+3.8513% +4.8020% +5.6816%] (p = 0.00 < 0.05)
                        Performance has regressed.
Found 16 outliers among 100 measurements (16.00%)
  11 (11.00%) high mild
  5 (5.00%) high severe
Benchmarking assign_gates/sliced_large_2048x2048-faer16-f64/assign
Benchmarking assign_gates/sliced_large_2048x2048-faer16-f64/assign: Warming up for 700.00 ms

Warning: Unable to complete 100 samples in 2.0s. You may wish to increase target time to 3.6s, enable flat sampling, or reduce sample count to 50.
Benchmarking assign_gates/sliced_large_2048x2048-faer16-f64/assign: Collecting 100 samples in estimated 3.6420 s (5050 iterations)
Benchmarking assign_gates/sliced_large_2048x2048-faer16-f64/assign: Analyzing
assign_gates/sliced_large_2048x2048-faer16-f64/assign
                        time:   [720.49 µs 722.51 µs 724.60 µs]
                        change: [+2.2732% +2.7105% +3.1607%] (p = 0.00 < 0.05)
                        Performance has regressed.
Found 5 outliers among 100 measurements (5.00%)
  1 (1.00%) low mild
  4 (4.00%) high mild
Benchmarking assign_gates/sliced_t_odd_1000x777-faer16-f64/assign
Benchmarking assign_gates/sliced_t_odd_1000x777-faer16-f64/assign: Warming up for 700.00 ms
Benchmarking assign_gates/sliced_t_odd_1000x777-faer16-f64/assign: Collecting 100 samples in estimated 2.5300 s (10k iterations)
Benchmarking assign_gates/sliced_t_odd_1000x777-faer16-f64/assign: Analyzing
assign_gates/sliced_t_odd_1000x777-faer16-f64/assign
                        time:   [249.71 µs 250.47 µs 251.33 µs]
                        change: [+0.9077% +1.5657% +2.2493%] (p = 0.00 < 0.05)
                        Change within noise threshold.
Found 8 outliers among 100 measurements (8.00%)
  2 (2.00%) low mild
  5 (5.00%) high mild
  1 (1.00%) high severe
Benchmarking assign_gates/sliced_odd_1000x777-faer16-f64/assign
Benchmarking assign_gates/sliced_odd_1000x777-faer16-f64/assign: Warming up for 700.00 ms
Benchmarking assign_gates/sliced_odd_1000x777-faer16-f64/assign: Collecting 100 samples in estimated 2.4844 s (10k iterations)
Benchmarking assign_gates/sliced_odd_1000x777-faer16-f64/assign: Analyzing
assign_gates/sliced_odd_1000x777-faer16-f64/assign
                        time:   [247.60 µs 248.29 µs 249.05 µs]
                        change: [+2.2582% +2.7654% +3.2898%] (p = 0.00 < 0.05)
                        Performance has regressed.
Found 5 outliers among 100 measurements (5.00%)
  1 (1.00%) low mild
  1 (1.00%) high mild
  3 (3.00%) high severe

[harness] DeviceFaer thread pool: 16 threads (RAYON_NUM_THREADS convention)
Benchmarking orderchange_extra/to_fcontig_large_2048x2048-serial-f64/A
Benchmarking orderchange_extra/to_fcontig_large_2048x2048-serial-f64/A: Warming up for 700.00 ms
Benchmarking orderchange_extra/to_fcontig_large_2048x2048-serial-f64/A: Collecting 100 samples in estimated 2.1929 s (200 iterations)
Benchmarking orderchange_extra/to_fcontig_large_2048x2048-serial-f64/A: Analyzing
orderchange_extra/to_fcontig_large_2048x2048-serial-f64/A
                        time:   [10.402 ms 10.447 ms 10.495 ms]
                        change: [-47.224% -46.929% -46.630%] (p = 0.00 < 0.05)
                        Performance has improved.
Found 11 outliers among 100 measurements (11.00%)
  1 (1.00%) low mild
  10 (10.00%) high mild
Benchmarking orderchange_extra/to_fcontig_large_2048x2048-serial-f64/B
Benchmarking orderchange_extra/to_fcontig_large_2048x2048-serial-f64/B: Warming up for 700.00 ms
Benchmarking orderchange_extra/to_fcontig_large_2048x2048-serial-f64/B: Collecting 100 samples in estimated 2.2756 s (400 iterations)
Benchmarking orderchange_extra/to_fcontig_large_2048x2048-serial-f64/B: Analyzing
orderchange_extra/to_fcontig_large_2048x2048-serial-f64/B
                        time:   [5.7988 ms 5.8256 ms 5.8531 ms]
                        change: [-66.124% -65.911% -65.722%] (p = 0.00 < 0.05)
                        Performance has improved.
Found 1 outliers among 100 measurements (1.00%)
  1 (1.00%) high mild
Benchmarking orderchange_extra/bcast_t_large_2048x2048-serial-f64/A
Benchmarking orderchange_extra/bcast_t_large_2048x2048-serial-f64/A: Warming up for 700.00 ms
Benchmarking orderchange_extra/bcast_t_large_2048x2048-serial-f64/A: Collecting 100 samples in estimated 2.1522 s (400 iterations)
Benchmarking orderchange_extra/bcast_t_large_2048x2048-serial-f64/A: Analyzing
orderchange_extra/bcast_t_large_2048x2048-serial-f64/A
                        time:   [5.3516 ms 5.3685 ms 5.3860 ms]
                        change: [-68.044% -67.936% -67.840%] (p = 0.00 < 0.05)
                        Performance has improved.
Found 2 outliers among 100 measurements (2.00%)
  2 (2.00%) high mild
Benchmarking orderchange_extra/bcast_t_large_2048x2048-serial-f64/B
Benchmarking orderchange_extra/bcast_t_large_2048x2048-serial-f64/B: Warming up for 700.00 ms
Benchmarking orderchange_extra/bcast_t_large_2048x2048-serial-f64/B: Collecting 100 samples in estimated 2.0107 s (1300 iterations)
Benchmarking orderchange_extra/bcast_t_large_2048x2048-serial-f64/B: Analyzing
orderchange_extra/bcast_t_large_2048x2048-serial-f64/B
                        time:   [1.5294 ms 1.5430 ms 1.5567 ms]
                        change: [-87.743% -87.625% -87.518%] (p = 0.00 < 0.05)
                        Performance has improved.
Benchmarking orderchange_extra/to_fcontig_odd_1000x777-serial-f64/A
Benchmarking orderchange_extra/to_fcontig_odd_1000x777-serial-f64/A: Warming up for 700.00 ms
Benchmarking orderchange_extra/to_fcontig_odd_1000x777-serial-f64/A: Collecting 100 samples in estimated 2.4857 s (10k iterations)
Benchmarking orderchange_extra/to_fcontig_odd_1000x777-serial-f64/A: Analyzing
orderchange_extra/to_fcontig_odd_1000x777-serial-f64/A
                        time:   [243.44 µs 244.05 µs 244.66 µs]
                        change: [-89.811% -89.767% -89.723%] (p = 0.00 < 0.05)
                        Performance has improved.
Found 6 outliers among 100 measurements (6.00%)
  3 (3.00%) high mild
  3 (3.00%) high severe
Benchmarking orderchange_extra/to_fcontig_odd_1000x777-serial-f64/B
Benchmarking orderchange_extra/to_fcontig_odd_1000x777-serial-f64/B: Warming up for 700.00 ms
Benchmarking orderchange_extra/to_fcontig_odd_1000x777-serial-f64/B: Collecting 100 samples in estimated 2.4923 s (10k iterations)
Benchmarking orderchange_extra/to_fcontig_odd_1000x777-serial-f64/B: Analyzing
orderchange_extra/to_fcontig_odd_1000x777-serial-f64/B
                        time:   [243.41 µs 244.13 µs 244.85 µs]
                        change: [-89.823% -89.786% -89.748%] (p = 0.00 < 0.05)
                        Performance has improved.
Found 1 outliers among 100 measurements (1.00%)
  1 (1.00%) high mild
Benchmarking orderchange_extra/bcast_t_odd_1000x777-serial-f64/A
Benchmarking orderchange_extra/bcast_t_odd_1000x777-serial-f64/A: Warming up for 700.00 ms
Benchmarking orderchange_extra/bcast_t_odd_1000x777-serial-f64/A: Collecting 100 samples in estimated 2.1993 s (10k iterations)
Benchmarking orderchange_extra/bcast_t_odd_1000x777-serial-f64/A: Analyzing
orderchange_extra/bcast_t_odd_1000x777-serial-f64/A
                        time:   [216.04 µs 217.21 µs 218.38 µs]
                        change: [-90.834% -90.789% -90.740%] (p = 0.00 < 0.05)
                        Performance has improved.
Found 2 outliers among 100 measurements (2.00%)
  1 (1.00%) high mild
  1 (1.00%) high severe
Benchmarking orderchange_extra/bcast_t_odd_1000x777-serial-f64/B
Benchmarking orderchange_extra/bcast_t_odd_1000x777-serial-f64/B: Warming up for 700.00 ms
Benchmarking orderchange_extra/bcast_t_odd_1000x777-serial-f64/B: Collecting 100 samples in estimated 2.3013 s (10k iterations)
Benchmarking orderchange_extra/bcast_t_odd_1000x777-serial-f64/B: Analyzing
orderchange_extra/bcast_t_odd_1000x777-serial-f64/B
                        time:   [224.48 µs 225.49 µs 226.52 µs]
                        change: [-90.391% -90.336% -90.286%] (p = 0.00 < 0.05)
                        Performance has improved.
Found 1 outliers among 100 measurements (1.00%)
  1 (1.00%) high mild
Benchmarking orderchange_extra/to_fcontig_large_2048x2048-faer16-f64/A
Benchmarking orderchange_extra/to_fcontig_large_2048x2048-faer16-f64/A: Warming up for 700.00 ms
Benchmarking orderchange_extra/to_fcontig_large_2048x2048-faer16-f64/A: Collecting 100 samples in estimated 2.0563 s (800 iterations)
Benchmarking orderchange_extra/to_fcontig_large_2048x2048-faer16-f64/A: Analyzing
orderchange_extra/to_fcontig_large_2048x2048-faer16-f64/A
                        time:   [2.6886 ms 2.7379 ms 2.7874 ms]
                        change: [-75.371% -74.722% -74.074%] (p = 0.00 < 0.05)
                        Performance has improved.
Benchmarking orderchange_extra/to_fcontig_large_2048x2048-faer16-f64/B
Benchmarking orderchange_extra/to_fcontig_large_2048x2048-faer16-f64/B: Warming up for 700.00 ms

Warning: Unable to complete 100 samples in 2.0s. You may wish to increase target time to 2.9s, enable flat sampling, or reduce sample count to 50.
Benchmarking orderchange_extra/to_fcontig_large_2048x2048-faer16-f64/B: Collecting 100 samples in estimated 2.8639 s (5050 iterations)
Benchmarking orderchange_extra/to_fcontig_large_2048x2048-faer16-f64/B: Analyzing
orderchange_extra/to_fcontig_large_2048x2048-faer16-f64/B
                        time:   [537.47 µs 540.64 µs 544.22 µs]
                        change: [-63.383% -63.152% -62.927%] (p = 0.00 < 0.05)
                        Performance has improved.
Found 4 outliers among 100 measurements (4.00%)
  4 (4.00%) high mild
Benchmarking orderchange_extra/bcast_t_large_2048x2048-faer16-f64/A
Benchmarking orderchange_extra/bcast_t_large_2048x2048-faer16-f64/A: Warming up for 700.00 ms
Benchmarking orderchange_extra/bcast_t_large_2048x2048-faer16-f64/A: Collecting 100 samples in estimated 2.1425 s (900 iterations)
Benchmarking orderchange_extra/bcast_t_large_2048x2048-faer16-f64/A: Analyzing
orderchange_extra/bcast_t_large_2048x2048-faer16-f64/A
                        time:   [2.2355 ms 2.2902 ms 2.3461 ms]
                        change: [-8.6718% -6.5136% -4.1692%] (p = 0.00 < 0.05)
                        Performance has improved.
Benchmarking orderchange_extra/bcast_t_large_2048x2048-faer16-f64/B
Benchmarking orderchange_extra/bcast_t_large_2048x2048-faer16-f64/B: Warming up for 700.00 ms
Benchmarking orderchange_extra/bcast_t_large_2048x2048-faer16-f64/B: Collecting 100 samples in estimated 3.6430 s (10k iterations)
Benchmarking orderchange_extra/bcast_t_large_2048x2048-faer16-f64/B: Analyzing
orderchange_extra/bcast_t_large_2048x2048-faer16-f64/B
                        time:   [360.34 µs 361.87 µs 363.46 µs]
                        change: [-69.449% -69.328% -69.202%] (p = 0.00 < 0.05)
                        Performance has improved.
Found 4 outliers among 100 measurements (4.00%)
  1 (1.00%) low mild
  3 (3.00%) high mild
Benchmarking orderchange_extra/to_fcontig_odd_1000x777-faer16-f64/A
Benchmarking orderchange_extra/to_fcontig_odd_1000x777-faer16-f64/A: Warming up for 700.00 ms
Benchmarking orderchange_extra/to_fcontig_odd_1000x777-faer16-f64/A: Collecting 100 samples in estimated 2.4555 s (25k iterations)
Benchmarking orderchange_extra/to_fcontig_odd_1000x777-faer16-f64/A: Analyzing
orderchange_extra/to_fcontig_odd_1000x777-faer16-f64/A
                        time:   [93.366 µs 93.946 µs 94.573 µs]
                        change: [-74.777% -74.591% -74.401%] (p = 0.00 < 0.05)
                        Performance has improved.
Found 3 outliers among 100 measurements (3.00%)
  2 (2.00%) high mild
  1 (1.00%) high severe
Benchmarking orderchange_extra/to_fcontig_odd_1000x777-faer16-f64/B
Benchmarking orderchange_extra/to_fcontig_odd_1000x777-faer16-f64/B: Warming up for 700.00 ms
Benchmarking orderchange_extra/to_fcontig_odd_1000x777-faer16-f64/B: Collecting 100 samples in estimated 2.4073 s (25k iterations)
Benchmarking orderchange_extra/to_fcontig_odd_1000x777-faer16-f64/B: Analyzing
orderchange_extra/to_fcontig_odd_1000x777-faer16-f64/B
                        time:   [94.166 µs 94.926 µs 95.687 µs]
                        change: [-73.546% -73.391% -73.255%] (p = 0.00 < 0.05)
                        Performance has improved.
Found 3 outliers among 100 measurements (3.00%)
  3 (3.00%) high mild
Benchmarking orderchange_extra/bcast_t_odd_1000x777-faer16-f64/A
Benchmarking orderchange_extra/bcast_t_odd_1000x777-faer16-f64/A: Warming up for 700.00 ms
Benchmarking orderchange_extra/bcast_t_odd_1000x777-faer16-f64/A: Collecting 100 samples in estimated 2.2969 s (25k iterations)
Benchmarking orderchange_extra/bcast_t_odd_1000x777-faer16-f64/A: Analyzing
orderchange_extra/bcast_t_odd_1000x777-faer16-f64/A
                        time:   [86.130 µs 86.733 µs 87.391 µs]
                        change: [-75.308% -75.090% -74.867%] (p = 0.00 < 0.05)
                        Performance has improved.
Found 1 outliers among 100 measurements (1.00%)
  1 (1.00%) high mild
Benchmarking orderchange_extra/bcast_t_odd_1000x777-faer16-f64/B
Benchmarking orderchange_extra/bcast_t_odd_1000x777-faer16-f64/B: Warming up for 700.00 ms
Benchmarking orderchange_extra/bcast_t_odd_1000x777-faer16-f64/B: Collecting 100 samples in estimated 2.3205 s (20k iterations)
Benchmarking orderchange_extra/bcast_t_odd_1000x777-faer16-f64/B: Analyzing
orderchange_extra/bcast_t_odd_1000x777-faer16-f64/B
                        time:   [107.95 µs 108.91 µs 109.96 µs]
                        change: [-69.055% -68.791% -68.495%] (p = 0.00 < 0.05)
                        Performance has improved.

