   Compiling rstsr-native-impl v0.8.0 (/home/a/rstsr_pack/rstsr/rstsr-native-impl)
   Compiling rstsr-core v0.8.0 (/home/a/rstsr_pack/rstsr/rstsr-core)
   Compiling transpose-assign v0.1.0 (/home/a/rstsr_pack/rstsr-improve-trajectory/2026-09-09-transpose-assign)
    Finished `bench` profile [optimized] target(s) in 7.29s
     Running benches/transpose.rs (target/release/deps/transpose-1993fda59212409d)
Gnuplot not found, using plotters backend
[harness] DeviceFaer thread pool: 16 threads (RAYON_NUM_THREADS convention)
Benchmarking transpose_copy/small_64x64-serial_f64/A
Benchmarking transpose_copy/small_64x64-serial_f64/A: Warming up for 700.00 ms
Benchmarking transpose_copy/small_64x64-serial_f64/A: Collecting 100 samples in estimated 2.0034 s (1.3M iterations)
Benchmarking transpose_copy/small_64x64-serial_f64/A: Analyzing
transpose_copy/small_64x64-serial_f64/A
                        time:   [1.5404 µs 1.5461 µs 1.5520 µs]
                        change: [-88.596% -88.541% -88.485%] (p = 0.00 < 0.05)
                        Performance has improved.
Found 4 outliers among 100 measurements (4.00%)
  1 (1.00%) low mild
  2 (2.00%) high mild
  1 (1.00%) high severe
Benchmarking transpose_copy/small_64x64-serial_f64/B
Benchmarking transpose_copy/small_64x64-serial_f64/B: Warming up for 700.00 ms
Benchmarking transpose_copy/small_64x64-serial_f64/B: Collecting 100 samples in estimated 2.0030 s (894k iterations)
Benchmarking transpose_copy/small_64x64-serial_f64/B: Analyzing
transpose_copy/small_64x64-serial_f64/B
                        time:   [2.2518 µs 2.2550 µs 2.2582 µs]
                        change: [-84.044% -83.947% -83.884%] (p = 0.00 < 0.05)
                        Performance has improved.
Found 6 outliers among 100 measurements (6.00%)
  1 (1.00%) low severe
  2 (2.00%) low mild
  2 (2.00%) high mild
  1 (1.00%) high severe
Benchmarking transpose_copy/small_64x64-faer16_f64/A
Benchmarking transpose_copy/small_64x64-faer16_f64/A: Warming up for 700.00 ms
Benchmarking transpose_copy/small_64x64-faer16_f64/A: Collecting 100 samples in estimated 2.0042 s (1.2M iterations)
Benchmarking transpose_copy/small_64x64-faer16_f64/A: Analyzing
transpose_copy/small_64x64-faer16_f64/A
                        time:   [1.6153 µs 1.6218 µs 1.6286 µs]
                        change: [-88.120% -88.080% -88.042%] (p = 0.00 < 0.05)
                        Performance has improved.
Found 1 outliers among 100 measurements (1.00%)
  1 (1.00%) high mild
Benchmarking transpose_copy/small_64x64-faer16_f64/B
Benchmarking transpose_copy/small_64x64-faer16_f64/B: Warming up for 700.00 ms
Benchmarking transpose_copy/small_64x64-faer16_f64/B: Collecting 100 samples in estimated 2.0072 s (889k iterations)
Benchmarking transpose_copy/small_64x64-faer16_f64/B: Analyzing
transpose_copy/small_64x64-faer16_f64/B
                        time:   [2.2474 µs 2.2498 µs 2.2525 µs]
                        change: [-84.100% -84.078% -84.054%] (p = 0.00 < 0.05)
                        Performance has improved.
Found 1 outliers among 100 measurements (1.00%)
  1 (1.00%) high severe
Benchmarking transpose_copy/medium_512x512-serial_f64/A
Benchmarking transpose_copy/medium_512x512-serial_f64/A: Warming up for 700.00 ms
Benchmarking transpose_copy/medium_512x512-serial_f64/A: Collecting 100 samples in estimated 3.1654 s (10k iterations)
Benchmarking transpose_copy/medium_512x512-serial_f64/A: Analyzing
transpose_copy/medium_512x512-serial_f64/A
                        time:   [311.30 µs 311.41 µs 311.54 µs]
                        change: [-61.505% -61.475% -61.448%] (p = 0.00 < 0.05)
                        Performance has improved.
Found 10 outliers among 100 measurements (10.00%)
  4 (4.00%) high mild
  6 (6.00%) high severe
Benchmarking transpose_copy/medium_512x512-serial_f64/B
Benchmarking transpose_copy/medium_512x512-serial_f64/B: Warming up for 700.00 ms
Benchmarking transpose_copy/medium_512x512-serial_f64/B: Collecting 100 samples in estimated 3.1719 s (10k iterations)
Benchmarking transpose_copy/medium_512x512-serial_f64/B: Analyzing
transpose_copy/medium_512x512-serial_f64/B
                        time:   [311.32 µs 311.48 µs 311.66 µs]
                        change: [-61.755% -61.731% -61.709%] (p = 0.00 < 0.05)
                        Performance has improved.
Found 7 outliers among 100 measurements (7.00%)
  4 (4.00%) low mild
  2 (2.00%) high mild
  1 (1.00%) high severe
Benchmarking transpose_copy/medium_512x512-faer16_f64/A
Benchmarking transpose_copy/medium_512x512-faer16_f64/A: Warming up for 700.00 ms
Benchmarking transpose_copy/medium_512x512-faer16_f64/A: Collecting 100 samples in estimated 2.1559 s (40k iterations)
Benchmarking transpose_copy/medium_512x512-faer16_f64/A: Analyzing
transpose_copy/medium_512x512-faer16_f64/A
                        time:   [48.741 µs 49.711 µs 50.679 µs]
                        change: [-75.463% -75.137% -74.787%] (p = 0.00 < 0.05)
                        Performance has improved.
Found 18 outliers among 100 measurements (18.00%)
  4 (4.00%) low severe
  4 (4.00%) low mild
  5 (5.00%) high mild
  5 (5.00%) high severe
Benchmarking transpose_copy/medium_512x512-faer16_f64/B
Benchmarking transpose_copy/medium_512x512-faer16_f64/B: Warming up for 700.00 ms
Benchmarking transpose_copy/medium_512x512-faer16_f64/B: Collecting 100 samples in estimated 2.1830 s (35k iterations)
Benchmarking transpose_copy/medium_512x512-faer16_f64/B: Analyzing
transpose_copy/medium_512x512-faer16_f64/B
                        time:   [59.381 µs 59.983 µs 60.583 µs]
                        change: [-70.844% -70.575% -70.310%] (p = 0.00 < 0.05)
                        Performance has improved.
Found 1 outliers among 100 measurements (1.00%)
  1 (1.00%) high mild
Benchmarking transpose_copy/large_2048x2048-serial_f64/A
Benchmarking transpose_copy/large_2048x2048-serial_f64/A: Warming up for 700.00 ms
Benchmarking transpose_copy/large_2048x2048-serial_f64/A: Collecting 100 samples in estimated 2.1199 s (200 iterations)
Benchmarking transpose_copy/large_2048x2048-serial_f64/A: Analyzing
transpose_copy/large_2048x2048-serial_f64/A
                        time:   [10.810 ms 10.835 ms 10.861 ms]
                        change: [-52.361% -52.142% -51.914%] (p = 0.00 < 0.05)
                        Performance has improved.
Found 5 outliers among 100 measurements (5.00%)
  2 (2.00%) low mild
  2 (2.00%) high mild
  1 (1.00%) high severe
Benchmarking transpose_copy/large_2048x2048-serial_f64/B
Benchmarking transpose_copy/large_2048x2048-serial_f64/B: Warming up for 700.00 ms
Benchmarking transpose_copy/large_2048x2048-serial_f64/B: Collecting 100 samples in estimated 2.3680 s (400 iterations)
Benchmarking transpose_copy/large_2048x2048-serial_f64/B: Analyzing
transpose_copy/large_2048x2048-serial_f64/B
                        time:   [5.8797 ms 5.8903 ms 5.9012 ms]
                        change: [-66.006% -65.842% -65.684%] (p = 0.00 < 0.05)
                        Performance has improved.
Found 2 outliers among 100 measurements (2.00%)
  2 (2.00%) high mild
Benchmarking transpose_copy/large_2048x2048-faer16_f64/A
Benchmarking transpose_copy/large_2048x2048-faer16_f64/A: Warming up for 700.00 ms
Benchmarking transpose_copy/large_2048x2048-faer16_f64/A: Collecting 100 samples in estimated 2.2385 s (800 iterations)
Benchmarking transpose_copy/large_2048x2048-faer16_f64/A: Analyzing
transpose_copy/large_2048x2048-faer16_f64/A
                        time:   [2.7739 ms 2.8070 ms 2.8420 ms]
                        change: [-20.585% -18.619% -16.650%] (p = 0.00 < 0.05)
                        Performance has improved.
Found 4 outliers among 100 measurements (4.00%)
  1 (1.00%) low mild
  2 (2.00%) high mild
  1 (1.00%) high severe
Benchmarking transpose_copy/large_2048x2048-faer16_f64/B
Benchmarking transpose_copy/large_2048x2048-faer16_f64/B: Warming up for 700.00 ms

Warning: Unable to complete 100 samples in 2.0s. You may wish to increase target time to 2.8s, enable flat sampling, or reduce sample count to 50.
Benchmarking transpose_copy/large_2048x2048-faer16_f64/B: Collecting 100 samples in estimated 2.8103 s (5050 iterations)
Benchmarking transpose_copy/large_2048x2048-faer16_f64/B: Analyzing
transpose_copy/large_2048x2048-faer16_f64/B
                        time:   [548.99 µs 552.05 µs 555.72 µs]
                        change: [-62.576% -62.368% -62.119%] (p = 0.00 < 0.05)
                        Performance has improved.
Found 5 outliers among 100 measurements (5.00%)
  5 (5.00%) high mild
Benchmarking transpose_copy/odd_1000x777-serial_f64/A
Benchmarking transpose_copy/odd_1000x777-serial_f64/A: Warming up for 700.00 ms
Benchmarking transpose_copy/odd_1000x777-serial_f64/A: Collecting 100 samples in estimated 2.5509 s (10k iterations)
Benchmarking transpose_copy/odd_1000x777-serial_f64/A: Analyzing
transpose_copy/odd_1000x777-serial_f64/A
                        time:   [247.63 µs 248.52 µs 249.42 µs]
                        change: [-89.727% -89.682% -89.636%] (p = 0.00 < 0.05)
                        Performance has improved.
Found 3 outliers among 100 measurements (3.00%)
  2 (2.00%) high mild
  1 (1.00%) high severe
Benchmarking transpose_copy/odd_1000x777-serial_f64/B
Benchmarking transpose_copy/odd_1000x777-serial_f64/B: Warming up for 700.00 ms
Benchmarking transpose_copy/odd_1000x777-serial_f64/B: Collecting 100 samples in estimated 2.5351 s (10k iterations)
Benchmarking transpose_copy/odd_1000x777-serial_f64/B: Analyzing
transpose_copy/odd_1000x777-serial_f64/B
                        time:   [248.57 µs 249.13 µs 249.73 µs]
                        change: [-89.792% -89.758% -89.728%] (p = 0.00 < 0.05)
                        Performance has improved.
Found 6 outliers among 100 measurements (6.00%)
  4 (4.00%) low mild
  2 (2.00%) high mild
Benchmarking transpose_copy/odd_1000x777-faer16_f64/A
Benchmarking transpose_copy/odd_1000x777-faer16_f64/A: Warming up for 700.00 ms
Benchmarking transpose_copy/odd_1000x777-faer16_f64/A: Collecting 100 samples in estimated 2.2916 s (25k iterations)
Benchmarking transpose_copy/odd_1000x777-faer16_f64/A: Analyzing
transpose_copy/odd_1000x777-faer16_f64/A
                        time:   [90.474 µs 90.685 µs 90.896 µs]
                        change: [-75.151% -75.049% -74.944%] (p = 0.00 < 0.05)
                        Performance has improved.
Found 2 outliers among 100 measurements (2.00%)
  1 (1.00%) high mild
  1 (1.00%) high severe
Benchmarking transpose_copy/odd_1000x777-faer16_f64/B
Benchmarking transpose_copy/odd_1000x777-faer16_f64/B: Warming up for 700.00 ms
Benchmarking transpose_copy/odd_1000x777-faer16_f64/B: Collecting 100 samples in estimated 2.0623 s (20k iterations)
Benchmarking transpose_copy/odd_1000x777-faer16_f64/B: Analyzing
transpose_copy/odd_1000x777-faer16_f64/B
                        time:   [101.69 µs 102.34 µs 103.05 µs]
                        change: [-72.296% -72.083% -71.880%] (p = 0.00 < 0.05)
                        Performance has improved.
Found 11 outliers among 100 measurements (11.00%)
  9 (9.00%) high mild
  2 (2.00%) high severe
Benchmarking transpose_copy/oddT_777x1000-serial_f64/A
Benchmarking transpose_copy/oddT_777x1000-serial_f64/A: Warming up for 700.00 ms
Benchmarking transpose_copy/oddT_777x1000-serial_f64/A: Collecting 100 samples in estimated 3.0592 s (10k iterations)
Benchmarking transpose_copy/oddT_777x1000-serial_f64/A: Analyzing
transpose_copy/oddT_777x1000-serial_f64/A
                        time:   [299.37 µs 299.47 µs 299.59 µs]
                        change: [-87.552% -87.537% -87.524%] (p = 0.00 < 0.05)
                        Performance has improved.
Found 2 outliers among 100 measurements (2.00%)
  2 (2.00%) high severe
Benchmarking transpose_copy/oddT_777x1000-serial_f64/B
Benchmarking transpose_copy/oddT_777x1000-serial_f64/B: Warming up for 700.00 ms
Benchmarking transpose_copy/oddT_777x1000-serial_f64/B: Collecting 100 samples in estimated 3.0287 s (10k iterations)
Benchmarking transpose_copy/oddT_777x1000-serial_f64/B: Analyzing
transpose_copy/oddT_777x1000-serial_f64/B
                        time:   [299.49 µs 299.62 µs 299.77 µs]
                        change: [-87.587% -87.570% -87.552%] (p = 0.00 < 0.05)
                        Performance has improved.
Found 10 outliers among 100 measurements (10.00%)
  6 (6.00%) high mild
  4 (4.00%) high severe
Benchmarking transpose_copy/oddT_777x1000-faer16_f64/A
Benchmarking transpose_copy/oddT_777x1000-faer16_f64/A: Warming up for 700.00 ms
Benchmarking transpose_copy/oddT_777x1000-faer16_f64/A: Collecting 100 samples in estimated 2.3682 s (25k iterations)
Benchmarking transpose_copy/oddT_777x1000-faer16_f64/A: Analyzing
transpose_copy/oddT_777x1000-faer16_f64/A
                        time:   [92.876 µs 93.172 µs 93.483 µs]
                        change: [-74.540% -74.430% -74.323%] (p = 0.00 < 0.05)
                        Performance has improved.
Found 6 outliers among 100 measurements (6.00%)
  2 (2.00%) low mild
  3 (3.00%) high mild
  1 (1.00%) high severe
Benchmarking transpose_copy/oddT_777x1000-faer16_f64/B
Benchmarking transpose_copy/oddT_777x1000-faer16_f64/B: Warming up for 700.00 ms
Benchmarking transpose_copy/oddT_777x1000-faer16_f64/B: Collecting 100 samples in estimated 2.3792 s (25k iterations)
Benchmarking transpose_copy/oddT_777x1000-faer16_f64/B: Analyzing
transpose_copy/oddT_777x1000-faer16_f64/B
                        time:   [93.319 µs 93.654 µs 94.001 µs]
                        change: [-74.451% -74.290% -74.108%] (p = 0.00 < 0.05)
                        Performance has improved.
Found 6 outliers among 100 measurements (6.00%)
  4 (4.00%) high mild
  2 (2.00%) high severe
Benchmarking transpose_copy/large_2048x2048-serial_f32/A
Benchmarking transpose_copy/large_2048x2048-serial_f32/A: Warming up for 700.00 ms
Benchmarking transpose_copy/large_2048x2048-serial_f32/A: Collecting 100 samples in estimated 2.2939 s (400 iterations)
Benchmarking transpose_copy/large_2048x2048-serial_f32/A: Analyzing
transpose_copy/large_2048x2048-serial_f32/A
                        time:   [5.6435 ms 5.6475 ms 5.6527 ms]
                        change: [-63.185% -63.003% -62.826%] (p = 0.00 < 0.05)
                        Performance has improved.
Found 5 outliers among 100 measurements (5.00%)
  2 (2.00%) high mild
  3 (3.00%) high severe
Benchmarking transpose_copy/large_2048x2048-serial_f32/B
Benchmarking transpose_copy/large_2048x2048-serial_f32/B: Warming up for 700.00 ms
Benchmarking transpose_copy/large_2048x2048-serial_f32/B: Collecting 100 samples in estimated 2.2751 s (400 iterations)
Benchmarking transpose_copy/large_2048x2048-serial_f32/B: Analyzing
transpose_copy/large_2048x2048-serial_f32/B
                        time:   [5.6420 ms 5.6439 ms 5.6462 ms]
                        change: [-63.128% -63.004% -62.889%] (p = 0.00 < 0.05)
                        Performance has improved.
Found 6 outliers among 100 measurements (6.00%)
  4 (4.00%) high mild
  2 (2.00%) high severe
Benchmarking transpose_copy/large_2048x2048-faer16_f32/A
Benchmarking transpose_copy/large_2048x2048-faer16_f32/A: Warming up for 700.00 ms

Warning: Unable to complete 100 samples in 2.0s. You may wish to increase target time to 2.0s, enable flat sampling, or reduce sample count to 70.
Benchmarking transpose_copy/large_2048x2048-faer16_f32/A: Collecting 100 samples in estimated 2.0129 s (5050 iterations)
Benchmarking transpose_copy/large_2048x2048-faer16_f32/A: Analyzing
transpose_copy/large_2048x2048-faer16_f32/A
                        time:   [399.00 µs 399.32 µs 399.66 µs]
                        change: [-70.177% -70.096% -70.003%] (p = 0.00 < 0.05)
                        Performance has improved.
Found 11 outliers among 100 measurements (11.00%)
  3 (3.00%) low mild
  5 (5.00%) high mild
  3 (3.00%) high severe
Benchmarking transpose_copy/large_2048x2048-faer16_f32/B
Benchmarking transpose_copy/large_2048x2048-faer16_f32/B: Warming up for 700.00 ms

Warning: Unable to complete 100 samples in 2.0s. You may wish to increase target time to 2.1s, enable flat sampling, or reduce sample count to 60.
Benchmarking transpose_copy/large_2048x2048-faer16_f32/B: Collecting 100 samples in estimated 2.0715 s (5050 iterations)
Benchmarking transpose_copy/large_2048x2048-faer16_f32/B: Analyzing
transpose_copy/large_2048x2048-faer16_f32/B
                        time:   [411.39 µs 411.83 µs 412.27 µs]
                        change: [-69.598% -69.515% -69.431%] (p = 0.00 < 0.05)
                        Performance has improved.
Found 7 outliers among 100 measurements (7.00%)
  3 (3.00%) low mild
  3 (3.00%) high mild
  1 (1.00%) high severe
Benchmarking transpose_copy/odd_1000x777-serial_f32/A
Benchmarking transpose_copy/odd_1000x777-serial_f32/A: Warming up for 700.00 ms
Benchmarking transpose_copy/odd_1000x777-serial_f32/A: Collecting 100 samples in estimated 2.3148 s (10k iterations)
Benchmarking transpose_copy/odd_1000x777-serial_f32/A: Analyzing
transpose_copy/odd_1000x777-serial_f32/A
                        time:   [227.86 µs 228.90 µs 229.93 µs]
                        change: [-90.505% -90.460% -90.409%] (p = 0.00 < 0.05)
                        Performance has improved.
Found 1 outliers among 100 measurements (1.00%)
  1 (1.00%) high mild
Benchmarking transpose_copy/odd_1000x777-serial_f32/B
Benchmarking transpose_copy/odd_1000x777-serial_f32/B: Warming up for 700.00 ms
Benchmarking transpose_copy/odd_1000x777-serial_f32/B: Collecting 100 samples in estimated 2.3246 s (10k iterations)
Benchmarking transpose_copy/odd_1000x777-serial_f32/B: Analyzing
transpose_copy/odd_1000x777-serial_f32/B
                        time:   [229.14 µs 230.63 µs 232.18 µs]
                        change: [-90.466% -90.402% -90.342%] (p = 0.00 < 0.05)
                        Performance has improved.
Found 6 outliers among 100 measurements (6.00%)
  6 (6.00%) high mild
Benchmarking transpose_copy/odd_1000x777-faer16_f32/A
Benchmarking transpose_copy/odd_1000x777-faer16_f32/A: Warming up for 700.00 ms
Benchmarking transpose_copy/odd_1000x777-faer16_f32/A: Collecting 100 samples in estimated 2.2270 s (35k iterations)
Benchmarking transpose_copy/odd_1000x777-faer16_f32/A: Analyzing
transpose_copy/odd_1000x777-faer16_f32/A
                        time:   [64.266 µs 65.043 µs 65.845 µs]
                        change: [-82.424% -82.255% -82.075%] (p = 0.00 < 0.05)
                        Performance has improved.
Found 2 outliers among 100 measurements (2.00%)
  2 (2.00%) high mild
Benchmarking transpose_copy/odd_1000x777-faer16_f32/B
Benchmarking transpose_copy/odd_1000x777-faer16_f32/B: Warming up for 700.00 ms
Benchmarking transpose_copy/odd_1000x777-faer16_f32/B: Collecting 100 samples in estimated 2.2927 s (35k iterations)
Benchmarking transpose_copy/odd_1000x777-faer16_f32/B: Analyzing
transpose_copy/odd_1000x777-faer16_f32/B
                        time:   [64.916 µs 65.413 µs 65.938 µs]
                        change: [-82.316% -82.189% -82.064%] (p = 0.00 < 0.05)
                        Performance has improved.
Found 2 outliers among 100 measurements (2.00%)
  2 (2.00%) high mild

[harness] DeviceFaer thread pool: 16 threads (RAYON_NUM_THREADS convention)
Benchmarking assign_gates/contig_small_64x64-serial-f64/assign
Benchmarking assign_gates/contig_small_64x64-serial-f64/assign: Warming up for 700.00 ms
Benchmarking assign_gates/contig_small_64x64-serial-f64/assign: Collecting 100 samples in estimated 2.0021 s (1.9M iterations)
Benchmarking assign_gates/contig_small_64x64-serial-f64/assign: Analyzing
assign_gates/contig_small_64x64-serial-f64/assign
                        time:   [1.0398 µs 1.0404 µs 1.0410 µs]
                        change: [+0.4690% +0.5454% +0.6222%] (p = 0.00 < 0.05)
                        Change within noise threshold.
Found 4 outliers among 100 measurements (4.00%)
  3 (3.00%) high mild
  1 (1.00%) high severe
Benchmarking assign_gates/contig_large_2048x2048-serial-f64/assign
Benchmarking assign_gates/contig_large_2048x2048-serial-f64/assign: Warming up for 700.00 ms
Benchmarking assign_gates/contig_large_2048x2048-serial-f64/assign: Collecting 100 samples in estimated 2.0947 s (1600 iterations)
Benchmarking assign_gates/contig_large_2048x2048-serial-f64/assign: Analyzing
assign_gates/contig_large_2048x2048-serial-f64/assign
                        time:   [1.3151 ms 1.3475 ms 1.3726 ms]
                        change: [-3.2415% -0.7327% +1.4227%] (p = 0.56 > 0.05)
                        No change in performance detected.
Found 7 outliers among 100 measurements (7.00%)
  3 (3.00%) low severe
  4 (4.00%) high mild
Benchmarking assign_gates/sliced_t_large_2048x2048-serial-f64/assign
Benchmarking assign_gates/sliced_t_large_2048x2048-serial-f64/assign: Warming up for 700.00 ms
Benchmarking assign_gates/sliced_t_large_2048x2048-serial-f64/assign: Collecting 100 samples in estimated 2.5501 s (300 iterations)
Benchmarking assign_gates/sliced_t_large_2048x2048-serial-f64/assign: Analyzing
assign_gates/sliced_t_large_2048x2048-serial-f64/assign
                        time:   [8.5585 ms 8.6218 ms 8.6869 ms]
                        change: [+2.4689% +3.3981% +4.3916%] (p = 0.00 < 0.05)
                        Performance has regressed.
Found 1 outliers among 100 measurements (1.00%)
  1 (1.00%) high mild
Benchmarking assign_gates/sliced_large_2048x2048-serial-f64/assign
Benchmarking assign_gates/sliced_large_2048x2048-serial-f64/assign: Warming up for 700.00 ms
Benchmarking assign_gates/sliced_large_2048x2048-serial-f64/assign: Collecting 100 samples in estimated 2.5585 s (400 iterations)
Benchmarking assign_gates/sliced_large_2048x2048-serial-f64/assign: Analyzing
assign_gates/sliced_large_2048x2048-serial-f64/assign
                        time:   [6.3365 ms 6.3409 ms 6.3455 ms]
                        change: [-0.5216% -0.4208% -0.3188%] (p = 0.00 < 0.05)
                        Change within noise threshold.
Found 2 outliers among 100 measurements (2.00%)
  2 (2.00%) high mild
Benchmarking assign_gates/sliced_t_odd_1000x777-serial-f64/assign
Benchmarking assign_gates/sliced_t_odd_1000x777-serial-f64/assign: Warming up for 700.00 ms
Benchmarking assign_gates/sliced_t_odd_1000x777-serial-f64/assign: Collecting 100 samples in estimated 2.0391 s (1700 iterations)
Benchmarking assign_gates/sliced_t_odd_1000x777-serial-f64/assign: Analyzing
assign_gates/sliced_t_odd_1000x777-serial-f64/assign
                        time:   [1.1950 ms 1.1957 ms 1.1965 ms]
                        change: [-0.7720% -0.6828% -0.6006%] (p = 0.00 < 0.05)
                        Change within noise threshold.
Found 2 outliers among 100 measurements (2.00%)
  2 (2.00%) high mild
Benchmarking assign_gates/sliced_odd_1000x777-serial-f64/assign
Benchmarking assign_gates/sliced_odd_1000x777-serial-f64/assign: Warming up for 700.00 ms
Benchmarking assign_gates/sliced_odd_1000x777-serial-f64/assign: Collecting 100 samples in estimated 2.1151 s (1800 iterations)
Benchmarking assign_gates/sliced_odd_1000x777-serial-f64/assign: Analyzing
assign_gates/sliced_odd_1000x777-serial-f64/assign
                        time:   [1.1694 ms 1.1697 ms 1.1702 ms]
                        change: [-0.5437% -0.4860% -0.4303%] (p = 0.00 < 0.05)
                        Change within noise threshold.
Found 2 outliers among 100 measurements (2.00%)
  1 (1.00%) low mild
  1 (1.00%) high severe
Benchmarking assign_gates/contig_small_64x64-faer16-f64/assign
Benchmarking assign_gates/contig_small_64x64-faer16-f64/assign: Warming up for 700.00 ms
Benchmarking assign_gates/contig_small_64x64-faer16-f64/assign: Collecting 100 samples in estimated 2.0043 s (1.8M iterations)
Benchmarking assign_gates/contig_small_64x64-faer16-f64/assign: Analyzing
assign_gates/contig_small_64x64-faer16-f64/assign
                        time:   [1.0954 µs 1.0960 µs 1.0966 µs]
                        change: [+2.2263% +2.3061% +2.3872%] (p = 0.00 < 0.05)
                        Performance has regressed.
Found 5 outliers among 100 measurements (5.00%)
  1 (1.00%) high mild
  4 (4.00%) high severe
Benchmarking assign_gates/contig_large_2048x2048-faer16-f64/assign
Benchmarking assign_gates/contig_large_2048x2048-faer16-f64/assign: Warming up for 700.00 ms
Benchmarking assign_gates/contig_large_2048x2048-faer16-f64/assign: Collecting 100 samples in estimated 2.0652 s (1500 iterations)
Benchmarking assign_gates/contig_large_2048x2048-faer16-f64/assign: Analyzing
assign_gates/contig_large_2048x2048-faer16-f64/assign
                        time:   [1.3614 ms 1.3698 ms 1.3782 ms]
                        change: [+0.6510% +1.5329% +2.4232%] (p = 0.00 < 0.05)
                        Change within noise threshold.
Benchmarking assign_gates/sliced_t_large_2048x2048-faer16-f64/assign
Benchmarking assign_gates/sliced_t_large_2048x2048-faer16-f64/assign: Warming up for 700.00 ms
Benchmarking assign_gates/sliced_t_large_2048x2048-faer16-f64/assign: Collecting 100 samples in estimated 2.0440 s (2400 iterations)
Benchmarking assign_gates/sliced_t_large_2048x2048-faer16-f64/assign: Analyzing
assign_gates/sliced_t_large_2048x2048-faer16-f64/assign
                        time:   [825.77 µs 829.16 µs 832.78 µs]
                        change: [-15.840% -12.681% -9.5275%] (p = 0.00 < 0.05)
                        Performance has improved.
Found 10 outliers among 100 measurements (10.00%)
  9 (9.00%) high mild
  1 (1.00%) high severe
Benchmarking assign_gates/sliced_large_2048x2048-faer16-f64/assign
Benchmarking assign_gates/sliced_large_2048x2048-faer16-f64/assign: Warming up for 700.00 ms

Warning: Unable to complete 100 samples in 2.0s. You may wish to increase target time to 3.6s, enable flat sampling, or reduce sample count to 50.
Benchmarking assign_gates/sliced_large_2048x2048-faer16-f64/assign: Collecting 100 samples in estimated 3.5614 s (5050 iterations)
Benchmarking assign_gates/sliced_large_2048x2048-faer16-f64/assign: Analyzing
assign_gates/sliced_large_2048x2048-faer16-f64/assign
                        time:   [698.34 µs 700.70 µs 703.67 µs]
                        change: [-2.7706% -2.1456% -1.5687%] (p = 0.00 < 0.05)
                        Performance has improved.
Found 9 outliers among 100 measurements (9.00%)
  1 (1.00%) low severe
  5 (5.00%) high mild
  3 (3.00%) high severe
Benchmarking assign_gates/sliced_t_odd_1000x777-faer16-f64/assign
Benchmarking assign_gates/sliced_t_odd_1000x777-faer16-f64/assign: Warming up for 700.00 ms
Benchmarking assign_gates/sliced_t_odd_1000x777-faer16-f64/assign: Collecting 100 samples in estimated 2.5100 s (10k iterations)
Benchmarking assign_gates/sliced_t_odd_1000x777-faer16-f64/assign: Analyzing
assign_gates/sliced_t_odd_1000x777-faer16-f64/assign
                        time:   [249.22 µs 249.81 µs 250.44 µs]
                        change: [-1.3576% -0.8671% -0.3923%] (p = 0.00 < 0.05)
                        Change within noise threshold.
Found 7 outliers among 100 measurements (7.00%)
  4 (4.00%) high mild
  3 (3.00%) high severe
Benchmarking assign_gates/sliced_odd_1000x777-faer16-f64/assign
Benchmarking assign_gates/sliced_odd_1000x777-faer16-f64/assign: Warming up for 700.00 ms
Benchmarking assign_gates/sliced_odd_1000x777-faer16-f64/assign: Collecting 100 samples in estimated 2.4860 s (10k iterations)
Benchmarking assign_gates/sliced_odd_1000x777-faer16-f64/assign: Analyzing
assign_gates/sliced_odd_1000x777-faer16-f64/assign
                        time:   [246.37 µs 246.99 µs 247.62 µs]
                        change: [-1.6623% -1.1688% -0.6194%] (p = 0.00 < 0.05)
                        Change within noise threshold.
Found 6 outliers among 100 measurements (6.00%)
  4 (4.00%) low mild
  1 (1.00%) high mild
  1 (1.00%) high severe

[harness] DeviceFaer thread pool: 16 threads (RAYON_NUM_THREADS convention)
Benchmarking orderchange_extra/to_fcontig_large_2048x2048-serial-f64/A
Benchmarking orderchange_extra/to_fcontig_large_2048x2048-serial-f64/A: Warming up for 700.00 ms
Benchmarking orderchange_extra/to_fcontig_large_2048x2048-serial-f64/A: Collecting 100 samples in estimated 2.0819 s (200 iterations)
Benchmarking orderchange_extra/to_fcontig_large_2048x2048-serial-f64/A: Analyzing
orderchange_extra/to_fcontig_large_2048x2048-serial-f64/A
                        time:   [10.306 ms 10.326 ms 10.347 ms]
                        change: [-47.965% -47.770% -47.577%] (p = 0.00 < 0.05)
                        Performance has improved.
Found 19 outliers among 100 measurements (19.00%)
  18 (18.00%) high mild
  1 (1.00%) high severe
Benchmarking orderchange_extra/to_fcontig_large_2048x2048-serial-f64/B
Benchmarking orderchange_extra/to_fcontig_large_2048x2048-serial-f64/B: Warming up for 700.00 ms
Benchmarking orderchange_extra/to_fcontig_large_2048x2048-serial-f64/B: Collecting 100 samples in estimated 2.2564 s (400 iterations)
Benchmarking orderchange_extra/to_fcontig_large_2048x2048-serial-f64/B: Analyzing
orderchange_extra/to_fcontig_large_2048x2048-serial-f64/B
                        time:   [5.6433 ms 5.6602 ms 5.6761 ms]
                        change: [-67.512% -67.337% -67.155%] (p = 0.00 < 0.05)
                        Performance has improved.
Found 5 outliers among 100 measurements (5.00%)
  1 (1.00%) low severe
  2 (2.00%) low mild
  2 (2.00%) high mild
Benchmarking orderchange_extra/bcast_t_large_2048x2048-serial-f64/A
Benchmarking orderchange_extra/bcast_t_large_2048x2048-serial-f64/A: Warming up for 700.00 ms
Benchmarking orderchange_extra/bcast_t_large_2048x2048-serial-f64/A: Collecting 100 samples in estimated 2.1163 s (400 iterations)
Benchmarking orderchange_extra/bcast_t_large_2048x2048-serial-f64/A: Analyzing
orderchange_extra/bcast_t_large_2048x2048-serial-f64/A
                        time:   [5.1936 ms 5.2155 ms 5.2398 ms]
                        change: [-69.043% -68.901% -68.758%] (p = 0.00 < 0.05)
                        Performance has improved.
Found 4 outliers among 100 measurements (4.00%)
  3 (3.00%) high mild
  1 (1.00%) high severe
Benchmarking orderchange_extra/bcast_t_large_2048x2048-serial-f64/B
Benchmarking orderchange_extra/bcast_t_large_2048x2048-serial-f64/B: Warming up for 700.00 ms
Benchmarking orderchange_extra/bcast_t_large_2048x2048-serial-f64/B: Collecting 100 samples in estimated 2.1078 s (1400 iterations)
Benchmarking orderchange_extra/bcast_t_large_2048x2048-serial-f64/B: Analyzing
orderchange_extra/bcast_t_large_2048x2048-serial-f64/B
                        time:   [1.4767 ms 1.4862 ms 1.4960 ms]
                        change: [-88.267% -88.194% -88.124%] (p = 0.00 < 0.05)
                        Performance has improved.
Found 2 outliers among 100 measurements (2.00%)
  2 (2.00%) high mild
Benchmarking orderchange_extra/to_fcontig_odd_1000x777-serial-f64/A
Benchmarking orderchange_extra/to_fcontig_odd_1000x777-serial-f64/A: Warming up for 700.00 ms
Benchmarking orderchange_extra/to_fcontig_odd_1000x777-serial-f64/A: Collecting 100 samples in estimated 2.5686 s (10k iterations)
Benchmarking orderchange_extra/to_fcontig_odd_1000x777-serial-f64/A: Analyzing
orderchange_extra/to_fcontig_odd_1000x777-serial-f64/A
                        time:   [252.03 µs 252.75 µs 253.52 µs]
                        change: [-89.587% -89.539% -89.487%] (p = 0.00 < 0.05)
                        Performance has improved.
Found 2 outliers among 100 measurements (2.00%)
  1 (1.00%) high mild
  1 (1.00%) high severe
Benchmarking orderchange_extra/to_fcontig_odd_1000x777-serial-f64/B
Benchmarking orderchange_extra/to_fcontig_odd_1000x777-serial-f64/B: Warming up for 700.00 ms
Benchmarking orderchange_extra/to_fcontig_odd_1000x777-serial-f64/B: Collecting 100 samples in estimated 2.5818 s (10k iterations)
Benchmarking orderchange_extra/to_fcontig_odd_1000x777-serial-f64/B: Analyzing
orderchange_extra/to_fcontig_odd_1000x777-serial-f64/B
                        time:   [253.11 µs 254.26 µs 255.48 µs]
                        change: [-89.463% -89.420% -89.371%] (p = 0.00 < 0.05)
                        Performance has improved.
Found 6 outliers among 100 measurements (6.00%)
  4 (4.00%) high mild
  2 (2.00%) high severe
Benchmarking orderchange_extra/bcast_t_odd_1000x777-serial-f64/A
Benchmarking orderchange_extra/bcast_t_odd_1000x777-serial-f64/A: Warming up for 700.00 ms
Benchmarking orderchange_extra/bcast_t_odd_1000x777-serial-f64/A: Collecting 100 samples in estimated 2.2248 s (10k iterations)
Benchmarking orderchange_extra/bcast_t_odd_1000x777-serial-f64/A: Analyzing
orderchange_extra/bcast_t_odd_1000x777-serial-f64/A
                        time:   [216.85 µs 218.01 µs 219.35 µs]
                        change: [-90.742% -90.695% -90.641%] (p = 0.00 < 0.05)
                        Performance has improved.
Found 2 outliers among 100 measurements (2.00%)
  2 (2.00%) high mild
Benchmarking orderchange_extra/bcast_t_odd_1000x777-serial-f64/B
Benchmarking orderchange_extra/bcast_t_odd_1000x777-serial-f64/B: Warming up for 700.00 ms
Benchmarking orderchange_extra/bcast_t_odd_1000x777-serial-f64/B: Collecting 100 samples in estimated 2.2905 s (10k iterations)
Benchmarking orderchange_extra/bcast_t_odd_1000x777-serial-f64/B: Analyzing
orderchange_extra/bcast_t_odd_1000x777-serial-f64/B
                        time:   [225.04 µs 225.71 µs 226.40 µs]
                        change: [-90.368% -90.334% -90.299%] (p = 0.00 < 0.05)
                        Performance has improved.
Found 4 outliers among 100 measurements (4.00%)
  1 (1.00%) low mild
  1 (1.00%) high mild
  2 (2.00%) high severe
Benchmarking orderchange_extra/to_fcontig_large_2048x2048-faer16-f64/A
Benchmarking orderchange_extra/to_fcontig_large_2048x2048-faer16-f64/A: Warming up for 700.00 ms
Benchmarking orderchange_extra/to_fcontig_large_2048x2048-faer16-f64/A: Collecting 100 samples in estimated 2.2036 s (900 iterations)
Benchmarking orderchange_extra/to_fcontig_large_2048x2048-faer16-f64/A: Analyzing
orderchange_extra/to_fcontig_large_2048x2048-faer16-f64/A
                        time:   [2.6161 ms 2.6445 ms 2.6738 ms]
                        change: [-75.133% -74.649% -74.140%] (p = 0.00 < 0.05)
                        Performance has improved.
Found 2 outliers among 100 measurements (2.00%)
  2 (2.00%) high mild
Benchmarking orderchange_extra/to_fcontig_large_2048x2048-faer16-f64/B
Benchmarking orderchange_extra/to_fcontig_large_2048x2048-faer16-f64/B: Warming up for 700.00 ms

Warning: Unable to complete 100 samples in 2.0s. You may wish to increase target time to 2.7s, enable flat sampling, or reduce sample count to 60.
Benchmarking orderchange_extra/to_fcontig_large_2048x2048-faer16-f64/B: Collecting 100 samples in estimated 2.7488 s (5050 iterations)
Benchmarking orderchange_extra/to_fcontig_large_2048x2048-faer16-f64/B: Analyzing
orderchange_extra/to_fcontig_large_2048x2048-faer16-f64/B
                        time:   [542.08 µs 546.62 µs 552.28 µs]
                        change: [-63.798% -63.524% -63.220%] (p = 0.00 < 0.05)
                        Performance has improved.
Found 10 outliers among 100 measurements (10.00%)
  1 (1.00%) low mild
  5 (5.00%) high mild
  4 (4.00%) high severe
Benchmarking orderchange_extra/bcast_t_large_2048x2048-faer16-f64/A
Benchmarking orderchange_extra/bcast_t_large_2048x2048-faer16-f64/A: Warming up for 700.00 ms
Benchmarking orderchange_extra/bcast_t_large_2048x2048-faer16-f64/A: Collecting 100 samples in estimated 2.1232 s (1000 iterations)
Benchmarking orderchange_extra/bcast_t_large_2048x2048-faer16-f64/A: Analyzing
orderchange_extra/bcast_t_large_2048x2048-faer16-f64/A
                        time:   [2.1246 ms 2.1677 ms 2.2133 ms]
                        change: [-20.410% -18.611% -16.770%] (p = 0.00 < 0.05)
                        Performance has improved.
Found 8 outliers among 100 measurements (8.00%)
  8 (8.00%) high mild
Benchmarking orderchange_extra/bcast_t_large_2048x2048-faer16-f64/B
Benchmarking orderchange_extra/bcast_t_large_2048x2048-faer16-f64/B: Warming up for 700.00 ms
Benchmarking orderchange_extra/bcast_t_large_2048x2048-faer16-f64/B: Collecting 100 samples in estimated 3.2498 s (10k iterations)
Benchmarking orderchange_extra/bcast_t_large_2048x2048-faer16-f64/B: Analyzing
orderchange_extra/bcast_t_large_2048x2048-faer16-f64/B
                        time:   [320.93 µs 321.60 µs 322.26 µs]
                        change: [-73.141% -73.018% -72.893%] (p = 0.00 < 0.05)
                        Performance has improved.
Found 7 outliers among 100 measurements (7.00%)
  2 (2.00%) low severe
  3 (3.00%) low mild
  1 (1.00%) high mild
  1 (1.00%) high severe
Benchmarking orderchange_extra/to_fcontig_odd_1000x777-faer16-f64/A
Benchmarking orderchange_extra/to_fcontig_odd_1000x777-faer16-f64/A: Warming up for 700.00 ms
Benchmarking orderchange_extra/to_fcontig_odd_1000x777-faer16-f64/A: Collecting 100 samples in estimated 2.3013 s (25k iterations)
Benchmarking orderchange_extra/to_fcontig_odd_1000x777-faer16-f64/A: Analyzing
orderchange_extra/to_fcontig_odd_1000x777-faer16-f64/A
                        time:   [90.815 µs 91.299 µs 91.790 µs]
                        change: [-75.899% -75.787% -75.671%] (p = 0.00 < 0.05)
                        Performance has improved.
Found 4 outliers among 100 measurements (4.00%)
  3 (3.00%) high mild
  1 (1.00%) high severe
Benchmarking orderchange_extra/to_fcontig_odd_1000x777-faer16-f64/B
Benchmarking orderchange_extra/to_fcontig_odd_1000x777-faer16-f64/B: Warming up for 700.00 ms
Benchmarking orderchange_extra/to_fcontig_odd_1000x777-faer16-f64/B: Collecting 100 samples in estimated 2.3351 s (25k iterations)
Benchmarking orderchange_extra/to_fcontig_odd_1000x777-faer16-f64/B: Analyzing
orderchange_extra/to_fcontig_odd_1000x777-faer16-f64/B
                        time:   [91.722 µs 92.196 µs 92.757 µs]
                        change: [-74.631% -74.457% -74.268%] (p = 0.00 < 0.05)
                        Performance has improved.
Found 7 outliers among 100 measurements (7.00%)
  3 (3.00%) high mild
  4 (4.00%) high severe
Benchmarking orderchange_extra/bcast_t_odd_1000x777-faer16-f64/A
Benchmarking orderchange_extra/bcast_t_odd_1000x777-faer16-f64/A: Warming up for 700.00 ms
Benchmarking orderchange_extra/bcast_t_odd_1000x777-faer16-f64/A: Collecting 100 samples in estimated 2.2595 s (25k iterations)
Benchmarking orderchange_extra/bcast_t_odd_1000x777-faer16-f64/A: Analyzing
orderchange_extra/bcast_t_odd_1000x777-faer16-f64/A
                        time:   [88.876 µs 89.597 µs 90.359 µs]
                        change: [-75.247% -75.040% -74.870%] (p = 0.00 < 0.05)
                        Performance has improved.
Benchmarking orderchange_extra/bcast_t_odd_1000x777-faer16-f64/B
Benchmarking orderchange_extra/bcast_t_odd_1000x777-faer16-f64/B: Warming up for 700.00 ms
Benchmarking orderchange_extra/bcast_t_odd_1000x777-faer16-f64/B: Collecting 100 samples in estimated 2.4239 s (25k iterations)
Benchmarking orderchange_extra/bcast_t_odd_1000x777-faer16-f64/B: Analyzing
orderchange_extra/bcast_t_odd_1000x777-faer16-f64/B
                        time:   [96.374 µs 96.909 µs 97.513 µs]
                        change: [-73.031% -72.839% -72.650%] (p = 0.00 < 0.05)
                        Performance has improved.
Found 13 outliers among 100 measurements (13.00%)
  11 (11.00%) high mild
  2 (2.00%) high severe

