   Compiling rstsr-native-impl v0.8.0 (/home/a/rstsr_pack/rstsr/rstsr-native-impl)
   Compiling rstsr-core v0.8.0 (/home/a/rstsr_pack/rstsr/rstsr-core)
   Compiling transpose-assign v0.1.0 (/home/a/rstsr_pack/rstsr-improve-trajectory/2026-09-09-transpose-assign)
    Finished `bench` profile [optimized] target(s) in 7.30s
     Running benches/transpose.rs (target/release/deps/transpose-840650bb19c0636b)
Gnuplot not found, using plotters backend
[harness] DeviceFaer thread pool: 16 threads (RAYON_NUM_THREADS convention)
Benchmarking transpose_copy/small_64x64-serial_f64/A
Benchmarking transpose_copy/small_64x64-serial_f64/A: Warming up for 700.00 ms
Benchmarking transpose_copy/small_64x64-serial_f64/A: Collecting 100 samples in estimated 2.0640 s (152k iterations)
Benchmarking transpose_copy/small_64x64-serial_f64/A: Analyzing
transpose_copy/small_64x64-serial_f64/A
                        time:   [13.573 µs 13.580 µs 13.587 µs]
                        change: [+783.63% +787.29% +790.82%] (p = 0.00 < 0.05)
                        Performance has regressed.
Found 6 outliers among 100 measurements (6.00%)
  1 (1.00%) high mild
  5 (5.00%) high severe
Benchmarking transpose_copy/small_64x64-serial_f64/B
Benchmarking transpose_copy/small_64x64-serial_f64/B: Warming up for 700.00 ms
Benchmarking transpose_copy/small_64x64-serial_f64/B: Collecting 100 samples in estimated 2.0548 s (146k iterations)
Benchmarking transpose_copy/small_64x64-serial_f64/B: Analyzing
transpose_copy/small_64x64-serial_f64/B
                        time:   [13.978 µs 13.986 µs 13.996 µs]
                        change: [+544.21% +545.21% +546.23%] (p = 0.00 < 0.05)
                        Performance has regressed.
Found 7 outliers among 100 measurements (7.00%)
  3 (3.00%) high mild
  4 (4.00%) high severe
Benchmarking transpose_copy/small_64x64-faer16_f64/A
Benchmarking transpose_copy/small_64x64-faer16_f64/A: Warming up for 700.00 ms
Benchmarking transpose_copy/small_64x64-faer16_f64/A: Collecting 100 samples in estimated 2.0665 s (152k iterations)
Benchmarking transpose_copy/small_64x64-faer16_f64/A: Analyzing
transpose_copy/small_64x64-faer16_f64/A
                        time:   [13.424 µs 13.428 µs 13.434 µs]
                        change: [+711.84% +715.40% +718.85%] (p = 0.00 < 0.05)
                        Performance has regressed.
Found 3 outliers among 100 measurements (3.00%)
  3 (3.00%) high severe
Benchmarking transpose_copy/small_64x64-faer16_f64/B
Benchmarking transpose_copy/small_64x64-faer16_f64/B: Warming up for 700.00 ms
Benchmarking transpose_copy/small_64x64-faer16_f64/B: Collecting 100 samples in estimated 2.0582 s (146k iterations)
Benchmarking transpose_copy/small_64x64-faer16_f64/B: Analyzing
transpose_copy/small_64x64-faer16_f64/B
                        time:   [13.932 µs 13.937 µs 13.943 µs]
                        change: [+527.59% +527.91% +528.24%] (p = 0.00 < 0.05)
                        Performance has regressed.
Found 3 outliers among 100 measurements (3.00%)
  1 (1.00%) high mild
  2 (2.00%) high severe
Benchmarking transpose_copy/medium_512x512-serial_f64/A
Benchmarking transpose_copy/medium_512x512-serial_f64/A: Warming up for 700.00 ms
Benchmarking transpose_copy/medium_512x512-serial_f64/A: Collecting 100 samples in estimated 2.0317 s (2500 iterations)
Benchmarking transpose_copy/medium_512x512-serial_f64/A: Analyzing
transpose_copy/medium_512x512-serial_f64/A
                        time:   [819.10 µs 819.48 µs 819.90 µs]
                        change: [+175.17% +175.49% +175.74%] (p = 0.00 < 0.05)
                        Performance has regressed.
Found 3 outliers among 100 measurements (3.00%)
  1 (1.00%) low severe
  1 (1.00%) high mild
  1 (1.00%) high severe
Benchmarking transpose_copy/medium_512x512-serial_f64/B
Benchmarking transpose_copy/medium_512x512-serial_f64/B: Warming up for 700.00 ms
Benchmarking transpose_copy/medium_512x512-serial_f64/B: Collecting 100 samples in estimated 2.0316 s (2500 iterations)
Benchmarking transpose_copy/medium_512x512-serial_f64/B: Analyzing
transpose_copy/medium_512x512-serial_f64/B
                        time:   [807.68 µs 808.04 µs 808.47 µs]
                        change: [+170.12% +170.29% +170.47%] (p = 0.00 < 0.05)
                        Performance has regressed.
Found 6 outliers among 100 measurements (6.00%)
  1 (1.00%) high mild
  5 (5.00%) high severe
Benchmarking transpose_copy/medium_512x512-faer16_f64/A
Benchmarking transpose_copy/medium_512x512-faer16_f64/A: Warming up for 700.00 ms
Benchmarking transpose_copy/medium_512x512-faer16_f64/A: Collecting 100 samples in estimated 2.0589 s (10k iterations)
Benchmarking transpose_copy/medium_512x512-faer16_f64/A: Analyzing
transpose_copy/medium_512x512-faer16_f64/A
                        time:   [201.25 µs 201.63 µs 202.00 µs]
                        change: [+287.91% +290.84% +293.85%] (p = 0.00 < 0.05)
                        Performance has regressed.
Found 8 outliers among 100 measurements (8.00%)
  1 (1.00%) low severe
  2 (2.00%) low mild
  4 (4.00%) high mild
  1 (1.00%) high severe
Benchmarking transpose_copy/medium_512x512-faer16_f64/B
Benchmarking transpose_copy/medium_512x512-faer16_f64/B: Warming up for 700.00 ms
Benchmarking transpose_copy/medium_512x512-faer16_f64/B: Collecting 100 samples in estimated 2.0596 s (10k iterations)
Benchmarking transpose_copy/medium_512x512-faer16_f64/B: Analyzing
transpose_copy/medium_512x512-faer16_f64/B
                        time:   [203.50 µs 203.89 µs 204.28 µs]
                        change: [+291.09% +294.62% +298.05%] (p = 0.00 < 0.05)
                        Performance has regressed.
Found 3 outliers among 100 measurements (3.00%)
  1 (1.00%) low mild
  1 (1.00%) high mild
  1 (1.00%) high severe
Benchmarking transpose_copy/large_2048x2048-serial_f64/A
Benchmarking transpose_copy/large_2048x2048-serial_f64/A: Warming up for 700.00 ms

Warning: Unable to complete 100 samples in 2.0s. You may wish to increase target time to 2.3s, or reduce sample count to 80.
Benchmarking transpose_copy/large_2048x2048-serial_f64/A: Collecting 100 samples in estimated 2.2987 s (100 iterations)
Benchmarking transpose_copy/large_2048x2048-serial_f64/A: Analyzing
transpose_copy/large_2048x2048-serial_f64/A
                        time:   [22.750 ms 22.845 ms 22.937 ms]
                        change: [+118.28% +119.29% +120.32%] (p = 0.00 < 0.05)
                        Performance has regressed.
Found 4 outliers among 100 measurements (4.00%)
  4 (4.00%) low mild
Benchmarking transpose_copy/large_2048x2048-serial_f64/B
Benchmarking transpose_copy/large_2048x2048-serial_f64/B: Warming up for 700.00 ms
Benchmarking transpose_copy/large_2048x2048-serial_f64/B: Collecting 100 samples in estimated 3.4736 s (200 iterations)
Benchmarking transpose_copy/large_2048x2048-serial_f64/B: Analyzing
transpose_copy/large_2048x2048-serial_f64/B
                        time:   [17.351 ms 17.433 ms 17.517 ms]
                        change: [+194.92% +196.55% +197.92%] (p = 0.00 < 0.05)
                        Performance has regressed.
Found 2 outliers among 100 measurements (2.00%)
  2 (2.00%) high mild
Benchmarking transpose_copy/large_2048x2048-faer16_f64/A
Benchmarking transpose_copy/large_2048x2048-faer16_f64/A: Warming up for 700.00 ms
Benchmarking transpose_copy/large_2048x2048-faer16_f64/A: Collecting 100 samples in estimated 2.3157 s (700 iterations)
Benchmarking transpose_copy/large_2048x2048-faer16_f64/A: Analyzing
transpose_copy/large_2048x2048-faer16_f64/A
                        time:   [3.2419 ms 3.2589 ms 3.2764 ms]
                        change: [+9.4934% +11.702% +14.034%] (p = 0.00 < 0.05)
                        Performance has regressed.
Found 3 outliers among 100 measurements (3.00%)
  3 (3.00%) high mild
Benchmarking transpose_copy/large_2048x2048-faer16_f64/B
Benchmarking transpose_copy/large_2048x2048-faer16_f64/B: Warming up for 700.00 ms
Benchmarking transpose_copy/large_2048x2048-faer16_f64/B: Collecting 100 samples in estimated 2.0855 s (1400 iterations)
Benchmarking transpose_copy/large_2048x2048-faer16_f64/B: Analyzing
transpose_copy/large_2048x2048-faer16_f64/B
                        time:   [1.4558 ms 1.4595 ms 1.4634 ms]
                        change: [+165.56% +166.73% +167.97%] (p = 0.00 < 0.05)
                        Performance has regressed.
Found 1 outliers among 100 measurements (1.00%)
  1 (1.00%) high mild
Benchmarking transpose_copy/odd_1000x777-serial_f64/A
Benchmarking transpose_copy/odd_1000x777-serial_f64/A: Warming up for 700.00 ms
Benchmarking transpose_copy/odd_1000x777-serial_f64/A: Collecting 100 samples in estimated 2.2090 s (900 iterations)
Benchmarking transpose_copy/odd_1000x777-serial_f64/A: Analyzing
transpose_copy/odd_1000x777-serial_f64/A
                        time:   [2.4424 ms 2.4509 ms 2.4594 ms]
                        change: [+865.23% +869.83% +874.62%] (p = 0.00 < 0.05)
                        Performance has regressed.
Benchmarking transpose_copy/odd_1000x777-serial_f64/B
Benchmarking transpose_copy/odd_1000x777-serial_f64/B: Warming up for 700.00 ms
Benchmarking transpose_copy/odd_1000x777-serial_f64/B: Collecting 100 samples in estimated 2.1718 s (900 iterations)
Benchmarking transpose_copy/odd_1000x777-serial_f64/B: Analyzing
transpose_copy/odd_1000x777-serial_f64/B
                        time:   [2.3947 ms 2.3994 ms 2.4056 ms]
                        change: [+836.92% +839.74% +843.16%] (p = 0.00 < 0.05)
                        Performance has regressed.
Found 4 outliers among 100 measurements (4.00%)
  3 (3.00%) high mild
  1 (1.00%) high severe
Benchmarking transpose_copy/odd_1000x777-faer16_f64/A
Benchmarking transpose_copy/odd_1000x777-faer16_f64/A: Warming up for 700.00 ms
Benchmarking transpose_copy/odd_1000x777-faer16_f64/A: Collecting 100 samples in estimated 3.5882 s (10k iterations)
Benchmarking transpose_copy/odd_1000x777-faer16_f64/A: Analyzing
transpose_copy/odd_1000x777-faer16_f64/A
                        time:   [358.80 µs 359.50 µs 360.25 µs]
                        change: [+262.02% +263.97% +265.89%] (p = 0.00 < 0.05)
                        Performance has regressed.
Found 1 outliers among 100 measurements (1.00%)
  1 (1.00%) low mild
Benchmarking transpose_copy/odd_1000x777-faer16_f64/B
Benchmarking transpose_copy/odd_1000x777-faer16_f64/B: Warming up for 700.00 ms
Benchmarking transpose_copy/odd_1000x777-faer16_f64/B: Collecting 100 samples in estimated 3.6357 s (10k iterations)
Benchmarking transpose_copy/odd_1000x777-faer16_f64/B: Analyzing
transpose_copy/odd_1000x777-faer16_f64/B
                        time:   [361.25 µs 362.29 µs 363.48 µs]
                        change: [+258.40% +260.54% +262.78%] (p = 0.00 < 0.05)
                        Performance has regressed.
Found 7 outliers among 100 measurements (7.00%)
  1 (1.00%) low severe
  2 (2.00%) low mild
  3 (3.00%) high mild
  1 (1.00%) high severe
Benchmarking transpose_copy/oddT_777x1000-serial_f64/A
Benchmarking transpose_copy/oddT_777x1000-serial_f64/A: Warming up for 700.00 ms
Benchmarking transpose_copy/oddT_777x1000-serial_f64/A: Collecting 100 samples in estimated 2.2067 s (900 iterations)
Benchmarking transpose_copy/oddT_777x1000-serial_f64/A: Analyzing
transpose_copy/oddT_777x1000-serial_f64/A
                        time:   [2.4197 ms 2.4226 ms 2.4257 ms]
                        change: [+702.59% +703.79% +705.07%] (p = 0.00 < 0.05)
                        Performance has regressed.
Found 2 outliers among 100 measurements (2.00%)
  2 (2.00%) high mild
Benchmarking transpose_copy/oddT_777x1000-serial_f64/B
Benchmarking transpose_copy/oddT_777x1000-serial_f64/B: Warming up for 700.00 ms
Benchmarking transpose_copy/oddT_777x1000-serial_f64/B: Collecting 100 samples in estimated 2.1754 s (900 iterations)
Benchmarking transpose_copy/oddT_777x1000-serial_f64/B: Analyzing
transpose_copy/oddT_777x1000-serial_f64/B
                        time:   [2.3989 ms 2.4023 ms 2.4062 ms]
                        change: [+896.29% +899.25% +902.26%] (p = 0.00 < 0.05)
                        Performance has regressed.
Found 4 outliers among 100 measurements (4.00%)
  2 (2.00%) high mild
  2 (2.00%) high severe
Benchmarking transpose_copy/oddT_777x1000-faer16_f64/A
Benchmarking transpose_copy/oddT_777x1000-faer16_f64/A: Warming up for 700.00 ms
Benchmarking transpose_copy/oddT_777x1000-faer16_f64/A: Collecting 100 samples in estimated 3.6029 s (10k iterations)
Benchmarking transpose_copy/oddT_777x1000-faer16_f64/A: Analyzing
transpose_copy/oddT_777x1000-faer16_f64/A
                        time:   [357.86 µs 358.63 µs 359.44 µs]
                        change: [+259.74% +262.20% +264.70%] (p = 0.00 < 0.05)
                        Performance has regressed.
Found 4 outliers among 100 measurements (4.00%)
  1 (1.00%) low severe
  1 (1.00%) low mild
  2 (2.00%) high mild
Benchmarking transpose_copy/oddT_777x1000-faer16_f64/B
Benchmarking transpose_copy/oddT_777x1000-faer16_f64/B: Warming up for 700.00 ms
Benchmarking transpose_copy/oddT_777x1000-faer16_f64/B: Collecting 100 samples in estimated 3.6302 s (10k iterations)
Benchmarking transpose_copy/oddT_777x1000-faer16_f64/B: Analyzing
transpose_copy/oddT_777x1000-faer16_f64/B
                        time:   [360.65 µs 361.41 µs 362.09 µs]
                        change: [+263.18% +266.02% +268.88%] (p = 0.00 < 0.05)
                        Performance has regressed.
Found 7 outliers among 100 measurements (7.00%)
  1 (1.00%) low severe
  2 (2.00%) low mild
  2 (2.00%) high mild
  2 (2.00%) high severe
Benchmarking transpose_copy/large_2048x2048-serial_f32/A
Benchmarking transpose_copy/large_2048x2048-serial_f32/A: Warming up for 700.00 ms
Benchmarking transpose_copy/large_2048x2048-serial_f32/A: Collecting 100 samples in estimated 3.1555 s (200 iterations)
Benchmarking transpose_copy/large_2048x2048-serial_f32/A: Analyzing
transpose_copy/large_2048x2048-serial_f32/A
                        time:   [15.468 ms 15.566 ms 15.671 ms]
                        change: [+195.09% +197.04% +198.91%] (p = 0.00 < 0.05)
                        Performance has regressed.
Found 1 outliers among 100 measurements (1.00%)
  1 (1.00%) high mild
Benchmarking transpose_copy/large_2048x2048-serial_f32/B
Benchmarking transpose_copy/large_2048x2048-serial_f32/B: Warming up for 700.00 ms
Benchmarking transpose_copy/large_2048x2048-serial_f32/B: Collecting 100 samples in estimated 3.0868 s (200 iterations)
Benchmarking transpose_copy/large_2048x2048-serial_f32/B: Analyzing
transpose_copy/large_2048x2048-serial_f32/B
                        time:   [15.300 ms 15.399 ms 15.506 ms]
                        change: [+190.90% +192.80% +194.78%] (p = 0.00 < 0.05)
                        Performance has regressed.
Found 2 outliers among 100 measurements (2.00%)
  2 (2.00%) high mild
Benchmarking transpose_copy/large_2048x2048-faer16_f32/A
Benchmarking transpose_copy/large_2048x2048-faer16_f32/A: Warming up for 700.00 ms
Benchmarking transpose_copy/large_2048x2048-faer16_f32/A: Collecting 100 samples in estimated 2.1143 s (1600 iterations)
Benchmarking transpose_copy/large_2048x2048-faer16_f32/A: Analyzing
transpose_copy/large_2048x2048-faer16_f32/A
                        time:   [1.3358 ms 1.3408 ms 1.3466 ms]
                        change: [+240.32% +241.73% +243.42%] (p = 0.00 < 0.05)
                        Performance has regressed.
Found 9 outliers among 100 measurements (9.00%)
  3 (3.00%) low mild
  4 (4.00%) high mild
  2 (2.00%) high severe
Benchmarking transpose_copy/large_2048x2048-faer16_f32/B
Benchmarking transpose_copy/large_2048x2048-faer16_f32/B: Warming up for 700.00 ms
Benchmarking transpose_copy/large_2048x2048-faer16_f32/B: Collecting 100 samples in estimated 2.1176 s (1600 iterations)
Benchmarking transpose_copy/large_2048x2048-faer16_f32/B: Analyzing
transpose_copy/large_2048x2048-faer16_f32/B
                        time:   [1.3257 ms 1.3286 ms 1.3316 ms]
                        change: [+233.62% +234.55% +235.50%] (p = 0.00 < 0.05)
                        Performance has regressed.
Found 1 outliers among 100 measurements (1.00%)
  1 (1.00%) high mild
Benchmarking transpose_copy/odd_1000x777-serial_f32/A
Benchmarking transpose_copy/odd_1000x777-serial_f32/A: Warming up for 700.00 ms
Benchmarking transpose_copy/odd_1000x777-serial_f32/A: Collecting 100 samples in estimated 2.1896 s (900 iterations)
Benchmarking transpose_copy/odd_1000x777-serial_f32/A: Analyzing
transpose_copy/odd_1000x777-serial_f32/A
                        time:   [2.3901 ms 2.3914 ms 2.3929 ms]
                        change: [+947.69% +953.32% +958.57%] (p = 0.00 < 0.05)
                        Performance has regressed.
Found 4 outliers among 100 measurements (4.00%)
  1 (1.00%) high mild
  3 (3.00%) high severe
Benchmarking transpose_copy/odd_1000x777-serial_f32/B
Benchmarking transpose_copy/odd_1000x777-serial_f32/B: Warming up for 700.00 ms
Benchmarking transpose_copy/odd_1000x777-serial_f32/B: Collecting 100 samples in estimated 2.1523 s (900 iterations)
Benchmarking transpose_copy/odd_1000x777-serial_f32/B: Analyzing
transpose_copy/odd_1000x777-serial_f32/B
                        time:   [2.3812 ms 2.3831 ms 2.3851 ms]
                        change: [+948.18% +953.24% +958.16%] (p = 0.00 < 0.05)
                        Performance has regressed.
Found 7 outliers among 100 measurements (7.00%)
  1 (1.00%) low mild
  4 (4.00%) high mild
  2 (2.00%) high severe
Benchmarking transpose_copy/odd_1000x777-faer16_f32/A
Benchmarking transpose_copy/odd_1000x777-faer16_f32/A: Warming up for 700.00 ms
Benchmarking transpose_copy/odd_1000x777-faer16_f32/A: Collecting 100 samples in estimated 3.5731 s (10k iterations)
Benchmarking transpose_copy/odd_1000x777-faer16_f32/A: Analyzing
transpose_copy/odd_1000x777-faer16_f32/A
                        time:   [356.10 µs 356.76 µs 357.41 µs]
                        change: [+439.96% +445.10% +450.32%] (p = 0.00 < 0.05)
                        Performance has regressed.
Found 6 outliers among 100 measurements (6.00%)
  2 (2.00%) low severe
  1 (1.00%) low mild
  3 (3.00%) high severe
Benchmarking transpose_copy/odd_1000x777-faer16_f32/B
Benchmarking transpose_copy/odd_1000x777-faer16_f32/B: Warming up for 700.00 ms
Benchmarking transpose_copy/odd_1000x777-faer16_f32/B: Collecting 100 samples in estimated 3.6024 s (10k iterations)
Benchmarking transpose_copy/odd_1000x777-faer16_f32/B: Analyzing
transpose_copy/odd_1000x777-faer16_f32/B
                        time:   [357.70 µs 358.32 µs 358.92 µs]
                        change: [+459.74% +463.59% +467.01%] (p = 0.00 < 0.05)
                        Performance has regressed.
Found 2 outliers among 100 measurements (2.00%)
  2 (2.00%) high mild

[harness] DeviceFaer thread pool: 16 threads (RAYON_NUM_THREADS convention)
Benchmarking assign_gates/contig_small_64x64-serial-f64/assign
Benchmarking assign_gates/contig_small_64x64-serial-f64/assign: Warming up for 700.00 ms
Benchmarking assign_gates/contig_small_64x64-serial-f64/assign: Collecting 100 samples in estimated 2.0051 s (1.9M iterations)
Benchmarking assign_gates/contig_small_64x64-serial-f64/assign: Analyzing
assign_gates/contig_small_64x64-serial-f64/assign
                        time:   [1.0175 µs 1.0180 µs 1.0187 µs]
                        change: [-2.3395% -2.2828% -2.2171%] (p = 0.00 < 0.05)
                        Performance has improved.
Found 3 outliers among 100 measurements (3.00%)
  1 (1.00%) high mild
  2 (2.00%) high severe
Benchmarking assign_gates/contig_large_2048x2048-serial-f64/assign
Benchmarking assign_gates/contig_large_2048x2048-serial-f64/assign: Warming up for 700.00 ms
Benchmarking assign_gates/contig_large_2048x2048-serial-f64/assign: Collecting 100 samples in estimated 2.1170 s (1600 iterations)
Benchmarking assign_gates/contig_large_2048x2048-serial-f64/assign: Analyzing
assign_gates/contig_large_2048x2048-serial-f64/assign
                        time:   [1.3090 ms 1.3191 ms 1.3300 ms]
                        change: [+1.9203% +6.6468% +12.377%] (p = 0.01 < 0.05)
                        Performance has regressed.
Found 16 outliers among 100 measurements (16.00%)
  16 (16.00%) high mild
Benchmarking assign_gates/sliced_t_large_2048x2048-serial-f64/assign
Benchmarking assign_gates/sliced_t_large_2048x2048-serial-f64/assign: Warming up for 700.00 ms
Benchmarking assign_gates/sliced_t_large_2048x2048-serial-f64/assign: Collecting 100 samples in estimated 2.5592 s (300 iterations)
Benchmarking assign_gates/sliced_t_large_2048x2048-serial-f64/assign: Analyzing
assign_gates/sliced_t_large_2048x2048-serial-f64/assign
                        time:   [8.4338 ms 8.4766 ms 8.5205 ms]
                        change: [-2.0434% -0.9176% +0.1665%] (p = 0.11 > 0.05)
                        No change in performance detected.
Benchmarking assign_gates/sliced_large_2048x2048-serial-f64/assign
Benchmarking assign_gates/sliced_large_2048x2048-serial-f64/assign: Warming up for 700.00 ms
Benchmarking assign_gates/sliced_large_2048x2048-serial-f64/assign: Collecting 100 samples in estimated 2.5518 s (400 iterations)
Benchmarking assign_gates/sliced_large_2048x2048-serial-f64/assign: Analyzing
assign_gates/sliced_large_2048x2048-serial-f64/assign
                        time:   [6.3382 ms 6.3414 ms 6.3448 ms]
                        change: [-0.3715% -0.1959% -0.0417%] (p = 0.02 < 0.05)
                        Change within noise threshold.
Found 4 outliers among 100 measurements (4.00%)
  4 (4.00%) high mild
Benchmarking assign_gates/sliced_t_odd_1000x777-serial-f64/assign
Benchmarking assign_gates/sliced_t_odd_1000x777-serial-f64/assign: Warming up for 700.00 ms
Benchmarking assign_gates/sliced_t_odd_1000x777-serial-f64/assign: Collecting 100 samples in estimated 2.0408 s (1700 iterations)
Benchmarking assign_gates/sliced_t_odd_1000x777-serial-f64/assign: Analyzing
assign_gates/sliced_t_odd_1000x777-serial-f64/assign
                        time:   [1.1954 ms 1.1960 ms 1.1967 ms]
                        change: [+0.4417% +0.5265% +0.6083%] (p = 0.00 < 0.05)
                        Change within noise threshold.
Found 5 outliers among 100 measurements (5.00%)
  4 (4.00%) high mild
  1 (1.00%) high severe
Benchmarking assign_gates/sliced_odd_1000x777-serial-f64/assign
Benchmarking assign_gates/sliced_odd_1000x777-serial-f64/assign: Warming up for 700.00 ms
Benchmarking assign_gates/sliced_odd_1000x777-serial-f64/assign: Collecting 100 samples in estimated 2.0021 s (1700 iterations)
Benchmarking assign_gates/sliced_odd_1000x777-serial-f64/assign: Analyzing
assign_gates/sliced_odd_1000x777-serial-f64/assign
                        time:   [1.1757 ms 1.1763 ms 1.1769 ms]
                        change: [+0.4400% +0.5145% +0.5923%] (p = 0.00 < 0.05)
                        Change within noise threshold.
Found 3 outliers among 100 measurements (3.00%)
  3 (3.00%) high severe
Benchmarking assign_gates/contig_small_64x64-faer16-f64/assign
Benchmarking assign_gates/contig_small_64x64-faer16-f64/assign: Warming up for 700.00 ms
Benchmarking assign_gates/contig_small_64x64-faer16-f64/assign: Collecting 100 samples in estimated 2.0021 s (1.9M iterations)
Benchmarking assign_gates/contig_small_64x64-faer16-f64/assign: Analyzing
assign_gates/contig_small_64x64-faer16-f64/assign
                        time:   [1.0503 µs 1.0509 µs 1.0517 µs]
                        change: [-3.7363% -3.6720% -3.5992%] (p = 0.00 < 0.05)
                        Performance has improved.
Found 8 outliers among 100 measurements (8.00%)
  3 (3.00%) high mild
  5 (5.00%) high severe
Benchmarking assign_gates/contig_large_2048x2048-faer16-f64/assign
Benchmarking assign_gates/contig_large_2048x2048-faer16-f64/assign: Warming up for 700.00 ms
Benchmarking assign_gates/contig_large_2048x2048-faer16-f64/assign: Collecting 100 samples in estimated 2.0202 s (1500 iterations)
Benchmarking assign_gates/contig_large_2048x2048-faer16-f64/assign: Analyzing
assign_gates/contig_large_2048x2048-faer16-f64/assign
                        time:   [1.3225 ms 1.3333 ms 1.3445 ms]
                        change: [-4.4266% -3.4085% -2.3374%] (p = 0.00 < 0.05)
                        Performance has improved.
Benchmarking assign_gates/sliced_t_large_2048x2048-faer16-f64/assign
Benchmarking assign_gates/sliced_t_large_2048x2048-faer16-f64/assign: Warming up for 700.00 ms
Benchmarking assign_gates/sliced_t_large_2048x2048-faer16-f64/assign: Collecting 100 samples in estimated 2.0502 s (2400 iterations)
Benchmarking assign_gates/sliced_t_large_2048x2048-faer16-f64/assign: Analyzing
assign_gates/sliced_t_large_2048x2048-faer16-f64/assign
                        time:   [817.14 µs 819.18 µs 821.30 µs]
                        change: [-1.4483% -0.9190% -0.4382%] (p = 0.00 < 0.05)
                        Change within noise threshold.
Found 1 outliers among 100 measurements (1.00%)
  1 (1.00%) high mild
Benchmarking assign_gates/sliced_large_2048x2048-faer16-f64/assign
Benchmarking assign_gates/sliced_large_2048x2048-faer16-f64/assign: Warming up for 700.00 ms

Warning: Unable to complete 100 samples in 2.0s. You may wish to increase target time to 3.6s, enable flat sampling, or reduce sample count to 50.
Benchmarking assign_gates/sliced_large_2048x2048-faer16-f64/assign: Collecting 100 samples in estimated 3.5515 s (5050 iterations)
Benchmarking assign_gates/sliced_large_2048x2048-faer16-f64/assign: Analyzing
assign_gates/sliced_large_2048x2048-faer16-f64/assign
                        time:   [705.02 µs 706.56 µs 708.09 µs]
                        change: [+0.0538% +0.4984% +0.9437%] (p = 0.03 < 0.05)
                        Change within noise threshold.
Found 5 outliers among 100 measurements (5.00%)
  1 (1.00%) low mild
  2 (2.00%) high mild
  2 (2.00%) high severe
Benchmarking assign_gates/sliced_t_odd_1000x777-faer16-f64/assign
Benchmarking assign_gates/sliced_t_odd_1000x777-faer16-f64/assign: Warming up for 700.00 ms
Benchmarking assign_gates/sliced_t_odd_1000x777-faer16-f64/assign: Collecting 100 samples in estimated 2.5040 s (10k iterations)
Benchmarking assign_gates/sliced_t_odd_1000x777-faer16-f64/assign: Analyzing
assign_gates/sliced_t_odd_1000x777-faer16-f64/assign
                        time:   [247.54 µs 247.94 µs 248.35 µs]
                        change: [-1.6412% -1.1868% -0.7308%] (p = 0.00 < 0.05)
                        Change within noise threshold.
Found 11 outliers among 100 measurements (11.00%)
  5 (5.00%) low mild
  3 (3.00%) high mild
  3 (3.00%) high severe
Benchmarking assign_gates/sliced_odd_1000x777-faer16-f64/assign
Benchmarking assign_gates/sliced_odd_1000x777-faer16-f64/assign: Warming up for 700.00 ms
Benchmarking assign_gates/sliced_odd_1000x777-faer16-f64/assign: Collecting 100 samples in estimated 2.4678 s (10k iterations)
Benchmarking assign_gates/sliced_odd_1000x777-faer16-f64/assign: Analyzing
assign_gates/sliced_odd_1000x777-faer16-f64/assign
                        time:   [243.80 µs 244.35 µs 244.96 µs]
                        change: [-1.6717% -1.2144% -0.7573%] (p = 0.00 < 0.05)
                        Change within noise threshold.
Found 4 outliers among 100 measurements (4.00%)
  1 (1.00%) low severe
  1 (1.00%) low mild
  1 (1.00%) high mild
  1 (1.00%) high severe

[harness] DeviceFaer thread pool: 16 threads (RAYON_NUM_THREADS convention)
Benchmarking orderchange_extra/to_fcontig_large_2048x2048-serial-f64/A
Benchmarking orderchange_extra/to_fcontig_large_2048x2048-serial-f64/A: Warming up for 700.00 ms

Warning: Unable to complete 100 samples in 2.0s. You may wish to increase target time to 2.0s, or reduce sample count to 90.
Benchmarking orderchange_extra/to_fcontig_large_2048x2048-serial-f64/A: Collecting 100 samples in estimated 2.0030 s (100 iterations)
Benchmarking orderchange_extra/to_fcontig_large_2048x2048-serial-f64/A: Analyzing
orderchange_extra/to_fcontig_large_2048x2048-serial-f64/A
                        time:   [19.799 ms 19.934 ms 20.080 ms]
                        change: [+91.557% +92.952% +94.608%] (p = 0.00 < 0.05)
                        Performance has regressed.
Found 4 outliers among 100 measurements (4.00%)
  4 (4.00%) high mild
Benchmarking orderchange_extra/to_fcontig_large_2048x2048-serial-f64/B
Benchmarking orderchange_extra/to_fcontig_large_2048x2048-serial-f64/B: Warming up for 700.00 ms
Benchmarking orderchange_extra/to_fcontig_large_2048x2048-serial-f64/B: Collecting 100 samples in estimated 3.3992 s (200 iterations)
Benchmarking orderchange_extra/to_fcontig_large_2048x2048-serial-f64/B: Analyzing
orderchange_extra/to_fcontig_large_2048x2048-serial-f64/B
                        time:   [16.910 ms 16.988 ms 17.069 ms]
                        change: [+198.73% +200.23% +201.75%] (p = 0.00 < 0.05)
                        Performance has regressed.
Found 2 outliers among 100 measurements (2.00%)
  2 (2.00%) high mild
Benchmarking orderchange_extra/bcast_t_large_2048x2048-serial-f64/A
Benchmarking orderchange_extra/bcast_t_large_2048x2048-serial-f64/A: Warming up for 700.00 ms
Benchmarking orderchange_extra/bcast_t_large_2048x2048-serial-f64/A: Collecting 100 samples in estimated 3.3743 s (200 iterations)
Benchmarking orderchange_extra/bcast_t_large_2048x2048-serial-f64/A: Analyzing
orderchange_extra/bcast_t_large_2048x2048-serial-f64/A
                        time:   [16.792 ms 16.813 ms 16.838 ms]
                        change: [+213.14% +214.29% +215.41%] (p = 0.00 < 0.05)
                        Performance has regressed.
Found 2 outliers among 100 measurements (2.00%)
  2 (2.00%) high severe
Benchmarking orderchange_extra/bcast_t_large_2048x2048-serial-f64/B
Benchmarking orderchange_extra/bcast_t_large_2048x2048-serial-f64/B: Warming up for 700.00 ms
Benchmarking orderchange_extra/bcast_t_large_2048x2048-serial-f64/B: Collecting 100 samples in estimated 2.5278 s (200 iterations)
Benchmarking orderchange_extra/bcast_t_large_2048x2048-serial-f64/B: Analyzing
orderchange_extra/bcast_t_large_2048x2048-serial-f64/B
                        time:   [12.570 ms 12.582 ms 12.596 ms]
                        change: [+740.88% +748.14% +755.20%] (p = 0.00 < 0.05)
                        Performance has regressed.
Found 3 outliers among 100 measurements (3.00%)
  2 (2.00%) high mild
  1 (1.00%) high severe
Benchmarking orderchange_extra/to_fcontig_odd_1000x777-serial-f64/A
Benchmarking orderchange_extra/to_fcontig_odd_1000x777-serial-f64/A: Warming up for 700.00 ms
Benchmarking orderchange_extra/to_fcontig_odd_1000x777-serial-f64/A: Collecting 100 samples in estimated 2.1999 s (900 iterations)
Benchmarking orderchange_extra/to_fcontig_odd_1000x777-serial-f64/A: Analyzing
orderchange_extra/to_fcontig_odd_1000x777-serial-f64/A
                        time:   [2.4147 ms 2.4173 ms 2.4202 ms]
                        change: [+870.06% +874.84% +879.29%] (p = 0.00 < 0.05)
                        Performance has regressed.
Found 1 outliers among 100 measurements (1.00%)
  1 (1.00%) high mild
Benchmarking orderchange_extra/to_fcontig_odd_1000x777-serial-f64/B
Benchmarking orderchange_extra/to_fcontig_odd_1000x777-serial-f64/B: Warming up for 700.00 ms
Benchmarking orderchange_extra/to_fcontig_odd_1000x777-serial-f64/B: Collecting 100 samples in estimated 2.1663 s (900 iterations)
Benchmarking orderchange_extra/to_fcontig_odd_1000x777-serial-f64/B: Analyzing
orderchange_extra/to_fcontig_odd_1000x777-serial-f64/B
                        time:   [2.3842 ms 2.3885 ms 2.3932 ms]
                        change: [+854.24% +857.13% +859.99%] (p = 0.00 < 0.05)
                        Performance has regressed.
Found 4 outliers among 100 measurements (4.00%)
  4 (4.00%) high mild
Benchmarking orderchange_extra/bcast_t_odd_1000x777-serial-f64/A
Benchmarking orderchange_extra/bcast_t_odd_1000x777-serial-f64/A: Warming up for 700.00 ms
Benchmarking orderchange_extra/bcast_t_odd_1000x777-serial-f64/A: Collecting 100 samples in estimated 2.1144 s (900 iterations)
Benchmarking orderchange_extra/bcast_t_odd_1000x777-serial-f64/A: Analyzing
orderchange_extra/bcast_t_odd_1000x777-serial-f64/A
                        time:   [2.3290 ms 2.3301 ms 2.3313 ms]
                        change: [+951.37% +957.82% +964.15%] (p = 0.00 < 0.05)
                        Performance has regressed.
Found 6 outliers among 100 measurements (6.00%)
  2 (2.00%) low mild
  1 (1.00%) high mild
  3 (3.00%) high severe
Benchmarking orderchange_extra/bcast_t_odd_1000x777-serial-f64/B
Benchmarking orderchange_extra/bcast_t_odd_1000x777-serial-f64/B: Warming up for 700.00 ms
Benchmarking orderchange_extra/bcast_t_odd_1000x777-serial-f64/B: Collecting 100 samples in estimated 2.0968 s (900 iterations)
Benchmarking orderchange_extra/bcast_t_odd_1000x777-serial-f64/B: Analyzing
orderchange_extra/bcast_t_odd_1000x777-serial-f64/B
                        time:   [2.3185 ms 2.3194 ms 2.3204 ms]
                        change: [+925.23% +929.36% +933.53%] (p = 0.00 < 0.05)
                        Performance has regressed.
Found 4 outliers among 100 measurements (4.00%)
  1 (1.00%) high mild
  3 (3.00%) high severe
Benchmarking orderchange_extra/to_fcontig_large_2048x2048-faer16-f64/A
Benchmarking orderchange_extra/to_fcontig_large_2048x2048-faer16-f64/A: Warming up for 700.00 ms
Benchmarking orderchange_extra/to_fcontig_large_2048x2048-faer16-f64/A: Collecting 100 samples in estimated 2.1551 s (200 iterations)
Benchmarking orderchange_extra/to_fcontig_large_2048x2048-faer16-f64/A: Analyzing
orderchange_extra/to_fcontig_large_2048x2048-faer16-f64/A
                        time:   [10.829 ms 10.991 ms 11.167 ms]
                        change: [+301.29% +308.71% +316.66%] (p = 0.00 < 0.05)
                        Performance has regressed.
Found 7 outliers among 100 measurements (7.00%)
  3 (3.00%) low mild
  2 (2.00%) high mild
  2 (2.00%) high severe
Benchmarking orderchange_extra/to_fcontig_large_2048x2048-faer16-f64/B
Benchmarking orderchange_extra/to_fcontig_large_2048x2048-faer16-f64/B: Warming up for 700.00 ms
Benchmarking orderchange_extra/to_fcontig_large_2048x2048-faer16-f64/B: Collecting 100 samples in estimated 2.0510 s (1400 iterations)
Benchmarking orderchange_extra/to_fcontig_large_2048x2048-faer16-f64/B: Analyzing
orderchange_extra/to_fcontig_large_2048x2048-faer16-f64/B
                        time:   [1.4502 ms 1.4546 ms 1.4592 ms]
                        change: [+166.07% +167.56% +169.01%] (p = 0.00 < 0.05)
                        Performance has regressed.
Found 1 outliers among 100 measurements (1.00%)
  1 (1.00%) high mild
Benchmarking orderchange_extra/bcast_t_large_2048x2048-faer16-f64/A
Benchmarking orderchange_extra/bcast_t_large_2048x2048-faer16-f64/A: Warming up for 700.00 ms
Benchmarking orderchange_extra/bcast_t_large_2048x2048-faer16-f64/A: Collecting 100 samples in estimated 2.2128 s (800 iterations)
Benchmarking orderchange_extra/bcast_t_large_2048x2048-faer16-f64/A: Analyzing
orderchange_extra/bcast_t_large_2048x2048-faer16-f64/A
                        time:   [2.6503 ms 2.6821 ms 2.7162 ms]
                        change: [+13.114% +15.696% +18.462%] (p = 0.00 < 0.05)
                        Performance has regressed.
Found 5 outliers among 100 measurements (5.00%)
  5 (5.00%) high mild
Benchmarking orderchange_extra/bcast_t_large_2048x2048-faer16-f64/B
Benchmarking orderchange_extra/bcast_t_large_2048x2048-faer16-f64/B: Warming up for 700.00 ms
Benchmarking orderchange_extra/bcast_t_large_2048x2048-faer16-f64/B: Collecting 100 samples in estimated 2.1124 s (1800 iterations)
Benchmarking orderchange_extra/bcast_t_large_2048x2048-faer16-f64/B: Analyzing
orderchange_extra/bcast_t_large_2048x2048-faer16-f64/B
                        time:   [1.1780 ms 1.1802 ms 1.1824 ms]
                        change: [+255.74% +257.87% +259.96%] (p = 0.00 < 0.05)
                        Performance has regressed.
Found 1 outliers among 100 measurements (1.00%)
  1 (1.00%) low mild
Benchmarking orderchange_extra/to_fcontig_odd_1000x777-faer16-f64/A
Benchmarking orderchange_extra/to_fcontig_odd_1000x777-faer16-f64/A: Warming up for 700.00 ms
Benchmarking orderchange_extra/to_fcontig_odd_1000x777-faer16-f64/A: Collecting 100 samples in estimated 3.8015 s (10k iterations)
Benchmarking orderchange_extra/to_fcontig_odd_1000x777-faer16-f64/A: Analyzing
orderchange_extra/to_fcontig_odd_1000x777-faer16-f64/A
                        time:   [377.54 µs 378.32 µs 379.11 µs]
                        change: [+297.78% +300.44% +303.17%] (p = 0.00 < 0.05)
                        Performance has regressed.
Found 2 outliers among 100 measurements (2.00%)
  1 (1.00%) low mild
  1 (1.00%) high mild
Benchmarking orderchange_extra/to_fcontig_odd_1000x777-faer16-f64/B
Benchmarking orderchange_extra/to_fcontig_odd_1000x777-faer16-f64/B: Warming up for 700.00 ms
Benchmarking orderchange_extra/to_fcontig_odd_1000x777-faer16-f64/B: Collecting 100 samples in estimated 3.6178 s (10k iterations)
Benchmarking orderchange_extra/to_fcontig_odd_1000x777-faer16-f64/B: Analyzing
orderchange_extra/to_fcontig_odd_1000x777-faer16-f64/B
                        time:   [358.24 µs 359.02 µs 359.77 µs]
                        change: [+262.16% +264.75% +267.33%] (p = 0.00 < 0.05)
                        Performance has regressed.
Found 6 outliers among 100 measurements (6.00%)
  2 (2.00%) low mild
  2 (2.00%) high mild
  2 (2.00%) high severe
Benchmarking orderchange_extra/bcast_t_odd_1000x777-faer16-f64/A
Benchmarking orderchange_extra/bcast_t_odd_1000x777-faer16-f64/A: Warming up for 700.00 ms
Benchmarking orderchange_extra/bcast_t_odd_1000x777-faer16-f64/A: Collecting 100 samples in estimated 3.5559 s (10k iterations)
Benchmarking orderchange_extra/bcast_t_odd_1000x777-faer16-f64/A: Analyzing
orderchange_extra/bcast_t_odd_1000x777-faer16-f64/A
                        time:   [353.53 µs 355.14 µs 357.01 µs]
                        change: [+287.06% +290.84% +294.42%] (p = 0.00 < 0.05)
                        Performance has regressed.
Found 5 outliers among 100 measurements (5.00%)
  2 (2.00%) high mild
  3 (3.00%) high severe
Benchmarking orderchange_extra/bcast_t_odd_1000x777-faer16-f64/B
Benchmarking orderchange_extra/bcast_t_odd_1000x777-faer16-f64/B: Warming up for 700.00 ms
Benchmarking orderchange_extra/bcast_t_odd_1000x777-faer16-f64/B: Collecting 100 samples in estimated 3.6429 s (10k iterations)
Benchmarking orderchange_extra/bcast_t_odd_1000x777-faer16-f64/B: Analyzing
orderchange_extra/bcast_t_odd_1000x777-faer16-f64/B
                        time:   [351.93 µs 352.52 µs 353.12 µs]
                        change: [+248.00% +251.29% +254.75%] (p = 0.00 < 0.05)
                        Performance has regressed.
Found 10 outliers among 100 measurements (10.00%)
  5 (5.00%) low mild
  4 (4.00%) high mild
  1 (1.00%) high severe

