   Compiling rstsr-native-impl v0.8.0 (/home/a/rstsr_pack/rstsr/rstsr-native-impl)
   Compiling rstsr-core v0.8.0 (/home/a/rstsr_pack/rstsr/rstsr-core)
   Compiling transpose-assign v0.1.0 (/home/a/rstsr_pack/rstsr-improve-trajectory/2026-09-09-transpose-assign)
    Finished `bench` profile [optimized] target(s) in 7.09s
     Running benches/transpose.rs (target/release/deps/transpose-1993fda59212409d)
Gnuplot not found, using plotters backend
[harness] DeviceFaer thread pool: 16 threads (RAYON_NUM_THREADS convention)
Benchmarking transpose_copy/small_64x64-serial_f64/A
Benchmarking transpose_copy/small_64x64-serial_f64/A: Warming up for 700.00 ms
Benchmarking transpose_copy/small_64x64-serial_f64/A: Collecting 100 samples in estimated 2.0637 s (152k iterations)
Benchmarking transpose_copy/small_64x64-serial_f64/A: Analyzing
transpose_copy/small_64x64-serial_f64/A
                        time:   [13.468 µs 13.480 µs 13.499 µs]
Found 3 outliers among 100 measurements (3.00%)
  1 (1.00%) high mild
  2 (2.00%) high severe
Benchmarking transpose_copy/small_64x64-serial_f64/B
Benchmarking transpose_copy/small_64x64-serial_f64/B: Warming up for 700.00 ms
Benchmarking transpose_copy/small_64x64-serial_f64/B: Collecting 100 samples in estimated 2.0388 s (146k iterations)
Benchmarking transpose_copy/small_64x64-serial_f64/B: Analyzing
transpose_copy/small_64x64-serial_f64/B
                        time:   [13.818 µs 13.829 µs 13.841 µs]
Found 8 outliers among 100 measurements (8.00%)
  3 (3.00%) low mild
  1 (1.00%) high mild
  4 (4.00%) high severe
Benchmarking transpose_copy/small_64x64-faer16_f64/A
Benchmarking transpose_copy/small_64x64-faer16_f64/A: Warming up for 700.00 ms
Benchmarking transpose_copy/small_64x64-faer16_f64/A: Collecting 100 samples in estimated 2.0404 s (152k iterations)
Benchmarking transpose_copy/small_64x64-faer16_f64/A: Analyzing
transpose_copy/small_64x64-faer16_f64/A
                        time:   [13.398 µs 13.404 µs 13.412 µs]
Found 7 outliers among 100 measurements (7.00%)
  2 (2.00%) high mild
  5 (5.00%) high severe
Benchmarking transpose_copy/small_64x64-faer16_f64/B
Benchmarking transpose_copy/small_64x64-faer16_f64/B: Warming up for 700.00 ms
Benchmarking transpose_copy/small_64x64-faer16_f64/B: Collecting 100 samples in estimated 2.0362 s (146k iterations)
Benchmarking transpose_copy/small_64x64-faer16_f64/B: Analyzing
transpose_copy/small_64x64-faer16_f64/B
                        time:   [13.858 µs 13.865 µs 13.873 µs]
Found 6 outliers among 100 measurements (6.00%)
  6 (6.00%) high severe
Benchmarking transpose_copy/medium_512x512-serial_f64/A
Benchmarking transpose_copy/medium_512x512-serial_f64/A: Warming up for 700.00 ms
Benchmarking transpose_copy/medium_512x512-serial_f64/A: Collecting 100 samples in estimated 2.0168 s (2500 iterations)
Benchmarking transpose_copy/medium_512x512-serial_f64/A: Analyzing
transpose_copy/medium_512x512-serial_f64/A
                        time:   [800.00 µs 800.33 µs 800.76 µs]
Found 7 outliers among 100 measurements (7.00%)
  2 (2.00%) high mild
  5 (5.00%) high severe
Benchmarking transpose_copy/medium_512x512-serial_f64/B
Benchmarking transpose_copy/medium_512x512-serial_f64/B: Warming up for 700.00 ms
Benchmarking transpose_copy/medium_512x512-serial_f64/B: Collecting 100 samples in estimated 2.0215 s (2500 iterations)
Benchmarking transpose_copy/medium_512x512-serial_f64/B: Analyzing
transpose_copy/medium_512x512-serial_f64/B
                        time:   [802.02 µs 802.49 µs 803.06 µs]
Found 9 outliers among 100 measurements (9.00%)
  1 (1.00%) low severe
  1 (1.00%) low mild
  7 (7.00%) high severe
Benchmarking transpose_copy/medium_512x512-faer16_f64/A
Benchmarking transpose_copy/medium_512x512-faer16_f64/A: Warming up for 700.00 ms
Benchmarking transpose_copy/medium_512x512-faer16_f64/A: Collecting 100 samples in estimated 2.0524 s (10k iterations)
Benchmarking transpose_copy/medium_512x512-faer16_f64/A: Analyzing
transpose_copy/medium_512x512-faer16_f64/A
                        time:   [204.42 µs 205.14 µs 205.95 µs]
Found 6 outliers among 100 measurements (6.00%)
  1 (1.00%) low mild
  3 (3.00%) high mild
  2 (2.00%) high severe
Benchmarking transpose_copy/medium_512x512-faer16_f64/B
Benchmarking transpose_copy/medium_512x512-faer16_f64/B: Warming up for 700.00 ms
Benchmarking transpose_copy/medium_512x512-faer16_f64/B: Collecting 100 samples in estimated 2.0926 s (10k iterations)
Benchmarking transpose_copy/medium_512x512-faer16_f64/B: Analyzing
transpose_copy/medium_512x512-faer16_f64/B
                        time:   [204.68 µs 205.14 µs 205.63 µs]
Found 9 outliers among 100 measurements (9.00%)
  2 (2.00%) low mild
  4 (4.00%) high mild
  3 (3.00%) high severe
Benchmarking transpose_copy/large_2048x2048-serial_f64/A
Benchmarking transpose_copy/large_2048x2048-serial_f64/A: Warming up for 700.00 ms

Warning: Unable to complete 100 samples in 2.0s. You may wish to increase target time to 2.3s, or reduce sample count to 80.
Benchmarking transpose_copy/large_2048x2048-serial_f64/A: Collecting 100 samples in estimated 2.2744 s (100 iterations)
Benchmarking transpose_copy/large_2048x2048-serial_f64/A: Analyzing
transpose_copy/large_2048x2048-serial_f64/A
                        time:   [22.476 ms 22.578 ms 22.679 ms]
Found 19 outliers among 100 measurements (19.00%)
  13 (13.00%) low mild
  5 (5.00%) high mild
  1 (1.00%) high severe
Benchmarking transpose_copy/large_2048x2048-serial_f64/B
Benchmarking transpose_copy/large_2048x2048-serial_f64/B: Warming up for 700.00 ms
Benchmarking transpose_copy/large_2048x2048-serial_f64/B: Collecting 100 samples in estimated 3.4433 s (200 iterations)
Benchmarking transpose_copy/large_2048x2048-serial_f64/B: Analyzing
transpose_copy/large_2048x2048-serial_f64/B
                        time:   [17.029 ms 17.087 ms 17.143 ms]
Found 5 outliers among 100 measurements (5.00%)
  4 (4.00%) low mild
  1 (1.00%) high mild
Benchmarking transpose_copy/large_2048x2048-faer16_f64/A
Benchmarking transpose_copy/large_2048x2048-faer16_f64/A: Warming up for 700.00 ms
Benchmarking transpose_copy/large_2048x2048-faer16_f64/A: Collecting 100 samples in estimated 2.2902 s (700 iterations)
Benchmarking transpose_copy/large_2048x2048-faer16_f64/A: Analyzing
transpose_copy/large_2048x2048-faer16_f64/A
                        time:   [3.3509 ms 3.4206 ms 3.4919 ms]
Benchmarking transpose_copy/large_2048x2048-faer16_f64/B
Benchmarking transpose_copy/large_2048x2048-faer16_f64/B: Warming up for 700.00 ms
Benchmarking transpose_copy/large_2048x2048-faer16_f64/B: Collecting 100 samples in estimated 2.0177 s (1400 iterations)
Benchmarking transpose_copy/large_2048x2048-faer16_f64/B: Analyzing
transpose_copy/large_2048x2048-faer16_f64/B
                        time:   [1.4505 ms 1.4547 ms 1.4591 ms]
Found 2 outliers among 100 measurements (2.00%)
  2 (2.00%) high mild
Benchmarking transpose_copy/odd_1000x777-serial_f64/A
Benchmarking transpose_copy/odd_1000x777-serial_f64/A: Warming up for 700.00 ms
Benchmarking transpose_copy/odd_1000x777-serial_f64/A: Collecting 100 samples in estimated 2.1747 s (900 iterations)
Benchmarking transpose_copy/odd_1000x777-serial_f64/A: Analyzing
transpose_copy/odd_1000x777-serial_f64/A
                        time:   [2.3763 ms 2.3792 ms 2.3826 ms]
Found 14 outliers among 100 measurements (14.00%)
  3 (3.00%) high mild
  11 (11.00%) high severe
Benchmarking transpose_copy/odd_1000x777-serial_f64/B
Benchmarking transpose_copy/odd_1000x777-serial_f64/B: Warming up for 700.00 ms
Benchmarking transpose_copy/odd_1000x777-serial_f64/B: Collecting 100 samples in estimated 2.1673 s (900 iterations)
Benchmarking transpose_copy/odd_1000x777-serial_f64/B: Analyzing
transpose_copy/odd_1000x777-serial_f64/B
                        time:   [2.3813 ms 2.3854 ms 2.3902 ms]
Found 15 outliers among 100 measurements (15.00%)
  1 (1.00%) low severe
  1 (1.00%) low mild
  6 (6.00%) high mild
  7 (7.00%) high severe
Benchmarking transpose_copy/odd_1000x777-faer16_f64/A
Benchmarking transpose_copy/odd_1000x777-faer16_f64/A: Warming up for 700.00 ms
Benchmarking transpose_copy/odd_1000x777-faer16_f64/A: Collecting 100 samples in estimated 3.6297 s (10k iterations)
Benchmarking transpose_copy/odd_1000x777-faer16_f64/A: Analyzing
transpose_copy/odd_1000x777-faer16_f64/A
                        time:   [365.57 µs 367.62 µs 369.93 µs]
Found 6 outliers among 100 measurements (6.00%)
  3 (3.00%) high mild
  3 (3.00%) high severe
Benchmarking transpose_copy/odd_1000x777-faer16_f64/B
Benchmarking transpose_copy/odd_1000x777-faer16_f64/B: Warming up for 700.00 ms
Benchmarking transpose_copy/odd_1000x777-faer16_f64/B: Collecting 100 samples in estimated 3.7280 s (10k iterations)
Benchmarking transpose_copy/odd_1000x777-faer16_f64/B: Analyzing
transpose_copy/odd_1000x777-faer16_f64/B
                        time:   [368.51 µs 369.88 µs 371.49 µs]
Found 9 outliers among 100 measurements (9.00%)
  1 (1.00%) low mild
  4 (4.00%) high mild
  4 (4.00%) high severe
Benchmarking transpose_copy/oddT_777x1000-serial_f64/A
Benchmarking transpose_copy/oddT_777x1000-serial_f64/A: Warming up for 700.00 ms
Benchmarking transpose_copy/oddT_777x1000-serial_f64/A: Collecting 100 samples in estimated 2.1767 s (900 iterations)
Benchmarking transpose_copy/oddT_777x1000-serial_f64/A: Analyzing
transpose_copy/oddT_777x1000-serial_f64/A
                        time:   [2.3806 ms 2.3839 ms 2.3876 ms]
Found 16 outliers among 100 measurements (16.00%)
  1 (1.00%) low mild
  9 (9.00%) high mild
  6 (6.00%) high severe
Benchmarking transpose_copy/oddT_777x1000-serial_f64/B
Benchmarking transpose_copy/oddT_777x1000-serial_f64/B: Warming up for 700.00 ms
Benchmarking transpose_copy/oddT_777x1000-serial_f64/B: Collecting 100 samples in estimated 2.1652 s (900 iterations)
Benchmarking transpose_copy/oddT_777x1000-serial_f64/B: Analyzing
transpose_copy/oddT_777x1000-serial_f64/B
                        time:   [2.3771 ms 2.3789 ms 2.3809 ms]
Found 12 outliers among 100 measurements (12.00%)
  2 (2.00%) high mild
  10 (10.00%) high severe
Benchmarking transpose_copy/oddT_777x1000-faer16_f64/A
Benchmarking transpose_copy/oddT_777x1000-faer16_f64/A: Warming up for 700.00 ms
Benchmarking transpose_copy/oddT_777x1000-faer16_f64/A: Collecting 100 samples in estimated 3.6165 s (10k iterations)
Benchmarking transpose_copy/oddT_777x1000-faer16_f64/A: Analyzing
transpose_copy/oddT_777x1000-faer16_f64/A
                        time:   [362.52 µs 363.78 µs 365.34 µs]
Found 5 outliers among 100 measurements (5.00%)
  2 (2.00%) high mild
  3 (3.00%) high severe
Benchmarking transpose_copy/oddT_777x1000-faer16_f64/B
Benchmarking transpose_copy/oddT_777x1000-faer16_f64/B: Warming up for 700.00 ms
Benchmarking transpose_copy/oddT_777x1000-faer16_f64/B: Collecting 100 samples in estimated 3.6721 s (10k iterations)
Benchmarking transpose_copy/oddT_777x1000-faer16_f64/B: Analyzing
transpose_copy/oddT_777x1000-faer16_f64/B
                        time:   [365.05 µs 365.87 µs 366.77 µs]
Found 5 outliers among 100 measurements (5.00%)
  1 (1.00%) low mild
  4 (4.00%) high mild
Benchmarking transpose_copy/large_2048x2048-serial_f32/A
Benchmarking transpose_copy/large_2048x2048-serial_f32/A: Warming up for 700.00 ms
Benchmarking transpose_copy/large_2048x2048-serial_f32/A: Collecting 100 samples in estimated 3.0795 s (200 iterations)
Benchmarking transpose_copy/large_2048x2048-serial_f32/A: Analyzing
transpose_copy/large_2048x2048-serial_f32/A
                        time:   [15.091 ms 15.137 ms 15.187 ms]
Found 11 outliers among 100 measurements (11.00%)
  8 (8.00%) high mild
  3 (3.00%) high severe
Benchmarking transpose_copy/large_2048x2048-serial_f32/B
Benchmarking transpose_copy/large_2048x2048-serial_f32/B: Warming up for 700.00 ms
Benchmarking transpose_copy/large_2048x2048-serial_f32/B: Collecting 100 samples in estimated 3.0659 s (200 iterations)
Benchmarking transpose_copy/large_2048x2048-serial_f32/B: Analyzing
transpose_copy/large_2048x2048-serial_f32/B
                        time:   [15.081 ms 15.152 ms 15.233 ms]
Found 15 outliers among 100 measurements (15.00%)
  3 (3.00%) high mild
  12 (12.00%) high severe
Benchmarking transpose_copy/large_2048x2048-faer16_f32/A
Benchmarking transpose_copy/large_2048x2048-faer16_f32/A: Warming up for 700.00 ms
Benchmarking transpose_copy/large_2048x2048-faer16_f32/A: Collecting 100 samples in estimated 2.0058 s (1500 iterations)
Benchmarking transpose_copy/large_2048x2048-faer16_f32/A: Analyzing
transpose_copy/large_2048x2048-faer16_f32/A
                        time:   [1.3519 ms 1.3574 ms 1.3642 ms]
Found 5 outliers among 100 measurements (5.00%)
  1 (1.00%) low mild
  2 (2.00%) high mild
  2 (2.00%) high severe
Benchmarking transpose_copy/large_2048x2048-faer16_f32/B
Benchmarking transpose_copy/large_2048x2048-faer16_f32/B: Warming up for 700.00 ms
Benchmarking transpose_copy/large_2048x2048-faer16_f32/B: Collecting 100 samples in estimated 2.0470 s (1500 iterations)
Benchmarking transpose_copy/large_2048x2048-faer16_f32/B: Analyzing
transpose_copy/large_2048x2048-faer16_f32/B
                        time:   [1.3624 ms 1.3667 ms 1.3712 ms]
Found 5 outliers among 100 measurements (5.00%)
  3 (3.00%) high mild
  2 (2.00%) high severe
Benchmarking transpose_copy/odd_1000x777-serial_f32/A
Benchmarking transpose_copy/odd_1000x777-serial_f32/A: Warming up for 700.00 ms
Benchmarking transpose_copy/odd_1000x777-serial_f32/A: Collecting 100 samples in estimated 2.1690 s (900 iterations)
Benchmarking transpose_copy/odd_1000x777-serial_f32/A: Analyzing
transpose_copy/odd_1000x777-serial_f32/A
                        time:   [2.3690 ms 2.3701 ms 2.3713 ms]
Found 5 outliers among 100 measurements (5.00%)
  2 (2.00%) high mild
  3 (3.00%) high severe
Benchmarking transpose_copy/odd_1000x777-serial_f32/B
Benchmarking transpose_copy/odd_1000x777-serial_f32/B: Warming up for 700.00 ms
Benchmarking transpose_copy/odd_1000x777-serial_f32/B: Collecting 100 samples in estimated 2.1518 s (900 iterations)
Benchmarking transpose_copy/odd_1000x777-serial_f32/B: Analyzing
transpose_copy/odd_1000x777-serial_f32/B
                        time:   [2.3720 ms 2.3732 ms 2.3746 ms]
Found 3 outliers among 100 measurements (3.00%)
  3 (3.00%) high severe
Benchmarking transpose_copy/odd_1000x777-faer16_f32/A
Benchmarking transpose_copy/odd_1000x777-faer16_f32/A: Warming up for 700.00 ms
Benchmarking transpose_copy/odd_1000x777-faer16_f32/A: Collecting 100 samples in estimated 3.5736 s (10k iterations)
Benchmarking transpose_copy/odd_1000x777-faer16_f32/A: Analyzing
transpose_copy/odd_1000x777-faer16_f32/A
                        time:   [358.54 µs 359.52 µs 360.59 µs]
Found 9 outliers among 100 measurements (9.00%)
  3 (3.00%) low mild
  3 (3.00%) high mild
  3 (3.00%) high severe
Benchmarking transpose_copy/odd_1000x777-faer16_f32/B
Benchmarking transpose_copy/odd_1000x777-faer16_f32/B: Warming up for 700.00 ms
Benchmarking transpose_copy/odd_1000x777-faer16_f32/B: Collecting 100 samples in estimated 3.6441 s (10k iterations)
Benchmarking transpose_copy/odd_1000x777-faer16_f32/B: Analyzing
transpose_copy/odd_1000x777-faer16_f32/B
                        time:   [363.06 µs 363.71 µs 364.40 µs]
Found 9 outliers among 100 measurements (9.00%)
  3 (3.00%) low mild
  4 (4.00%) high mild
  2 (2.00%) high severe

[harness] DeviceFaer thread pool: 16 threads (RAYON_NUM_THREADS convention)
Benchmarking assign_gates/contig_small_64x64-serial-f64/assign
Benchmarking assign_gates/contig_small_64x64-serial-f64/assign: Warming up for 700.00 ms
Benchmarking assign_gates/contig_small_64x64-serial-f64/assign: Collecting 100 samples in estimated 2.0027 s (1.9M iterations)
Benchmarking assign_gates/contig_small_64x64-serial-f64/assign: Analyzing
assign_gates/contig_small_64x64-serial-f64/assign
                        time:   [1.0440 µs 1.0450 µs 1.0459 µs]
Found 3 outliers among 100 measurements (3.00%)
  1 (1.00%) high mild
  2 (2.00%) high severe
Benchmarking assign_gates/contig_large_2048x2048-serial-f64/assign
Benchmarking assign_gates/contig_large_2048x2048-serial-f64/assign: Warming up for 700.00 ms
Benchmarking assign_gates/contig_large_2048x2048-serial-f64/assign: Collecting 100 samples in estimated 2.1297 s (1600 iterations)
Benchmarking assign_gates/contig_large_2048x2048-serial-f64/assign: Analyzing
assign_gates/contig_large_2048x2048-serial-f64/assign
                        time:   [1.3288 ms 1.3352 ms 1.3435 ms]
Found 15 outliers among 100 measurements (15.00%)
  6 (6.00%) high mild
  9 (9.00%) high severe
Benchmarking assign_gates/sliced_t_large_2048x2048-serial-f64/assign
Benchmarking assign_gates/sliced_t_large_2048x2048-serial-f64/assign: Warming up for 700.00 ms
Benchmarking assign_gates/sliced_t_large_2048x2048-serial-f64/assign: Collecting 100 samples in estimated 2.5040 s (300 iterations)
Benchmarking assign_gates/sliced_t_large_2048x2048-serial-f64/assign: Analyzing
assign_gates/sliced_t_large_2048x2048-serial-f64/assign
                        time:   [8.3335 ms 8.3630 ms 8.3945 ms]
Found 8 outliers among 100 measurements (8.00%)
  8 (8.00%) high mild
Benchmarking assign_gates/sliced_large_2048x2048-serial-f64/assign
Benchmarking assign_gates/sliced_large_2048x2048-serial-f64/assign: Warming up for 700.00 ms
Benchmarking assign_gates/sliced_large_2048x2048-serial-f64/assign: Collecting 100 samples in estimated 2.5409 s (400 iterations)
Benchmarking assign_gates/sliced_large_2048x2048-serial-f64/assign: Analyzing
assign_gates/sliced_large_2048x2048-serial-f64/assign
                        time:   [6.3387 ms 6.3443 ms 6.3501 ms]
Benchmarking assign_gates/sliced_t_odd_1000x777-serial-f64/assign
Benchmarking assign_gates/sliced_t_odd_1000x777-serial-f64/assign: Warming up for 700.00 ms
Benchmarking assign_gates/sliced_t_odd_1000x777-serial-f64/assign: Collecting 100 samples in estimated 2.0400 s (1700 iterations)
Benchmarking assign_gates/sliced_t_odd_1000x777-serial-f64/assign: Analyzing
assign_gates/sliced_t_odd_1000x777-serial-f64/assign
                        time:   [1.1917 ms 1.1924 ms 1.1932 ms]
Found 8 outliers among 100 measurements (8.00%)
  5 (5.00%) high mild
  3 (3.00%) high severe
Benchmarking assign_gates/sliced_odd_1000x777-serial-f64/assign
Benchmarking assign_gates/sliced_odd_1000x777-serial-f64/assign: Warming up for 700.00 ms
Benchmarking assign_gates/sliced_odd_1000x777-serial-f64/assign: Collecting 100 samples in estimated 2.0146 s (1700 iterations)
Benchmarking assign_gates/sliced_odd_1000x777-serial-f64/assign: Analyzing
assign_gates/sliced_odd_1000x777-serial-f64/assign
                        time:   [1.1883 ms 1.1903 ms 1.1922 ms]
Benchmarking assign_gates/contig_small_64x64-faer16-f64/assign
Benchmarking assign_gates/contig_small_64x64-faer16-f64/assign: Warming up for 700.00 ms
Benchmarking assign_gates/contig_small_64x64-faer16-f64/assign: Collecting 100 samples in estimated 2.0053 s (1.8M iterations)
Benchmarking assign_gates/contig_small_64x64-faer16-f64/assign: Analyzing
assign_gates/contig_small_64x64-faer16-f64/assign
                        time:   [1.0782 µs 1.0795 µs 1.0808 µs]
Found 24 outliers among 100 measurements (24.00%)
  11 (11.00%) low severe
  2 (2.00%) low mild
  8 (8.00%) high mild
  3 (3.00%) high severe
Benchmarking assign_gates/contig_large_2048x2048-faer16-f64/assign
Benchmarking assign_gates/contig_large_2048x2048-faer16-f64/assign: Warming up for 700.00 ms
Benchmarking assign_gates/contig_large_2048x2048-faer16-f64/assign: Collecting 100 samples in estimated 2.0263 s (1500 iterations)
Benchmarking assign_gates/contig_large_2048x2048-faer16-f64/assign: Analyzing
assign_gates/contig_large_2048x2048-faer16-f64/assign
                        time:   [1.3308 ms 1.3377 ms 1.3456 ms]
Found 12 outliers among 100 measurements (12.00%)
  3 (3.00%) high mild
  9 (9.00%) high severe
Benchmarking assign_gates/sliced_t_large_2048x2048-faer16-f64/assign
Benchmarking assign_gates/sliced_t_large_2048x2048-faer16-f64/assign: Warming up for 700.00 ms
Benchmarking assign_gates/sliced_t_large_2048x2048-faer16-f64/assign: Collecting 100 samples in estimated 2.0748 s (2400 iterations)
Benchmarking assign_gates/sliced_t_large_2048x2048-faer16-f64/assign: Analyzing
assign_gates/sliced_t_large_2048x2048-faer16-f64/assign
                        time:   [823.43 µs 826.60 µs 830.20 µs]
Found 5 outliers among 100 measurements (5.00%)
  4 (4.00%) high mild
  1 (1.00%) high severe
Benchmarking assign_gates/sliced_large_2048x2048-faer16-f64/assign
Benchmarking assign_gates/sliced_large_2048x2048-faer16-f64/assign: Warming up for 700.00 ms

Warning: Unable to complete 100 samples in 2.0s. You may wish to increase target time to 3.6s, enable flat sampling, or reduce sample count to 50.
Benchmarking assign_gates/sliced_large_2048x2048-faer16-f64/assign: Collecting 100 samples in estimated 3.6265 s (5050 iterations)
Benchmarking assign_gates/sliced_large_2048x2048-faer16-f64/assign: Analyzing
assign_gates/sliced_large_2048x2048-faer16-f64/assign
                        time:   [708.98 µs 711.18 µs 713.94 µs]
Found 8 outliers among 100 measurements (8.00%)
  2 (2.00%) low mild
  4 (4.00%) high mild
  2 (2.00%) high severe
Benchmarking assign_gates/sliced_t_odd_1000x777-faer16-f64/assign
Benchmarking assign_gates/sliced_t_odd_1000x777-faer16-f64/assign: Warming up for 700.00 ms
Benchmarking assign_gates/sliced_t_odd_1000x777-faer16-f64/assign: Collecting 100 samples in estimated 2.5910 s (10k iterations)
Benchmarking assign_gates/sliced_t_odd_1000x777-faer16-f64/assign: Analyzing
assign_gates/sliced_t_odd_1000x777-faer16-f64/assign
                        time:   [253.63 µs 254.75 µs 256.01 µs]
Found 7 outliers among 100 measurements (7.00%)
  3 (3.00%) high mild
  4 (4.00%) high severe
Benchmarking assign_gates/sliced_odd_1000x777-faer16-f64/assign
Benchmarking assign_gates/sliced_odd_1000x777-faer16-f64/assign: Warming up for 700.00 ms
Benchmarking assign_gates/sliced_odd_1000x777-faer16-f64/assign: Collecting 100 samples in estimated 2.5178 s (10k iterations)
Benchmarking assign_gates/sliced_odd_1000x777-faer16-f64/assign: Analyzing
assign_gates/sliced_odd_1000x777-faer16-f64/assign
                        time:   [247.28 µs 248.31 µs 249.51 µs]
Found 5 outliers among 100 measurements (5.00%)
  1 (1.00%) low mild
  2 (2.00%) high mild
  2 (2.00%) high severe

[harness] DeviceFaer thread pool: 16 threads (RAYON_NUM_THREADS convention)
Benchmarking orderchange_extra/to_fcontig_large_2048x2048-serial-f64/A
Benchmarking orderchange_extra/to_fcontig_large_2048x2048-serial-f64/A: Warming up for 700.00 ms

Warning: Unable to complete 100 samples in 2.0s. You may wish to increase target time to 2.1s, or reduce sample count to 90.
Benchmarking orderchange_extra/to_fcontig_large_2048x2048-serial-f64/A: Collecting 100 samples in estimated 2.1212 s (100 iterations)
Benchmarking orderchange_extra/to_fcontig_large_2048x2048-serial-f64/A: Analyzing
orderchange_extra/to_fcontig_large_2048x2048-serial-f64/A
                        time:   [20.161 ms 20.349 ms 20.547 ms]
Found 1 outliers among 100 measurements (1.00%)
  1 (1.00%) high mild
Benchmarking orderchange_extra/to_fcontig_large_2048x2048-serial-f64/B
Benchmarking orderchange_extra/to_fcontig_large_2048x2048-serial-f64/B: Warming up for 700.00 ms
Benchmarking orderchange_extra/to_fcontig_large_2048x2048-serial-f64/B: Collecting 100 samples in estimated 3.4489 s (200 iterations)
Benchmarking orderchange_extra/to_fcontig_large_2048x2048-serial-f64/B: Analyzing
orderchange_extra/to_fcontig_large_2048x2048-serial-f64/B
                        time:   [17.158 ms 17.225 ms 17.294 ms]
Found 2 outliers among 100 measurements (2.00%)
  2 (2.00%) high mild
Benchmarking orderchange_extra/bcast_t_large_2048x2048-serial-f64/A
Benchmarking orderchange_extra/bcast_t_large_2048x2048-serial-f64/A: Warming up for 700.00 ms
Benchmarking orderchange_extra/bcast_t_large_2048x2048-serial-f64/A: Collecting 100 samples in estimated 3.3616 s (200 iterations)
Benchmarking orderchange_extra/bcast_t_large_2048x2048-serial-f64/A: Analyzing
orderchange_extra/bcast_t_large_2048x2048-serial-f64/A
                        time:   [16.756 ms 16.775 ms 16.795 ms]
Found 2 outliers among 100 measurements (2.00%)
  2 (2.00%) high mild
Benchmarking orderchange_extra/bcast_t_large_2048x2048-serial-f64/B
Benchmarking orderchange_extra/bcast_t_large_2048x2048-serial-f64/B: Warming up for 700.00 ms
Benchmarking orderchange_extra/bcast_t_large_2048x2048-serial-f64/B: Collecting 100 samples in estimated 2.5275 s (200 iterations)
Benchmarking orderchange_extra/bcast_t_large_2048x2048-serial-f64/B: Analyzing
orderchange_extra/bcast_t_large_2048x2048-serial-f64/B
                        time:   [12.529 ms 12.540 ms 12.551 ms]
Found 2 outliers among 100 measurements (2.00%)
  2 (2.00%) high mild
Benchmarking orderchange_extra/to_fcontig_odd_1000x777-serial-f64/A
Benchmarking orderchange_extra/to_fcontig_odd_1000x777-serial-f64/A: Warming up for 700.00 ms
Benchmarking orderchange_extra/to_fcontig_odd_1000x777-serial-f64/A: Collecting 100 samples in estimated 2.1708 s (900 iterations)
Benchmarking orderchange_extra/to_fcontig_odd_1000x777-serial-f64/A: Analyzing
orderchange_extra/to_fcontig_odd_1000x777-serial-f64/A
                        time:   [2.4100 ms 2.4124 ms 2.4151 ms]
Found 12 outliers among 100 measurements (12.00%)
  9 (9.00%) high mild
  3 (3.00%) high severe
Benchmarking orderchange_extra/to_fcontig_odd_1000x777-serial-f64/B
Benchmarking orderchange_extra/to_fcontig_odd_1000x777-serial-f64/B: Warming up for 700.00 ms
Benchmarking orderchange_extra/to_fcontig_odd_1000x777-serial-f64/B: Collecting 100 samples in estimated 2.1741 s (900 iterations)
Benchmarking orderchange_extra/to_fcontig_odd_1000x777-serial-f64/B: Analyzing
orderchange_extra/to_fcontig_odd_1000x777-serial-f64/B
                        time:   [2.3955 ms 2.3993 ms 2.4034 ms]
Found 17 outliers among 100 measurements (17.00%)
  13 (13.00%) high mild
  4 (4.00%) high severe
Benchmarking orderchange_extra/bcast_t_odd_1000x777-serial-f64/A
Benchmarking orderchange_extra/bcast_t_odd_1000x777-serial-f64/A: Warming up for 700.00 ms
Benchmarking orderchange_extra/bcast_t_odd_1000x777-serial-f64/A: Collecting 100 samples in estimated 2.1008 s (900 iterations)
Benchmarking orderchange_extra/bcast_t_odd_1000x777-serial-f64/A: Analyzing
orderchange_extra/bcast_t_odd_1000x777-serial-f64/A
                        time:   [2.3138 ms 2.3148 ms 2.3158 ms]
Found 1 outliers among 100 measurements (1.00%)
  1 (1.00%) high mild
Benchmarking orderchange_extra/bcast_t_odd_1000x777-serial-f64/B
Benchmarking orderchange_extra/bcast_t_odd_1000x777-serial-f64/B: Warming up for 700.00 ms
Benchmarking orderchange_extra/bcast_t_odd_1000x777-serial-f64/B: Collecting 100 samples in estimated 2.0933 s (900 iterations)
Benchmarking orderchange_extra/bcast_t_odd_1000x777-serial-f64/B: Analyzing
orderchange_extra/bcast_t_odd_1000x777-serial-f64/B
                        time:   [2.3135 ms 2.3144 ms 2.3155 ms]
Found 4 outliers among 100 measurements (4.00%)
  2 (2.00%) high mild
  2 (2.00%) high severe
Benchmarking orderchange_extra/to_fcontig_large_2048x2048-faer16-f64/A
Benchmarking orderchange_extra/to_fcontig_large_2048x2048-faer16-f64/A: Warming up for 700.00 ms
Benchmarking orderchange_extra/to_fcontig_large_2048x2048-faer16-f64/A: Collecting 100 samples in estimated 2.1086 s (200 iterations)
Benchmarking orderchange_extra/to_fcontig_large_2048x2048-faer16-f64/A: Analyzing
orderchange_extra/to_fcontig_large_2048x2048-faer16-f64/A
                        time:   [10.670 ms 10.939 ms 11.224 ms]
Found 5 outliers among 100 measurements (5.00%)
  4 (4.00%) high mild
  1 (1.00%) high severe
Benchmarking orderchange_extra/to_fcontig_large_2048x2048-faer16-f64/B
Benchmarking orderchange_extra/to_fcontig_large_2048x2048-faer16-f64/B: Warming up for 700.00 ms
Benchmarking orderchange_extra/to_fcontig_large_2048x2048-faer16-f64/B: Collecting 100 samples in estimated 2.0736 s (1400 iterations)
Benchmarking orderchange_extra/to_fcontig_large_2048x2048-faer16-f64/B: Analyzing
orderchange_extra/to_fcontig_large_2048x2048-faer16-f64/B
                        time:   [1.4694 ms 1.4750 ms 1.4809 ms]
Found 4 outliers among 100 measurements (4.00%)
  4 (4.00%) high mild
Benchmarking orderchange_extra/bcast_t_large_2048x2048-faer16-f64/A
Benchmarking orderchange_extra/bcast_t_large_2048x2048-faer16-f64/A: Warming up for 700.00 ms
Benchmarking orderchange_extra/bcast_t_large_2048x2048-faer16-f64/A: Collecting 100 samples in estimated 2.2660 s (800 iterations)
Benchmarking orderchange_extra/bcast_t_large_2048x2048-faer16-f64/A: Analyzing
orderchange_extra/bcast_t_large_2048x2048-faer16-f64/A
                        time:   [2.6411 ms 2.6702 ms 2.6997 ms]
Benchmarking orderchange_extra/bcast_t_large_2048x2048-faer16-f64/B
Benchmarking orderchange_extra/bcast_t_large_2048x2048-faer16-f64/B: Warming up for 700.00 ms
Benchmarking orderchange_extra/bcast_t_large_2048x2048-faer16-f64/B: Collecting 100 samples in estimated 2.0044 s (1700 iterations)
Benchmarking orderchange_extra/bcast_t_large_2048x2048-faer16-f64/B: Analyzing
orderchange_extra/bcast_t_large_2048x2048-faer16-f64/B
                        time:   [1.1810 ms 1.1837 ms 1.1867 ms]
Found 9 outliers among 100 measurements (9.00%)
  4 (4.00%) low mild
  4 (4.00%) high mild
  1 (1.00%) high severe
Benchmarking orderchange_extra/to_fcontig_odd_1000x777-faer16-f64/A
Benchmarking orderchange_extra/to_fcontig_odd_1000x777-faer16-f64/A: Warming up for 700.00 ms
Benchmarking orderchange_extra/to_fcontig_odd_1000x777-faer16-f64/A: Collecting 100 samples in estimated 3.8239 s (10k iterations)
Benchmarking orderchange_extra/to_fcontig_odd_1000x777-faer16-f64/A: Analyzing
orderchange_extra/to_fcontig_odd_1000x777-faer16-f64/A
                        time:   [379.02 µs 380.12 µs 381.37 µs]
Found 8 outliers among 100 measurements (8.00%)
  1 (1.00%) low severe
  1 (1.00%) low mild
  3 (3.00%) high mild
  3 (3.00%) high severe
Benchmarking orderchange_extra/to_fcontig_odd_1000x777-faer16-f64/B
Benchmarking orderchange_extra/to_fcontig_odd_1000x777-faer16-f64/B: Warming up for 700.00 ms
Benchmarking orderchange_extra/to_fcontig_odd_1000x777-faer16-f64/B: Collecting 100 samples in estimated 3.6609 s (10k iterations)
Benchmarking orderchange_extra/to_fcontig_odd_1000x777-faer16-f64/B: Analyzing
orderchange_extra/to_fcontig_odd_1000x777-faer16-f64/B
                        time:   [363.62 µs 364.28 µs 364.93 µs]
Found 5 outliers among 100 measurements (5.00%)
  3 (3.00%) low mild
  2 (2.00%) high mild
Benchmarking orderchange_extra/bcast_t_odd_1000x777-faer16-f64/A
Benchmarking orderchange_extra/bcast_t_odd_1000x777-faer16-f64/A: Warming up for 700.00 ms
Benchmarking orderchange_extra/bcast_t_odd_1000x777-faer16-f64/A: Collecting 100 samples in estimated 3.6439 s (10k iterations)
Benchmarking orderchange_extra/bcast_t_odd_1000x777-faer16-f64/A: Analyzing
orderchange_extra/bcast_t_odd_1000x777-faer16-f64/A
                        time:   [358.31 µs 359.45 µs 360.90 µs]
Found 4 outliers among 100 measurements (4.00%)
  1 (1.00%) low mild
  1 (1.00%) high mild
  2 (2.00%) high severe
Benchmarking orderchange_extra/bcast_t_odd_1000x777-faer16-f64/B
Benchmarking orderchange_extra/bcast_t_odd_1000x777-faer16-f64/B: Warming up for 700.00 ms
Benchmarking orderchange_extra/bcast_t_odd_1000x777-faer16-f64/B: Collecting 100 samples in estimated 3.6168 s (10k iterations)
Benchmarking orderchange_extra/bcast_t_odd_1000x777-faer16-f64/B: Analyzing
orderchange_extra/bcast_t_odd_1000x777-faer16-f64/B
                        time:   [360.57 µs 361.49 µs 362.42 µs]
Found 3 outliers among 100 measurements (3.00%)
  1 (1.00%) low mild
  1 (1.00%) high mild
  1 (1.00%) high severe

