   Compiling autocfg v1.5.1
   Compiling proc-macro2 v1.0.107
   Compiling unicode-ident v1.0.24
   Compiling quote v1.0.47
   Compiling libm v0.2.16
   Compiling bytemuck v1.25.2
   Compiling version_check v0.9.5
   Compiling crossbeam-utils v0.8.23
   Compiling cfg-if v1.0.4
   Compiling crossbeam-epoch v0.9.21
   Compiling crossbeam-deque v0.8.8
   Compiling either v1.18.0
   Compiling nano-gemm-codegen v0.1.0
   Compiling rayon-core v1.13.0
   Compiling reborrow v0.5.5
   Compiling paste v1.0.15
   Compiling dyn-stack-macros v0.1.3
   Compiling ident_case v1.0.1
   Compiling once_cell v1.21.4
   Compiling strsim v0.11.1
   Compiling fnv v1.0.7
   Compiling bitflags v2.13.1
   Compiling serde_core v1.0.229
   Compiling seq-macro v0.3.6
   Compiling zerocopy v0.8.57
   Compiling nano-gemm-core v0.1.0
   Compiling serde v1.0.229
   Compiling heck v0.5.0
   Compiling zmij v1.0.23
   Compiling libc v0.2.189
   Compiling generativity v1.2.1
   Compiling serde_json v1.0.151
   Compiling itoa v1.0.18
   Compiling ciborium-io v0.2.2
   Compiling anstyle v1.0.14
   Compiling clap_lex v1.1.0
   Compiling rstsr-cblas-base v0.1.2
   Compiling memchr v2.8.3
   Compiling regex-syntax v0.8.11
   Compiling plotters-backend v0.3.7
   Compiling same-file v1.0.6
   Compiling cast v0.3.0
   Compiling anes v0.1.6
   Compiling rawpointer v0.2.1
   Compiling oorandom v11.1.5
   Compiling dyn-stack v0.13.2
   Compiling itertools v0.13.0
   Compiling raw-cpuid v11.6.0
   Compiling itertools v0.10.5
   Compiling pulp v0.21.5
   Compiling proc-macro2-diagnostics v0.10.1
   Compiling walkdir v2.5.0
   Compiling clap_builder v4.6.6
   Compiling num-traits v0.2.19
   Compiling matrixmultiply v0.3.11
   Compiling plotters-svg v0.3.7
   Compiling nano-gemm-c64 v0.1.0
   Compiling nano-gemm-c32 v0.1.0
   Compiling nano-gemm-f32 v0.1.0
   Compiling nano-gemm-f64 v0.1.0
   Compiling syn v2.0.119
   Compiling syn v3.0.5
   Compiling is-terminal v0.4.17
   Compiling criterion-plot v0.5.0
   Compiling rayon v1.12.0
   Compiling regex-automata v0.4.18
   Compiling num-complex v0.4.6
   Compiling num-integer v0.1.47
   Compiling plotters v0.3.7
   Compiling clap v4.6.6
   Compiling num-bigint v0.4.8
   Compiling num-iter v0.1.46
   Compiling ndarray v0.16.1
   Compiling serde_derive v1.0.229
   Compiling regex v1.13.1
   Compiling darling_core v0.20.11
   Compiling num-rational v0.4.2
   Compiling num v0.4.3
   Compiling zerocopy-derive v0.8.57
   Compiling equator-macro v0.2.1
   Compiling equator-macro v0.4.2
   Compiling faer-macros v0.21.0
   Compiling duplicate v2.0.1
   Compiling equator v0.2.2
   Compiling gemm-common v0.18.2
   Compiling qd v0.7.7
   Compiling equator v0.4.2
   Compiling faer-traits v0.22.1
   Compiling gemm-c32 v0.18.2
   Compiling gemm-c64 v0.18.2
   Compiling gemm-f32 v0.18.2
   Compiling gemm-f64 v0.18.2
   Compiling darling_macro v0.20.11
   Compiling darling v0.20.11
   Compiling tinytemplate v1.2.1
   Compiling derive_builder_core v0.20.2
   Compiling gemm v0.18.2
   Compiling derive_builder_macro v0.20.2
   Compiling derive_builder v0.20.2
   Compiling rstsr-common v0.8.0 (/home/a/rstsr_pack/rstsr/rstsr-common)
   Compiling half v2.7.1
   Compiling ciborium-ll v0.2.2
   Compiling rstsr-dtype-traits v0.8.0 (/home/a/rstsr_pack/rstsr/rstsr-dtype-traits)
   Compiling ciborium v0.2.2
   Compiling rstsr-native-impl v0.8.0 (/home/a/rstsr_pack/rstsr/rstsr-native-impl)
   Compiling criterion v0.5.1
   Compiling nano-gemm v0.1.3
   Compiling faer v0.22.6
   Compiling faer-ext v0.6.0
   Compiling rstsr-core v0.8.0 (/home/a/rstsr_pack/rstsr/rstsr-core)
   Compiling reductions v0.1.0 (/home/a/rstsr_pack/rstsr-improve-trajectory/2026-09-09-reductions)
    Finished `bench` profile [optimized] target(s) in 22.79s
     Running benches/reduce.rs (target/release/deps/reduce-8511a580996c83da)
Gnuplot not found, using plotters backend
[harness] DeviceFaer thread pool: 16 threads (RAYON_NUM_THREADS convention)
Benchmarking reduce2d/large_2048x2048-faer16_f64/sum_axis0
Benchmarking reduce2d/large_2048x2048-faer16_f64/sum_axis0: Warming up for 700.00 ms
Benchmarking reduce2d/large_2048x2048-faer16_f64/sum_axis0: Collecting 100 samples in estimated 3.3847 s (10k iterations)
Benchmarking reduce2d/large_2048x2048-faer16_f64/sum_axis0: Analyzing
reduce2d/large_2048x2048-faer16_f64/sum_axis0
                        time:   [286.34 µs 294.59 µs 303.56 µs]
                        change: [-31.089% -29.618% -27.960%] (p = 0.00 < 0.05)
                        Performance has improved.
Found 6 outliers among 100 measurements (6.00%)
  2 (2.00%) high mild
  4 (4.00%) high severe

